[2025-12-19T01:14:31.594+0000] {local_task_job_runner.py:123} INFO - ::group::Pre task execution logs
[2025-12-19T01:14:31.626+0000] {taskinstance.py:2631} INFO - Dependencies all met for dep_context=non-requeueable deps ti=<TaskInstance: transform_data.minio_to_postgresql manual__2025-12-19T01:14:30.788279+00:00 [queued]>
[2025-12-19T01:14:31.633+0000] {taskinstance.py:2631} INFO - Dependencies all met for dep_context=requeueable deps ti=<TaskInstance: transform_data.minio_to_postgresql manual__2025-12-19T01:14:30.788279+00:00 [queued]>
[2025-12-19T01:14:31.633+0000] {taskinstance.py:2884} INFO - Starting attempt 1 of 1
[2025-12-19T01:14:31.640+0000] {taskinstance.py:2907} INFO - Executing <Task(_PythonVirtualenvDecoratedOperator): minio_to_postgresql> on 2025-12-19 01:14:30.788279+00:00
[2025-12-19T01:14:31.645+0000] {warnings.py:112} WARNING - /home/***/.local/lib/python3.12/site-packages/***/task/task_runner/standard_task_runner.py:70: DeprecationWarning: This process (pid=78) is multi-threaded, use of fork() may lead to deadlocks in the child.
  pid = os.fork()

[2025-12-19T01:14:31.646+0000] {standard_task_runner.py:72} INFO - Started process 79 to run task
[2025-12-19T01:14:31.647+0000] {standard_task_runner.py:104} INFO - Running: ['***', 'tasks', 'run', 'transform_data', 'minio_to_postgresql', 'manual__2025-12-19T01:14:30.788279+00:00', '--job-id', '21', '--raw', '--subdir', 'DAGS_FOLDER/transform_data.py', '--cfg-path', '/tmp/tmpzo0lpv_5']
[2025-12-19T01:14:31.648+0000] {standard_task_runner.py:105} INFO - Job 21: Subtask minio_to_postgresql
[2025-12-19T01:14:31.718+0000] {task_command.py:467} INFO - Running <TaskInstance: transform_data.minio_to_postgresql manual__2025-12-19T01:14:30.788279+00:00 [running]> on host 5d1878a9c32a
[2025-12-19T01:14:31.832+0000] {taskinstance.py:3157} INFO - Exporting env vars: AIRFLOW_CTX_DAG_OWNER='***' AIRFLOW_CTX_DAG_ID='transform_data' AIRFLOW_CTX_TASK_ID='minio_to_postgresql' AIRFLOW_CTX_EXECUTION_DATE='2025-12-19T01:14:30.788279+00:00' AIRFLOW_CTX_TRY_NUMBER='1' AIRFLOW_CTX_DAG_RUN_ID='manual__2025-12-19T01:14:30.788279+00:00'
[2025-12-19T01:14:31.833+0000] {taskinstance.py:740} INFO - ::endgroup::
[2025-12-19T01:14:31.838+0000] {process_utils.py:186} INFO - Executing cmd: /home/***/.local/bin/python -m virtualenv /tmp/venvit4auiy0 --python=python
[2025-12-19T01:14:31.840+0000] {process_utils.py:190} INFO - Output:
[2025-12-19T01:14:32.718+0000] {process_utils.py:194} INFO - created virtual environment CPython3.12.10.final.0-64 in 396ms
[2025-12-19T01:14:32.719+0000] {process_utils.py:194} INFO -   creator CPython3Posix(dest=/tmp/venvit4auiy0, clear=False, no_vcs_ignore=False, global=False)
[2025-12-19T01:14:32.719+0000] {process_utils.py:194} INFO -   seeder FromAppData(download=False, pip=bundle, via=copy, app_data_dir=/home/***/.local/share/virtualenv)
[2025-12-19T01:14:32.719+0000] {process_utils.py:194} INFO -     added seed packages: pip==25.1.1
[2025-12-19T01:14:32.719+0000] {process_utils.py:194} INFO -   activators BashActivator,CShellActivator,FishActivator,NushellActivator,PowerShellActivator,PythonActivator
[2025-12-19T01:14:32.735+0000] {process_utils.py:186} INFO - Executing cmd: /tmp/venvit4auiy0/bin/pip install -r /tmp/venvit4auiy0/requirements.txt
[2025-12-19T01:14:32.736+0000] {process_utils.py:190} INFO - Output:
[2025-12-19T01:14:34.200+0000] {process_utils.py:194} INFO - Collecting pandas==2.3.3 (from -r /tmp/venvit4auiy0/requirements.txt (line 1))
[2025-12-19T01:14:34.343+0000] {process_utils.py:194} INFO -   Downloading pandas-2.3.3-cp312-cp312-manylinux_2_24_x86_64.manylinux_2_28_x86_64.whl.metadata (91 kB)
[2025-12-19T01:14:34.557+0000] {process_utils.py:194} INFO - Collecting psycopg2-binary (from -r /tmp/venvit4auiy0/requirements.txt (line 2))
[2025-12-19T01:14:34.583+0000] {process_utils.py:194} INFO -   Downloading psycopg2_binary-2.9.11-cp312-cp312-manylinux2014_x86_64.manylinux_2_17_x86_64.whl.metadata (4.9 kB)
[2025-12-19T01:14:34.766+0000] {process_utils.py:194} INFO - Collecting pyarrow==22.0.0 (from -r /tmp/venvit4auiy0/requirements.txt (line 3))
[2025-12-19T01:14:34.855+0000] {process_utils.py:194} INFO -   Downloading pyarrow-22.0.0-cp312-cp312-manylinux_2_28_x86_64.whl.metadata (3.2 kB)
[2025-12-19T01:14:34.989+0000] {process_utils.py:194} INFO - Collecting s3fs (from -r /tmp/venvit4auiy0/requirements.txt (line 4))
[2025-12-19T01:14:35.015+0000] {process_utils.py:194} INFO -   Downloading s3fs-2025.12.0-py3-none-any.whl.metadata (1.2 kB)
[2025-12-19T01:14:35.497+0000] {process_utils.py:194} INFO - Collecting sqlalchemy==2.0.45 (from -r /tmp/venvit4auiy0/requirements.txt (line 5))
[2025-12-19T01:14:35.530+0000] {process_utils.py:194} INFO -   Downloading sqlalchemy-2.0.45-cp312-cp312-manylinux2014_x86_64.manylinux_2_17_x86_64.manylinux_2_28_x86_64.whl.metadata (9.5 kB)
[2025-12-19T01:14:35.836+0000] {process_utils.py:194} INFO - Collecting numpy>=1.26.0 (from pandas==2.3.3->-r /tmp/venvit4auiy0/requirements.txt (line 1))
[2025-12-19T01:14:35.866+0000] {process_utils.py:194} INFO -   Downloading numpy-2.3.5-cp312-cp312-manylinux_2_27_x86_64.manylinux_2_28_x86_64.whl.metadata (62 kB)
[2025-12-19T01:14:36.032+0000] {process_utils.py:194} INFO - Collecting python-dateutil>=2.8.2 (from pandas==2.3.3->-r /tmp/venvit4auiy0/requirements.txt (line 1))
[2025-12-19T01:14:36.065+0000] {process_utils.py:194} INFO -   Downloading python_dateutil-2.9.0.post0-py2.py3-none-any.whl.metadata (8.4 kB)
[2025-12-19T01:14:36.180+0000] {process_utils.py:194} INFO - Collecting pytz>=2020.1 (from pandas==2.3.3->-r /tmp/venvit4auiy0/requirements.txt (line 1))
[2025-12-19T01:14:36.209+0000] {process_utils.py:194} INFO -   Downloading pytz-2025.2-py2.py3-none-any.whl.metadata (22 kB)
[2025-12-19T01:14:36.292+0000] {process_utils.py:194} INFO - Collecting tzdata>=2022.7 (from pandas==2.3.3->-r /tmp/venvit4auiy0/requirements.txt (line 1))
[2025-12-19T01:14:36.335+0000] {process_utils.py:194} INFO -   Downloading tzdata-2025.3-py2.py3-none-any.whl.metadata (1.4 kB)
[2025-12-19T01:14:36.566+0000] {process_utils.py:194} INFO - Collecting greenlet>=1 (from sqlalchemy==2.0.45->-r /tmp/venvit4auiy0/requirements.txt (line 5))
[2025-12-19T01:14:36.594+0000] {process_utils.py:194} INFO -   Downloading greenlet-3.3.0-cp312-cp312-manylinux_2_24_x86_64.manylinux_2_28_x86_64.whl.metadata (4.1 kB)
[2025-12-19T01:14:36.672+0000] {process_utils.py:194} INFO - Collecting typing-extensions>=4.6.0 (from sqlalchemy==2.0.45->-r /tmp/venvit4auiy0/requirements.txt (line 5))
[2025-12-19T01:14:36.698+0000] {process_utils.py:194} INFO -   Downloading typing_extensions-4.15.0-py3-none-any.whl.metadata (3.3 kB)
[2025-12-19T01:14:36.776+0000] {process_utils.py:194} INFO - Collecting aiobotocore<3.0.0,>=2.5.4 (from s3fs->-r /tmp/venvit4auiy0/requirements.txt (line 4))
[2025-12-19T01:14:36.803+0000] {process_utils.py:194} INFO -   Downloading aiobotocore-2.26.0-py3-none-any.whl.metadata (25 kB)
[2025-12-19T01:14:36.884+0000] {process_utils.py:194} INFO - Collecting fsspec==2025.12.0 (from s3fs->-r /tmp/venvit4auiy0/requirements.txt (line 4))
[2025-12-19T01:14:36.910+0000] {process_utils.py:194} INFO -   Downloading fsspec-2025.12.0-py3-none-any.whl.metadata (10 kB)
[2025-12-19T01:14:37.568+0000] {process_utils.py:194} INFO - Collecting aiohttp!=4.0.0a0,!=4.0.0a1 (from s3fs->-r /tmp/venvit4auiy0/requirements.txt (line 4))
[2025-12-19T01:14:37.597+0000] {process_utils.py:194} INFO -   Downloading aiohttp-3.13.2-cp312-cp312-manylinux2014_x86_64.manylinux_2_17_x86_64.manylinux_2_28_x86_64.whl.metadata (8.1 kB)
[2025-12-19T01:14:37.689+0000] {process_utils.py:194} INFO - Collecting aioitertools<1.0.0,>=0.5.1 (from aiobotocore<3.0.0,>=2.5.4->s3fs->-r /tmp/venvit4auiy0/requirements.txt (line 4))
[2025-12-19T01:14:37.716+0000] {process_utils.py:194} INFO -   Downloading aioitertools-0.13.0-py3-none-any.whl.metadata (3.3 kB)
[2025-12-19T01:14:38.239+0000] {process_utils.py:194} INFO - Collecting botocore<1.41.6,>=1.41.0 (from aiobotocore<3.0.0,>=2.5.4->s3fs->-r /tmp/venvit4auiy0/requirements.txt (line 4))
[2025-12-19T01:14:38.267+0000] {process_utils.py:194} INFO -   Downloading botocore-1.41.5-py3-none-any.whl.metadata (5.9 kB)
[2025-12-19T01:14:38.336+0000] {process_utils.py:194} INFO - Collecting jmespath<2.0.0,>=0.7.1 (from aiobotocore<3.0.0,>=2.5.4->s3fs->-r /tmp/venvit4auiy0/requirements.txt (line 4))
[2025-12-19T01:14:38.364+0000] {process_utils.py:194} INFO -   Downloading jmespath-1.0.1-py3-none-any.whl.metadata (7.6 kB)
[2025-12-19T01:14:38.753+0000] {process_utils.py:194} INFO - Collecting multidict<7.0.0,>=6.0.0 (from aiobotocore<3.0.0,>=2.5.4->s3fs->-r /tmp/venvit4auiy0/requirements.txt (line 4))
[2025-12-19T01:14:38.781+0000] {process_utils.py:194} INFO -   Downloading multidict-6.7.0-cp312-cp312-manylinux2014_x86_64.manylinux_2_17_x86_64.manylinux_2_28_x86_64.whl.metadata (5.3 kB)
[2025-12-19T01:14:39.090+0000] {process_utils.py:194} INFO - Collecting wrapt<2.0.0,>=1.10.10 (from aiobotocore<3.0.0,>=2.5.4->s3fs->-r /tmp/venvit4auiy0/requirements.txt (line 4))
[2025-12-19T01:14:39.119+0000] {process_utils.py:194} INFO -   Downloading wrapt-1.17.3-cp312-cp312-manylinux1_x86_64.manylinux_2_28_x86_64.manylinux_2_5_x86_64.whl.metadata (6.4 kB)
[2025-12-19T01:14:39.199+0000] {process_utils.py:194} INFO - Collecting aiohappyeyeballs>=2.5.0 (from aiohttp!=4.0.0a0,!=4.0.0a1->s3fs->-r /tmp/venvit4auiy0/requirements.txt (line 4))
[2025-12-19T01:14:39.226+0000] {process_utils.py:194} INFO -   Downloading aiohappyeyeballs-2.6.1-py3-none-any.whl.metadata (5.9 kB)
[2025-12-19T01:14:39.301+0000] {process_utils.py:194} INFO - Collecting aiosignal>=1.4.0 (from aiohttp!=4.0.0a0,!=4.0.0a1->s3fs->-r /tmp/venvit4auiy0/requirements.txt (line 4))
[2025-12-19T01:14:39.334+0000] {process_utils.py:194} INFO -   Downloading aiosignal-1.4.0-py3-none-any.whl.metadata (3.7 kB)
[2025-12-19T01:14:39.402+0000] {process_utils.py:194} INFO - Collecting attrs>=17.3.0 (from aiohttp!=4.0.0a0,!=4.0.0a1->s3fs->-r /tmp/venvit4auiy0/requirements.txt (line 4))
[2025-12-19T01:14:39.428+0000] {process_utils.py:194} INFO -   Downloading attrs-25.4.0-py3-none-any.whl.metadata (10 kB)
[2025-12-19T01:14:39.556+0000] {process_utils.py:194} INFO - Collecting frozenlist>=1.1.1 (from aiohttp!=4.0.0a0,!=4.0.0a1->s3fs->-r /tmp/venvit4auiy0/requirements.txt (line 4))
[2025-12-19T01:14:39.592+0000] {process_utils.py:194} INFO -   Downloading frozenlist-1.8.0-cp312-cp312-manylinux1_x86_64.manylinux_2_28_x86_64.manylinux_2_5_x86_64.whl.metadata (20 kB)
[2025-12-19T01:14:39.713+0000] {process_utils.py:194} INFO - Collecting propcache>=0.2.0 (from aiohttp!=4.0.0a0,!=4.0.0a1->s3fs->-r /tmp/venvit4auiy0/requirements.txt (line 4))
[2025-12-19T01:14:39.739+0000] {process_utils.py:194} INFO -   Downloading propcache-0.4.1-cp312-cp312-manylinux2014_x86_64.manylinux_2_17_x86_64.manylinux_2_28_x86_64.whl.metadata (13 kB)
[2025-12-19T01:14:40.126+0000] {process_utils.py:194} INFO - Collecting yarl<2.0,>=1.17.0 (from aiohttp!=4.0.0a0,!=4.0.0a1->s3fs->-r /tmp/venvit4auiy0/requirements.txt (line 4))
[2025-12-19T01:14:40.155+0000] {process_utils.py:194} INFO -   Downloading yarl-1.22.0-cp312-cp312-manylinux2014_x86_64.manylinux_2_17_x86_64.manylinux_2_28_x86_64.whl.metadata (75 kB)
[2025-12-19T01:14:40.253+0000] {process_utils.py:194} INFO - Collecting urllib3!=2.2.0,<3,>=1.25.4 (from botocore<1.41.6,>=1.41.0->aiobotocore<3.0.0,>=2.5.4->s3fs->-r /tmp/venvit4auiy0/requirements.txt (line 4))
[2025-12-19T01:14:40.281+0000] {process_utils.py:194} INFO -   Downloading urllib3-2.6.2-py3-none-any.whl.metadata (6.6 kB)
[2025-12-19T01:14:40.362+0000] {process_utils.py:194} INFO - Collecting six>=1.5 (from python-dateutil>=2.8.2->pandas==2.3.3->-r /tmp/venvit4auiy0/requirements.txt (line 1))
[2025-12-19T01:14:40.390+0000] {process_utils.py:194} INFO -   Downloading six-1.17.0-py2.py3-none-any.whl.metadata (1.7 kB)
[2025-12-19T01:14:40.474+0000] {process_utils.py:194} INFO - Collecting idna>=2.0 (from yarl<2.0,>=1.17.0->aiohttp!=4.0.0a0,!=4.0.0a1->s3fs->-r /tmp/venvit4auiy0/requirements.txt (line 4))
[2025-12-19T01:14:40.502+0000] {process_utils.py:194} INFO -   Downloading idna-3.11-py3-none-any.whl.metadata (8.4 kB)
[2025-12-19T01:14:40.569+0000] {process_utils.py:194} INFO - Downloading pandas-2.3.3-cp312-cp312-manylinux_2_24_x86_64.manylinux_2_28_x86_64.whl (12.4 MB)
[2025-12-19T01:14:41.765+0000] {process_utils.py:194} INFO -    ━━━━━━━━━━━━━━━━━━━━━━━━━━━━━━━━━━━━━━━━ 12.4/12.4 MB 10.5 MB/s eta 0:00:00
[2025-12-19T01:14:41.795+0000] {process_utils.py:194} INFO - Downloading pyarrow-22.0.0-cp312-cp312-manylinux_2_28_x86_64.whl (47.7 MB)
[2025-12-19T01:14:50.525+0000] {process_utils.py:194} INFO -    ━━━━━━━━━━━━━━━━━━━━━━━━━━━━━━━━━━━━━━━━ 47.7/47.7 MB 5.5 MB/s eta 0:00:00
[2025-12-19T01:14:50.554+0000] {process_utils.py:194} INFO - Downloading sqlalchemy-2.0.45-cp312-cp312-manylinux2014_x86_64.manylinux_2_17_x86_64.manylinux_2_28_x86_64.whl (3.3 MB)
[2025-12-19T01:14:51.120+0000] {process_utils.py:194} INFO -    ━━━━━━━━━━━━━━━━━━━━━━━━━━━━━━━━━━━━━━━━ 3.3/3.3 MB 5.9 MB/s eta 0:00:00
[2025-12-19T01:14:51.149+0000] {process_utils.py:194} INFO - Downloading psycopg2_binary-2.9.11-cp312-cp312-manylinux2014_x86_64.manylinux_2_17_x86_64.whl (4.2 MB)
[2025-12-19T01:14:52.033+0000] {process_utils.py:194} INFO -    ━━━━━━━━━━━━━━━━━━━━━━━━━━━━━━━━━━━━━━━━ 4.2/4.2 MB 4.6 MB/s eta 0:00:00
[2025-12-19T01:14:52.062+0000] {process_utils.py:194} INFO - Downloading s3fs-2025.12.0-py3-none-any.whl (30 kB)
[2025-12-19T01:14:52.099+0000] {process_utils.py:194} INFO - Downloading fsspec-2025.12.0-py3-none-any.whl (201 kB)
[2025-12-19T01:14:52.170+0000] {process_utils.py:194} INFO - Downloading aiobotocore-2.26.0-py3-none-any.whl (87 kB)
[2025-12-19T01:14:52.211+0000] {process_utils.py:194} INFO - Downloading aiohttp-3.13.2-cp312-cp312-manylinux2014_x86_64.manylinux_2_17_x86_64.manylinux_2_28_x86_64.whl (1.8 MB)
[2025-12-19T01:14:52.562+0000] {process_utils.py:194} INFO -    ━━━━━━━━━━━━━━━━━━━━━━━━━━━━━━━━━━━━━━━━ 1.8/1.8 MB 5.1 MB/s eta 0:00:00
[2025-12-19T01:14:52.600+0000] {process_utils.py:194} INFO - Downloading aioitertools-0.13.0-py3-none-any.whl (24 kB)
[2025-12-19T01:14:52.637+0000] {process_utils.py:194} INFO - Downloading botocore-1.41.5-py3-none-any.whl (14.3 MB)
[2025-12-19T01:14:55.717+0000] {process_utils.py:194} INFO -    ━━━━━━━━━━━━━━━━━━━━━━━━━━━━━━━━━━━━━━━━ 14.3/14.3 MB 4.7 MB/s eta 0:00:00
[2025-12-19T01:14:55.747+0000] {process_utils.py:194} INFO - Downloading jmespath-1.0.1-py3-none-any.whl (20 kB)
[2025-12-19T01:14:55.781+0000] {process_utils.py:194} INFO - Downloading multidict-6.7.0-cp312-cp312-manylinux2014_x86_64.manylinux_2_17_x86_64.manylinux_2_28_x86_64.whl (256 kB)
[2025-12-19T01:14:55.857+0000] {process_utils.py:194} INFO - Downloading python_dateutil-2.9.0.post0-py2.py3-none-any.whl (229 kB)
[2025-12-19T01:14:55.926+0000] {process_utils.py:194} INFO - Downloading urllib3-2.6.2-py3-none-any.whl (131 kB)
[2025-12-19T01:14:55.975+0000] {process_utils.py:194} INFO - Downloading wrapt-1.17.3-cp312-cp312-manylinux1_x86_64.manylinux_2_28_x86_64.manylinux_2_5_x86_64.whl (88 kB)
[2025-12-19T01:14:56.019+0000] {process_utils.py:194} INFO - Downloading yarl-1.22.0-cp312-cp312-manylinux2014_x86_64.manylinux_2_17_x86_64.manylinux_2_28_x86_64.whl (377 kB)
[2025-12-19T01:14:56.108+0000] {process_utils.py:194} INFO - Downloading aiohappyeyeballs-2.6.1-py3-none-any.whl (15 kB)
[2025-12-19T01:14:56.144+0000] {process_utils.py:194} INFO - Downloading aiosignal-1.4.0-py3-none-any.whl (7.5 kB)
[2025-12-19T01:14:56.186+0000] {process_utils.py:194} INFO - Downloading attrs-25.4.0-py3-none-any.whl (67 kB)
[2025-12-19T01:14:56.226+0000] {process_utils.py:194} INFO - Downloading frozenlist-1.8.0-cp312-cp312-manylinux1_x86_64.manylinux_2_28_x86_64.manylinux_2_5_x86_64.whl (242 kB)
[2025-12-19T01:14:56.306+0000] {process_utils.py:194} INFO - Downloading greenlet-3.3.0-cp312-cp312-manylinux_2_24_x86_64.manylinux_2_28_x86_64.whl (609 kB)
[2025-12-19T01:14:56.429+0000] {process_utils.py:194} INFO -    ━━━━━━━━━━━━━━━━━━━━━━━━━━━━━━━━━━━━━━━━ 609.9/609.9 kB 5.1 MB/s eta 0:00:00
[2025-12-19T01:14:56.457+0000] {process_utils.py:194} INFO - Downloading idna-3.11-py3-none-any.whl (71 kB)
[2025-12-19T01:14:56.498+0000] {process_utils.py:194} INFO - Downloading numpy-2.3.5-cp312-cp312-manylinux_2_27_x86_64.manylinux_2_28_x86_64.whl (16.6 MB)
[2025-12-19T01:14:59.291+0000] {process_utils.py:194} INFO -    ━━━━━━━━━━━━━━━━━━━━━━━━━━━━━━━━━━━━━━━━ 16.6/16.6 MB 5.9 MB/s eta 0:00:00
[2025-12-19T01:14:59.320+0000] {process_utils.py:194} INFO - Downloading propcache-0.4.1-cp312-cp312-manylinux2014_x86_64.manylinux_2_17_x86_64.manylinux_2_28_x86_64.whl (221 kB)
[2025-12-19T01:14:59.382+0000] {process_utils.py:194} INFO - Downloading pytz-2025.2-py2.py3-none-any.whl (509 kB)
[2025-12-19T01:14:59.485+0000] {process_utils.py:194} INFO - Downloading six-1.17.0-py2.py3-none-any.whl (11 kB)
[2025-12-19T01:14:59.517+0000] {process_utils.py:194} INFO - Downloading typing_extensions-4.15.0-py3-none-any.whl (44 kB)
[2025-12-19T01:14:59.554+0000] {process_utils.py:194} INFO - Downloading tzdata-2025.3-py2.py3-none-any.whl (348 kB)
[2025-12-19T01:14:59.785+0000] {process_utils.py:194} INFO - Installing collected packages: pytz, wrapt, urllib3, tzdata, typing-extensions, six, pyarrow, psycopg2-binary, propcache, numpy, multidict, jmespath, idna, greenlet, fsspec, frozenlist, attrs, aioitertools, aiohappyeyeballs, yarl, sqlalchemy, python-dateutil, aiosignal, pandas, botocore, aiohttp, aiobotocore, s3fs
[2025-12-19T01:15:07.380+0000] {process_utils.py:194} INFO - 
[2025-12-19T01:15:07.383+0000] {process_utils.py:194} INFO - Successfully installed aiobotocore-2.26.0 aiohappyeyeballs-2.6.1 aiohttp-3.13.2 aioitertools-0.13.0 aiosignal-1.4.0 attrs-25.4.0 botocore-1.41.5 frozenlist-1.8.0 fsspec-2025.12.0 greenlet-3.3.0 idna-3.11 jmespath-1.0.1 multidict-6.7.0 numpy-2.3.5 pandas-2.3.3 propcache-0.4.1 psycopg2-binary-2.9.11 pyarrow-22.0.0 python-dateutil-2.9.0.post0 pytz-2025.2 s3fs-2025.12.0 six-1.17.0 sqlalchemy-2.0.45 typing-extensions-4.15.0 tzdata-2025.3 urllib3-2.6.2 wrapt-1.17.3 yarl-1.22.0
[2025-12-19T01:15:07.644+0000] {process_utils.py:194} INFO - 
[2025-12-19T01:15:07.645+0000] {process_utils.py:194} INFO - [notice] A new release of pip is available: 25.1.1 -> 25.3
[2025-12-19T01:15:07.645+0000] {process_utils.py:194} INFO - [notice] To update, run: /tmp/venvit4auiy0/bin/python -m pip install --upgrade pip
[2025-12-19T01:15:08.445+0000] {process_utils.py:186} INFO - Executing cmd: /tmp/venvit4auiy0/bin/python /tmp/venv-call_k76l9d6/script.py /tmp/venv-call_k76l9d6/script.in /tmp/venv-call_k76l9d6/script.out /tmp/venv-call_k76l9d6/string_args.txt /tmp/venv-call_k76l9d6/termination.log
[2025-12-19T01:15:08.446+0000] {process_utils.py:190} INFO - Output:
[2025-12-19T01:15:11.545+0000] {process_utils.py:194} INFO - Traceback (most recent call last):
[2025-12-19T01:15:11.546+0000] {process_utils.py:194} INFO -   File "/tmp/venv-call_k76l9d6/script.py", line 77, in <module>
[2025-12-19T01:15:11.546+0000] {process_utils.py:194} INFO -     res = transform_data(*arg_dict["args"], **arg_dict["kwargs"])
[2025-12-19T01:15:11.546+0000] {process_utils.py:194} INFO -           ^^^^^^^^^^^^^^^^^^^^^^^^^^^^^^^^^^^^^^^^^^^^^^^^^^^^^^^
[2025-12-19T01:15:11.546+0000] {process_utils.py:194} INFO -   File "/tmp/venv-call_k76l9d6/script.py", line 37, in transform_data
[2025-12-19T01:15:11.546+0000] {process_utils.py:194} INFO -     df = df.drop(columns=["Outcome"])
[2025-12-19T01:15:11.546+0000] {process_utils.py:194} INFO -          ^^^^^^^^^^^^^^^^^^^^^^^^^^^^
[2025-12-19T01:15:11.547+0000] {process_utils.py:194} INFO -   File "/tmp/venvit4auiy0/lib/python3.12/site-packages/pandas/core/frame.py", line 5603, in drop
[2025-12-19T01:15:11.547+0000] {process_utils.py:194} INFO -     return super().drop(
[2025-12-19T01:15:11.547+0000] {process_utils.py:194} INFO -            ^^^^^^^^^^^^^
[2025-12-19T01:15:11.547+0000] {process_utils.py:194} INFO -   File "/tmp/venvit4auiy0/lib/python3.12/site-packages/pandas/core/generic.py", line 4810, in drop
[2025-12-19T01:15:11.547+0000] {process_utils.py:194} INFO -     obj = obj._drop_axis(labels, axis, level=level, errors=errors)
[2025-12-19T01:15:11.547+0000] {process_utils.py:194} INFO -           ^^^^^^^^^^^^^^^^^^^^^^^^^^^^^^^^^^^^^^^^^^^^^^^^^^^^^^^^
[2025-12-19T01:15:11.547+0000] {process_utils.py:194} INFO -   File "/tmp/venvit4auiy0/lib/python3.12/site-packages/pandas/core/generic.py", line 4852, in _drop_axis
[2025-12-19T01:15:11.547+0000] {process_utils.py:194} INFO -     new_axis = axis.drop(labels, errors=errors)
[2025-12-19T01:15:11.547+0000] {process_utils.py:194} INFO -                ^^^^^^^^^^^^^^^^^^^^^^^^^^^^^^^^
[2025-12-19T01:15:11.547+0000] {process_utils.py:194} INFO -   File "/tmp/venvit4auiy0/lib/python3.12/site-packages/pandas/core/indexes/base.py", line 7136, in drop
[2025-12-19T01:15:11.548+0000] {process_utils.py:194} INFO -     raise KeyError(f"{labels[mask].tolist()} not found in axis")
[2025-12-19T01:15:11.548+0000] {process_utils.py:194} INFO - KeyError: "['Outcome'] not found in axis"
[2025-12-19T01:15:12.179+0000] {taskinstance.py:3336} ERROR - Task failed with exception
Traceback (most recent call last):
  File "/home/airflow/.local/lib/python3.12/site-packages/airflow/models/taskinstance.py", line 776, in _execute_task
    result = _execute_callable(context=context, **execute_callable_kwargs)
             ^^^^^^^^^^^^^^^^^^^^^^^^^^^^^^^^^^^^^^^^^^^^^^^^^^^^^^^^^^^^^
  File "/home/airflow/.local/lib/python3.12/site-packages/airflow/models/taskinstance.py", line 742, in _execute_callable
    return ExecutionCallableRunner(
           ^^^^^^^^^^^^^^^^^^^^^^^^
  File "/home/airflow/.local/lib/python3.12/site-packages/airflow/utils/operator_helpers.py", line 252, in run
    return self.func(*args, **kwargs)
           ^^^^^^^^^^^^^^^^^^^^^^^^^^
  File "/home/airflow/.local/lib/python3.12/site-packages/airflow/models/baseoperator.py", line 424, in wrapper
    return func(self, *args, **kwargs)
           ^^^^^^^^^^^^^^^^^^^^^^^^^^^
  File "/home/airflow/.local/lib/python3.12/site-packages/airflow/decorators/base.py", line 266, in execute
    return_value = super().execute(context)
                   ^^^^^^^^^^^^^^^^^^^^^^^^
  File "/home/airflow/.local/lib/python3.12/site-packages/airflow/models/baseoperator.py", line 424, in wrapper
    return func(self, *args, **kwargs)
           ^^^^^^^^^^^^^^^^^^^^^^^^^^^
  File "/home/airflow/.local/lib/python3.12/site-packages/airflow/operators/python.py", line 505, in execute
    return super().execute(context=serializable_context)
           ^^^^^^^^^^^^^^^^^^^^^^^^^^^^^^^^^^^^^^^^^^^^^
  File "/home/airflow/.local/lib/python3.12/site-packages/airflow/models/baseoperator.py", line 424, in wrapper
    return func(self, *args, **kwargs)
           ^^^^^^^^^^^^^^^^^^^^^^^^^^^
  File "/home/airflow/.local/lib/python3.12/site-packages/airflow/operators/python.py", line 238, in execute
    return_value = self.execute_callable()
                   ^^^^^^^^^^^^^^^^^^^^^^^
  File "/home/airflow/.local/lib/python3.12/site-packages/airflow/operators/python.py", line 870, in execute_callable
    result = self._execute_python_callable_in_subprocess(python_path)
             ^^^^^^^^^^^^^^^^^^^^^^^^^^^^^^^^^^^^^^^^^^^^^^^^^^^^^^^^
  File "/home/airflow/.local/lib/python3.12/site-packages/airflow/operators/python.py", line 588, in _execute_python_callable_in_subprocess
    raise AirflowException(error_msg) from None
airflow.exceptions.AirflowException: Process returned non-zero exit status 1.
"['Outcome'] not found in axis"
[2025-12-19T01:15:12.184+0000] {taskinstance.py:1242} INFO - Marking task as FAILED. dag_id=transform_data, task_id=minio_to_postgresql, run_id=manual__2025-12-19T01:14:30.788279+00:00, execution_date=20251219T011430, start_date=20251219T011431, end_date=20251219T011512
[2025-12-19T01:15:12.209+0000] {taskinstance.py:349} INFO - ::group::Post task execution logs
[2025-12-19T01:15:12.210+0000] {standard_task_runner.py:124} ERROR - Failed to execute job 21 for task minio_to_postgresql (Process returned non-zero exit status 1.
"['Outcome'] not found in axis"; 79)
Traceback (most recent call last):
  File "/home/airflow/.local/lib/python3.12/site-packages/airflow/task/task_runner/standard_task_runner.py", line 117, in _start_by_fork
    ret = args.func(args, dag=self.dag)
          ^^^^^^^^^^^^^^^^^^^^^^^^^^^^^
  File "/home/airflow/.local/lib/python3.12/site-packages/airflow/cli/cli_config.py", line 49, in command
    return func(*args, **kwargs)
           ^^^^^^^^^^^^^^^^^^^^^
  File "/home/airflow/.local/lib/python3.12/site-packages/airflow/utils/cli.py", line 116, in wrapper
    return f(*args, **kwargs)
           ^^^^^^^^^^^^^^^^^^
  File "/home/airflow/.local/lib/python3.12/site-packages/airflow/cli/commands/task_command.py", line 483, in task_run
    task_return_code = _run_task_by_selected_method(args, _dag, ti)
                       ^^^^^^^^^^^^^^^^^^^^^^^^^^^^^^^^^^^^^^^^^^^^
  File "/home/airflow/.local/lib/python3.12/site-packages/airflow/cli/commands/task_command.py", line 256, in _run_task_by_selected_method
    return _run_raw_task(args, ti)
           ^^^^^^^^^^^^^^^^^^^^^^^
  File "/home/airflow/.local/lib/python3.12/site-packages/airflow/cli/commands/task_command.py", line 341, in _run_raw_task
    return ti._run_raw_task(
           ^^^^^^^^^^^^^^^^^
  File "/home/airflow/.local/lib/python3.12/site-packages/airflow/utils/session.py", line 97, in wrapper
    return func(*args, session=session, **kwargs)
           ^^^^^^^^^^^^^^^^^^^^^^^^^^^^^^^^^^^^^^
  File "/home/airflow/.local/lib/python3.12/site-packages/airflow/models/taskinstance.py", line 3029, in _run_raw_task
    return _run_raw_task(
           ^^^^^^^^^^^^^^
  File "/home/airflow/.local/lib/python3.12/site-packages/airflow/models/taskinstance.py", line 282, in _run_raw_task
    TaskInstance._execute_task_with_callbacks(
  File "/home/airflow/.local/lib/python3.12/site-packages/airflow/models/taskinstance.py", line 3184, in _execute_task_with_callbacks
    result = self._execute_task(context, task_orig)
             ^^^^^^^^^^^^^^^^^^^^^^^^^^^^^^^^^^^^^^
  File "/home/airflow/.local/lib/python3.12/site-packages/airflow/models/taskinstance.py", line 3208, in _execute_task
    return _execute_task(self, context, task_orig)
           ^^^^^^^^^^^^^^^^^^^^^^^^^^^^^^^^^^^^^^^
  File "/home/airflow/.local/lib/python3.12/site-packages/airflow/models/taskinstance.py", line 776, in _execute_task
    result = _execute_callable(context=context, **execute_callable_kwargs)
             ^^^^^^^^^^^^^^^^^^^^^^^^^^^^^^^^^^^^^^^^^^^^^^^^^^^^^^^^^^^^^
  File "/home/airflow/.local/lib/python3.12/site-packages/airflow/models/taskinstance.py", line 742, in _execute_callable
    return ExecutionCallableRunner(
           ^^^^^^^^^^^^^^^^^^^^^^^^
  File "/home/airflow/.local/lib/python3.12/site-packages/airflow/utils/operator_helpers.py", line 252, in run
    return self.func(*args, **kwargs)
           ^^^^^^^^^^^^^^^^^^^^^^^^^^
  File "/home/airflow/.local/lib/python3.12/site-packages/airflow/models/baseoperator.py", line 424, in wrapper
    return func(self, *args, **kwargs)
           ^^^^^^^^^^^^^^^^^^^^^^^^^^^
  File "/home/airflow/.local/lib/python3.12/site-packages/airflow/decorators/base.py", line 266, in execute
    return_value = super().execute(context)
                   ^^^^^^^^^^^^^^^^^^^^^^^^
  File "/home/airflow/.local/lib/python3.12/site-packages/airflow/models/baseoperator.py", line 424, in wrapper
    return func(self, *args, **kwargs)
           ^^^^^^^^^^^^^^^^^^^^^^^^^^^
  File "/home/airflow/.local/lib/python3.12/site-packages/airflow/operators/python.py", line 505, in execute
    return super().execute(context=serializable_context)
           ^^^^^^^^^^^^^^^^^^^^^^^^^^^^^^^^^^^^^^^^^^^^^
  File "/home/airflow/.local/lib/python3.12/site-packages/airflow/models/baseoperator.py", line 424, in wrapper
    return func(self, *args, **kwargs)
           ^^^^^^^^^^^^^^^^^^^^^^^^^^^
  File "/home/airflow/.local/lib/python3.12/site-packages/airflow/operators/python.py", line 238, in execute
    return_value = self.execute_callable()
                   ^^^^^^^^^^^^^^^^^^^^^^^
  File "/home/airflow/.local/lib/python3.12/site-packages/airflow/operators/python.py", line 870, in execute_callable
    result = self._execute_python_callable_in_subprocess(python_path)
             ^^^^^^^^^^^^^^^^^^^^^^^^^^^^^^^^^^^^^^^^^^^^^^^^^^^^^^^^
  File "/home/airflow/.local/lib/python3.12/site-packages/airflow/operators/python.py", line 588, in _execute_python_callable_in_subprocess
    raise AirflowException(error_msg) from None
airflow.exceptions.AirflowException: Process returned non-zero exit status 1.
"['Outcome'] not found in axis"
[2025-12-19T01:15:12.222+0000] {local_task_job_runner.py:266} INFO - Task exited with return code 1
[2025-12-19T01:15:12.235+0000] {taskinstance.py:3924} INFO - 0 downstream tasks scheduled from follow-on schedule check
[2025-12-19T01:15:12.236+0000] {local_task_job_runner.py:245} INFO - ::endgroup::
