[2025-12-19T01:52:12.580+0000] {local_task_job_runner.py:123} INFO - ::group::Pre task execution logs
[2025-12-19T01:52:12.604+0000] {taskinstance.py:2631} INFO - Dependencies all met for dep_context=non-requeueable deps ti=<TaskInstance: transform_data.minio_to_postgresql manual__2025-12-19T01:52:11.045011+00:00 [queued]>
[2025-12-19T01:52:12.609+0000] {taskinstance.py:2631} INFO - Dependencies all met for dep_context=requeueable deps ti=<TaskInstance: transform_data.minio_to_postgresql manual__2025-12-19T01:52:11.045011+00:00 [queued]>
[2025-12-19T01:52:12.609+0000] {taskinstance.py:2884} INFO - Starting attempt 1 of 1
[2025-12-19T01:52:12.616+0000] {taskinstance.py:2907} INFO - Executing <Task(_PythonVirtualenvDecoratedOperator): minio_to_postgresql> on 2025-12-19 01:52:11.045011+00:00
[2025-12-19T01:52:12.620+0000] {warnings.py:112} WARNING - /home/***/.local/lib/python3.12/site-packages/***/task/task_runner/standard_task_runner.py:70: DeprecationWarning: This process (pid=79) is multi-threaded, use of fork() may lead to deadlocks in the child.
  pid = os.fork()

[2025-12-19T01:52:12.621+0000] {standard_task_runner.py:72} INFO - Started process 80 to run task
[2025-12-19T01:52:12.622+0000] {standard_task_runner.py:104} INFO - Running: ['***', 'tasks', 'run', 'transform_data', 'minio_to_postgresql', 'manual__2025-12-19T01:52:11.045011+00:00', '--job-id', '30', '--raw', '--subdir', 'DAGS_FOLDER/transform_data.py', '--cfg-path', '/tmp/tmp2yrwj1lg']
[2025-12-19T01:52:12.623+0000] {standard_task_runner.py:105} INFO - Job 30: Subtask minio_to_postgresql
[2025-12-19T01:52:12.666+0000] {task_command.py:467} INFO - Running <TaskInstance: transform_data.minio_to_postgresql manual__2025-12-19T01:52:11.045011+00:00 [running]> on host 262617349b57
[2025-12-19T01:52:12.729+0000] {taskinstance.py:3157} INFO - Exporting env vars: AIRFLOW_CTX_DAG_OWNER='***' AIRFLOW_CTX_DAG_ID='transform_data' AIRFLOW_CTX_TASK_ID='minio_to_postgresql' AIRFLOW_CTX_EXECUTION_DATE='2025-12-19T01:52:11.045011+00:00' AIRFLOW_CTX_TRY_NUMBER='1' AIRFLOW_CTX_DAG_RUN_ID='manual__2025-12-19T01:52:11.045011+00:00'
[2025-12-19T01:52:12.730+0000] {taskinstance.py:740} INFO - ::endgroup::
[2025-12-19T01:52:12.733+0000] {process_utils.py:186} INFO - Executing cmd: /home/***/.local/bin/python -m virtualenv /tmp/venv4sft7ryx --python=python
[2025-12-19T01:52:12.734+0000] {process_utils.py:190} INFO - Output:
[2025-12-19T01:52:13.735+0000] {process_utils.py:194} INFO - created virtual environment CPython3.12.10.final.0-64 in 448ms
[2025-12-19T01:52:13.736+0000] {process_utils.py:194} INFO -   creator CPython3Posix(dest=/tmp/venv4sft7ryx, clear=False, no_vcs_ignore=False, global=False)
[2025-12-19T01:52:13.736+0000] {process_utils.py:194} INFO -   seeder FromAppData(download=False, pip=bundle, via=copy, app_data_dir=/home/***/.local/share/virtualenv)
[2025-12-19T01:52:13.736+0000] {process_utils.py:194} INFO -     added seed packages: pip==25.1.1
[2025-12-19T01:52:13.737+0000] {process_utils.py:194} INFO -   activators BashActivator,CShellActivator,FishActivator,NushellActivator,PowerShellActivator,PythonActivator
[2025-12-19T01:52:13.755+0000] {process_utils.py:186} INFO - Executing cmd: /tmp/venv4sft7ryx/bin/pip install -r /tmp/venv4sft7ryx/requirements.txt
[2025-12-19T01:52:13.756+0000] {process_utils.py:190} INFO - Output:
[2025-12-19T01:52:15.210+0000] {process_utils.py:194} INFO - Collecting pandas==2.3.3 (from -r /tmp/venv4sft7ryx/requirements.txt (line 1))
[2025-12-19T01:52:15.367+0000] {process_utils.py:194} INFO -   Downloading pandas-2.3.3-cp312-cp312-manylinux_2_24_x86_64.manylinux_2_28_x86_64.whl.metadata (91 kB)
[2025-12-19T01:52:15.553+0000] {process_utils.py:194} INFO - Collecting psycopg2-binary (from -r /tmp/venv4sft7ryx/requirements.txt (line 2))
[2025-12-19T01:52:15.584+0000] {process_utils.py:194} INFO -   Downloading psycopg2_binary-2.9.11-cp312-cp312-manylinux2014_x86_64.manylinux_2_17_x86_64.whl.metadata (4.9 kB)
[2025-12-19T01:52:15.726+0000] {process_utils.py:194} INFO - Collecting pyarrow==22.0.0 (from -r /tmp/venv4sft7ryx/requirements.txt (line 3))
[2025-12-19T01:52:15.757+0000] {process_utils.py:194} INFO -   Downloading pyarrow-22.0.0-cp312-cp312-manylinux_2_28_x86_64.whl.metadata (3.2 kB)
[2025-12-19T01:52:15.852+0000] {process_utils.py:194} INFO - Collecting s3fs (from -r /tmp/venv4sft7ryx/requirements.txt (line 4))
[2025-12-19T01:52:15.879+0000] {process_utils.py:194} INFO -   Downloading s3fs-2025.12.0-py3-none-any.whl.metadata (1.2 kB)
[2025-12-19T01:52:16.202+0000] {process_utils.py:194} INFO - Collecting sqlalchemy==2.0.45 (from -r /tmp/venv4sft7ryx/requirements.txt (line 5))
[2025-12-19T01:52:16.240+0000] {process_utils.py:194} INFO -   Downloading sqlalchemy-2.0.45-cp312-cp312-manylinux2014_x86_64.manylinux_2_17_x86_64.manylinux_2_28_x86_64.whl.metadata (9.5 kB)
[2025-12-19T01:52:16.455+0000] {process_utils.py:194} INFO - Collecting numpy>=1.26.0 (from pandas==2.3.3->-r /tmp/venv4sft7ryx/requirements.txt (line 1))
[2025-12-19T01:52:16.481+0000] {process_utils.py:194} INFO -   Downloading numpy-2.3.5-cp312-cp312-manylinux_2_27_x86_64.manylinux_2_28_x86_64.whl.metadata (62 kB)
[2025-12-19T01:52:16.565+0000] {process_utils.py:194} INFO - Collecting python-dateutil>=2.8.2 (from pandas==2.3.3->-r /tmp/venv4sft7ryx/requirements.txt (line 1))
[2025-12-19T01:52:16.593+0000] {process_utils.py:194} INFO -   Downloading python_dateutil-2.9.0.post0-py2.py3-none-any.whl.metadata (8.4 kB)
[2025-12-19T01:52:16.684+0000] {process_utils.py:194} INFO - Collecting pytz>=2020.1 (from pandas==2.3.3->-r /tmp/venv4sft7ryx/requirements.txt (line 1))
[2025-12-19T01:52:16.710+0000] {process_utils.py:194} INFO -   Downloading pytz-2025.2-py2.py3-none-any.whl.metadata (22 kB)
[2025-12-19T01:52:16.780+0000] {process_utils.py:194} INFO - Collecting tzdata>=2022.7 (from pandas==2.3.3->-r /tmp/venv4sft7ryx/requirements.txt (line 1))
[2025-12-19T01:52:16.810+0000] {process_utils.py:194} INFO -   Downloading tzdata-2025.3-py2.py3-none-any.whl.metadata (1.4 kB)
[2025-12-19T01:52:16.987+0000] {process_utils.py:194} INFO - Collecting greenlet>=1 (from sqlalchemy==2.0.45->-r /tmp/venv4sft7ryx/requirements.txt (line 5))
[2025-12-19T01:52:17.221+0000] {process_utils.py:194} INFO -   Downloading greenlet-3.3.0-cp312-cp312-manylinux_2_24_x86_64.manylinux_2_28_x86_64.whl.metadata (4.1 kB)
[2025-12-19T01:52:17.315+0000] {process_utils.py:194} INFO - Collecting typing-extensions>=4.6.0 (from sqlalchemy==2.0.45->-r /tmp/venv4sft7ryx/requirements.txt (line 5))
[2025-12-19T01:52:17.346+0000] {process_utils.py:194} INFO -   Downloading typing_extensions-4.15.0-py3-none-any.whl.metadata (3.3 kB)
[2025-12-19T01:52:17.430+0000] {process_utils.py:194} INFO - Collecting aiobotocore<3.0.0,>=2.5.4 (from s3fs->-r /tmp/venv4sft7ryx/requirements.txt (line 4))
[2025-12-19T01:52:17.459+0000] {process_utils.py:194} INFO -   Downloading aiobotocore-2.26.0-py3-none-any.whl.metadata (25 kB)
[2025-12-19T01:52:17.543+0000] {process_utils.py:194} INFO - Collecting fsspec==2025.12.0 (from s3fs->-r /tmp/venv4sft7ryx/requirements.txt (line 4))
[2025-12-19T01:52:17.570+0000] {process_utils.py:194} INFO -   Downloading fsspec-2025.12.0-py3-none-any.whl.metadata (10 kB)
[2025-12-19T01:52:18.072+0000] {process_utils.py:194} INFO - Collecting aiohttp!=4.0.0a0,!=4.0.0a1 (from s3fs->-r /tmp/venv4sft7ryx/requirements.txt (line 4))
[2025-12-19T01:52:18.101+0000] {process_utils.py:194} INFO -   Downloading aiohttp-3.13.2-cp312-cp312-manylinux2014_x86_64.manylinux_2_17_x86_64.manylinux_2_28_x86_64.whl.metadata (8.1 kB)
[2025-12-19T01:52:18.191+0000] {process_utils.py:194} INFO - Collecting aioitertools<1.0.0,>=0.5.1 (from aiobotocore<3.0.0,>=2.5.4->s3fs->-r /tmp/venv4sft7ryx/requirements.txt (line 4))
[2025-12-19T01:52:18.220+0000] {process_utils.py:194} INFO -   Downloading aioitertools-0.13.0-py3-none-any.whl.metadata (3.3 kB)
[2025-12-19T01:52:18.622+0000] {process_utils.py:194} INFO - Collecting botocore<1.41.6,>=1.41.0 (from aiobotocore<3.0.0,>=2.5.4->s3fs->-r /tmp/venv4sft7ryx/requirements.txt (line 4))
[2025-12-19T01:52:18.655+0000] {process_utils.py:194} INFO -   Downloading botocore-1.41.5-py3-none-any.whl.metadata (5.9 kB)
[2025-12-19T01:52:18.752+0000] {process_utils.py:194} INFO - Collecting jmespath<2.0.0,>=0.7.1 (from aiobotocore<3.0.0,>=2.5.4->s3fs->-r /tmp/venv4sft7ryx/requirements.txt (line 4))
[2025-12-19T01:52:18.781+0000] {process_utils.py:194} INFO -   Downloading jmespath-1.0.1-py3-none-any.whl.metadata (7.6 kB)
[2025-12-19T01:52:19.038+0000] {process_utils.py:194} INFO - Collecting multidict<7.0.0,>=6.0.0 (from aiobotocore<3.0.0,>=2.5.4->s3fs->-r /tmp/venv4sft7ryx/requirements.txt (line 4))
[2025-12-19T01:52:19.065+0000] {process_utils.py:194} INFO -   Downloading multidict-6.7.0-cp312-cp312-manylinux2014_x86_64.manylinux_2_17_x86_64.manylinux_2_28_x86_64.whl.metadata (5.3 kB)
[2025-12-19T01:52:19.293+0000] {process_utils.py:194} INFO - Collecting wrapt<2.0.0,>=1.10.10 (from aiobotocore<3.0.0,>=2.5.4->s3fs->-r /tmp/venv4sft7ryx/requirements.txt (line 4))
[2025-12-19T01:52:19.321+0000] {process_utils.py:194} INFO -   Downloading wrapt-1.17.3-cp312-cp312-manylinux1_x86_64.manylinux_2_28_x86_64.manylinux_2_5_x86_64.whl.metadata (6.4 kB)
[2025-12-19T01:52:19.398+0000] {process_utils.py:194} INFO - Collecting aiohappyeyeballs>=2.5.0 (from aiohttp!=4.0.0a0,!=4.0.0a1->s3fs->-r /tmp/venv4sft7ryx/requirements.txt (line 4))
[2025-12-19T01:52:19.428+0000] {process_utils.py:194} INFO -   Downloading aiohappyeyeballs-2.6.1-py3-none-any.whl.metadata (5.9 kB)
[2025-12-19T01:52:19.500+0000] {process_utils.py:194} INFO - Collecting aiosignal>=1.4.0 (from aiohttp!=4.0.0a0,!=4.0.0a1->s3fs->-r /tmp/venv4sft7ryx/requirements.txt (line 4))
[2025-12-19T01:52:19.530+0000] {process_utils.py:194} INFO -   Downloading aiosignal-1.4.0-py3-none-any.whl.metadata (3.7 kB)
[2025-12-19T01:52:19.616+0000] {process_utils.py:194} INFO - Collecting attrs>=17.3.0 (from aiohttp!=4.0.0a0,!=4.0.0a1->s3fs->-r /tmp/venv4sft7ryx/requirements.txt (line 4))
[2025-12-19T01:52:19.646+0000] {process_utils.py:194} INFO -   Downloading attrs-25.4.0-py3-none-any.whl.metadata (10 kB)
[2025-12-19T01:52:19.771+0000] {process_utils.py:194} INFO - Collecting frozenlist>=1.1.1 (from aiohttp!=4.0.0a0,!=4.0.0a1->s3fs->-r /tmp/venv4sft7ryx/requirements.txt (line 4))
[2025-12-19T01:52:19.805+0000] {process_utils.py:194} INFO -   Downloading frozenlist-1.8.0-cp312-cp312-manylinux1_x86_64.manylinux_2_28_x86_64.manylinux_2_5_x86_64.whl.metadata (20 kB)
[2025-12-19T01:52:19.920+0000] {process_utils.py:194} INFO - Collecting propcache>=0.2.0 (from aiohttp!=4.0.0a0,!=4.0.0a1->s3fs->-r /tmp/venv4sft7ryx/requirements.txt (line 4))
[2025-12-19T01:52:19.947+0000] {process_utils.py:194} INFO -   Downloading propcache-0.4.1-cp312-cp312-manylinux2014_x86_64.manylinux_2_17_x86_64.manylinux_2_28_x86_64.whl.metadata (13 kB)
[2025-12-19T01:52:20.207+0000] {process_utils.py:194} INFO - Collecting yarl<2.0,>=1.17.0 (from aiohttp!=4.0.0a0,!=4.0.0a1->s3fs->-r /tmp/venv4sft7ryx/requirements.txt (line 4))
[2025-12-19T01:52:20.238+0000] {process_utils.py:194} INFO -   Downloading yarl-1.22.0-cp312-cp312-manylinux2014_x86_64.manylinux_2_17_x86_64.manylinux_2_28_x86_64.whl.metadata (75 kB)
[2025-12-19T01:52:20.340+0000] {process_utils.py:194} INFO - Collecting urllib3!=2.2.0,<3,>=1.25.4 (from botocore<1.41.6,>=1.41.0->aiobotocore<3.0.0,>=2.5.4->s3fs->-r /tmp/venv4sft7ryx/requirements.txt (line 4))
[2025-12-19T01:52:20.367+0000] {process_utils.py:194} INFO -   Downloading urllib3-2.6.2-py3-none-any.whl.metadata (6.6 kB)
[2025-12-19T01:52:20.432+0000] {process_utils.py:194} INFO - Collecting six>=1.5 (from python-dateutil>=2.8.2->pandas==2.3.3->-r /tmp/venv4sft7ryx/requirements.txt (line 1))
[2025-12-19T01:52:20.463+0000] {process_utils.py:194} INFO -   Downloading six-1.17.0-py2.py3-none-any.whl.metadata (1.7 kB)
[2025-12-19T01:52:20.528+0000] {process_utils.py:194} INFO - Collecting idna>=2.0 (from yarl<2.0,>=1.17.0->aiohttp!=4.0.0a0,!=4.0.0a1->s3fs->-r /tmp/venv4sft7ryx/requirements.txt (line 4))
[2025-12-19T01:52:20.557+0000] {process_utils.py:194} INFO -   Downloading idna-3.11-py3-none-any.whl.metadata (8.4 kB)
[2025-12-19T01:52:20.609+0000] {process_utils.py:194} INFO - Downloading pandas-2.3.3-cp312-cp312-manylinux_2_24_x86_64.manylinux_2_28_x86_64.whl (12.4 MB)
[2025-12-19T01:52:24.160+0000] {process_utils.py:194} INFO -    ━━━━━━━━━━━━━━━━━━━━━━━━━━━━━━━━━━━━━━━━ 12.4/12.4 MB 3.5 MB/s eta 0:00:00
[2025-12-19T01:52:24.201+0000] {process_utils.py:194} INFO - Downloading pyarrow-22.0.0-cp312-cp312-manylinux_2_28_x86_64.whl (47.7 MB)
[2025-12-19T01:52:38.993+0000] {process_utils.py:194} INFO -    ━━━━━━━━━━━━━━━━━━━━━━━━━━━━━━━━━━━━━━━━ 47.7/47.7 MB 3.2 MB/s eta 0:00:00
[2025-12-19T01:52:39.022+0000] {process_utils.py:194} INFO - Downloading sqlalchemy-2.0.45-cp312-cp312-manylinux2014_x86_64.manylinux_2_17_x86_64.manylinux_2_28_x86_64.whl (3.3 MB)
[2025-12-19T01:52:39.763+0000] {process_utils.py:194} INFO -    ━━━━━━━━━━━━━━━━━━━━━━━━━━━━━━━━━━━━━━━━ 3.3/3.3 MB 4.5 MB/s eta 0:00:00
[2025-12-19T01:52:39.794+0000] {process_utils.py:194} INFO - Downloading psycopg2_binary-2.9.11-cp312-cp312-manylinux2014_x86_64.manylinux_2_17_x86_64.whl (4.2 MB)
[2025-12-19T01:52:40.587+0000] {process_utils.py:194} INFO -    ━━━━━━━━━━━━━━━━━━━━━━━━━━━━━━━━━━━━━━━━ 4.2/4.2 MB 5.3 MB/s eta 0:00:00
[2025-12-19T01:52:40.613+0000] {process_utils.py:194} INFO - Downloading s3fs-2025.12.0-py3-none-any.whl (30 kB)
[2025-12-19T01:52:40.650+0000] {process_utils.py:194} INFO - Downloading fsspec-2025.12.0-py3-none-any.whl (201 kB)
[2025-12-19T01:52:40.713+0000] {process_utils.py:194} INFO - Downloading aiobotocore-2.26.0-py3-none-any.whl (87 kB)
[2025-12-19T01:52:40.759+0000] {process_utils.py:194} INFO - Downloading aiohttp-3.13.2-cp312-cp312-manylinux2014_x86_64.manylinux_2_17_x86_64.manylinux_2_28_x86_64.whl (1.8 MB)
[2025-12-19T01:52:41.077+0000] {process_utils.py:194} INFO -    ━━━━━━━━━━━━━━━━━━━━━━━━━━━━━━━━━━━━━━━━ 1.8/1.8 MB 5.6 MB/s eta 0:00:00
[2025-12-19T01:52:41.117+0000] {process_utils.py:194} INFO - Downloading aioitertools-0.13.0-py3-none-any.whl (24 kB)
[2025-12-19T01:52:41.147+0000] {process_utils.py:194} INFO - Downloading botocore-1.41.5-py3-none-any.whl (14.3 MB)
[2025-12-19T01:52:45.160+0000] {process_utils.py:194} INFO -    ━━━━━━━━━━━━━━━━━━━━━━━━━━━━━━━━━━━━━━━━ 14.3/14.3 MB 3.6 MB/s eta 0:00:00
[2025-12-19T01:52:45.200+0000] {process_utils.py:194} INFO - Downloading jmespath-1.0.1-py3-none-any.whl (20 kB)
[2025-12-19T01:52:45.236+0000] {process_utils.py:194} INFO - Downloading multidict-6.7.0-cp312-cp312-manylinux2014_x86_64.manylinux_2_17_x86_64.manylinux_2_28_x86_64.whl (256 kB)
[2025-12-19T01:52:45.323+0000] {process_utils.py:194} INFO - Downloading python_dateutil-2.9.0.post0-py2.py3-none-any.whl (229 kB)
[2025-12-19T01:52:45.396+0000] {process_utils.py:194} INFO - Downloading urllib3-2.6.2-py3-none-any.whl (131 kB)
[2025-12-19T01:52:45.449+0000] {process_utils.py:194} INFO - Downloading wrapt-1.17.3-cp312-cp312-manylinux1_x86_64.manylinux_2_28_x86_64.manylinux_2_5_x86_64.whl (88 kB)
[2025-12-19T01:52:45.499+0000] {process_utils.py:194} INFO - Downloading yarl-1.22.0-cp312-cp312-manylinux2014_x86_64.manylinux_2_17_x86_64.manylinux_2_28_x86_64.whl (377 kB)
[2025-12-19T01:52:45.597+0000] {process_utils.py:194} INFO - Downloading aiohappyeyeballs-2.6.1-py3-none-any.whl (15 kB)
[2025-12-19T01:52:45.633+0000] {process_utils.py:194} INFO - Downloading aiosignal-1.4.0-py3-none-any.whl (7.5 kB)
[2025-12-19T01:52:45.673+0000] {process_utils.py:194} INFO - Downloading attrs-25.4.0-py3-none-any.whl (67 kB)
[2025-12-19T01:52:45.716+0000] {process_utils.py:194} INFO - Downloading frozenlist-1.8.0-cp312-cp312-manylinux1_x86_64.manylinux_2_28_x86_64.manylinux_2_5_x86_64.whl (242 kB)
[2025-12-19T01:52:45.788+0000] {process_utils.py:194} INFO - Downloading greenlet-3.3.0-cp312-cp312-manylinux_2_24_x86_64.manylinux_2_28_x86_64.whl (609 kB)
[2025-12-19T01:52:45.951+0000] {process_utils.py:194} INFO -    ━━━━━━━━━━━━━━━━━━━━━━━━━━━━━━━━━━━━━━━━ 609.9/609.9 kB 3.1 MB/s eta 0:00:00
[2025-12-19T01:52:45.984+0000] {process_utils.py:194} INFO - Downloading idna-3.11-py3-none-any.whl (71 kB)
[2025-12-19T01:52:46.022+0000] {process_utils.py:194} INFO - Downloading numpy-2.3.5-cp312-cp312-manylinux_2_27_x86_64.manylinux_2_28_x86_64.whl (16.6 MB)
[2025-12-19T01:52:51.653+0000] {process_utils.py:194} INFO -    ━━━━━━━━━━━━━━━━━━━━━━━━━━━━━━━━━━━━━━━━ 16.6/16.6 MB 2.9 MB/s eta 0:00:00
[2025-12-19T01:52:51.687+0000] {process_utils.py:194} INFO - Downloading propcache-0.4.1-cp312-cp312-manylinux2014_x86_64.manylinux_2_17_x86_64.manylinux_2_28_x86_64.whl (221 kB)
[2025-12-19T01:52:51.824+0000] {process_utils.py:194} INFO - Downloading pytz-2025.2-py2.py3-none-any.whl (509 kB)
[2025-12-19T01:52:52.080+0000] {process_utils.py:194} INFO - Downloading six-1.17.0-py2.py3-none-any.whl (11 kB)
[2025-12-19T01:52:52.112+0000] {process_utils.py:194} INFO - Downloading typing_extensions-4.15.0-py3-none-any.whl (44 kB)
[2025-12-19T01:52:52.156+0000] {process_utils.py:194} INFO - Downloading tzdata-2025.3-py2.py3-none-any.whl (348 kB)
[2025-12-19T01:52:52.596+0000] {process_utils.py:194} INFO - Installing collected packages: pytz, wrapt, urllib3, tzdata, typing-extensions, six, pyarrow, psycopg2-binary, propcache, numpy, multidict, jmespath, idna, greenlet, fsspec, frozenlist, attrs, aioitertools, aiohappyeyeballs, yarl, sqlalchemy, python-dateutil, aiosignal, pandas, botocore, aiohttp, aiobotocore, s3fs
[2025-12-19T01:53:00.045+0000] {process_utils.py:194} INFO - 
[2025-12-19T01:53:00.048+0000] {process_utils.py:194} INFO - Successfully installed aiobotocore-2.26.0 aiohappyeyeballs-2.6.1 aiohttp-3.13.2 aioitertools-0.13.0 aiosignal-1.4.0 attrs-25.4.0 botocore-1.41.5 frozenlist-1.8.0 fsspec-2025.12.0 greenlet-3.3.0 idna-3.11 jmespath-1.0.1 multidict-6.7.0 numpy-2.3.5 pandas-2.3.3 propcache-0.4.1 psycopg2-binary-2.9.11 pyarrow-22.0.0 python-dateutil-2.9.0.post0 pytz-2025.2 s3fs-2025.12.0 six-1.17.0 sqlalchemy-2.0.45 typing-extensions-4.15.0 tzdata-2025.3 urllib3-2.6.2 wrapt-1.17.3 yarl-1.22.0
[2025-12-19T01:53:00.416+0000] {process_utils.py:194} INFO - 
[2025-12-19T01:53:00.417+0000] {process_utils.py:194} INFO - [notice] A new release of pip is available: 25.1.1 -> 25.3
[2025-12-19T01:53:00.417+0000] {process_utils.py:194} INFO - [notice] To update, run: /tmp/venv4sft7ryx/bin/python -m pip install --upgrade pip
[2025-12-19T01:53:01.211+0000] {process_utils.py:186} INFO - Executing cmd: /tmp/venv4sft7ryx/bin/python /tmp/venv-callfqocq2eo/script.py /tmp/venv-callfqocq2eo/script.in /tmp/venv-callfqocq2eo/script.out /tmp/venv-callfqocq2eo/string_args.txt /tmp/venv-callfqocq2eo/termination.log
[2025-12-19T01:53:01.212+0000] {process_utils.py:190} INFO - Output:
[2025-12-19T01:53:50.908+0000] {taskinstance.py:3336} ERROR - Task failed with exception
Traceback (most recent call last):
  File "/home/airflow/.local/lib/python3.12/site-packages/airflow/models/taskinstance.py", line 776, in _execute_task
    result = _execute_callable(context=context, **execute_callable_kwargs)
             ^^^^^^^^^^^^^^^^^^^^^^^^^^^^^^^^^^^^^^^^^^^^^^^^^^^^^^^^^^^^^
  File "/home/airflow/.local/lib/python3.12/site-packages/airflow/models/taskinstance.py", line 742, in _execute_callable
    return ExecutionCallableRunner(
           ^^^^^^^^^^^^^^^^^^^^^^^^
  File "/home/airflow/.local/lib/python3.12/site-packages/airflow/utils/operator_helpers.py", line 252, in run
    return self.func(*args, **kwargs)
           ^^^^^^^^^^^^^^^^^^^^^^^^^^
  File "/home/airflow/.local/lib/python3.12/site-packages/airflow/models/baseoperator.py", line 424, in wrapper
    return func(self, *args, **kwargs)
           ^^^^^^^^^^^^^^^^^^^^^^^^^^^
  File "/home/airflow/.local/lib/python3.12/site-packages/airflow/decorators/base.py", line 266, in execute
    return_value = super().execute(context)
                   ^^^^^^^^^^^^^^^^^^^^^^^^
  File "/home/airflow/.local/lib/python3.12/site-packages/airflow/models/baseoperator.py", line 424, in wrapper
    return func(self, *args, **kwargs)
           ^^^^^^^^^^^^^^^^^^^^^^^^^^^
  File "/home/airflow/.local/lib/python3.12/site-packages/airflow/operators/python.py", line 505, in execute
    return super().execute(context=serializable_context)
           ^^^^^^^^^^^^^^^^^^^^^^^^^^^^^^^^^^^^^^^^^^^^^
  File "/home/airflow/.local/lib/python3.12/site-packages/airflow/models/baseoperator.py", line 424, in wrapper
    return func(self, *args, **kwargs)
           ^^^^^^^^^^^^^^^^^^^^^^^^^^^
  File "/home/airflow/.local/lib/python3.12/site-packages/airflow/operators/python.py", line 238, in execute
    return_value = self.execute_callable()
                   ^^^^^^^^^^^^^^^^^^^^^^^
  File "/home/airflow/.local/lib/python3.12/site-packages/airflow/operators/python.py", line 870, in execute_callable
    result = self._execute_python_callable_in_subprocess(python_path)
             ^^^^^^^^^^^^^^^^^^^^^^^^^^^^^^^^^^^^^^^^^^^^^^^^^^^^^^^^
  File "/home/airflow/.local/lib/python3.12/site-packages/airflow/operators/python.py", line 570, in _execute_python_callable_in_subprocess
    execute_in_subprocess(
  File "/home/airflow/.local/lib/python3.12/site-packages/airflow/utils/process_utils.py", line 175, in execute_in_subprocess
    execute_in_subprocess_with_kwargs(cmd, cwd=cwd, env=env)
  File "/home/airflow/.local/lib/python3.12/site-packages/airflow/utils/process_utils.py", line 198, in execute_in_subprocess_with_kwargs
    raise subprocess.CalledProcessError(exit_code, cmd)
subprocess.CalledProcessError: Command '['/tmp/venv4sft7ryx/bin/python', '/tmp/venv-callfqocq2eo/script.py', '/tmp/venv-callfqocq2eo/script.in', '/tmp/venv-callfqocq2eo/script.out', '/tmp/venv-callfqocq2eo/string_args.txt', '/tmp/venv-callfqocq2eo/termination.log']' died with <Signals.SIGKILL: 9>.
[2025-12-19T01:53:51.069+0000] {taskinstance.py:1242} INFO - Marking task as FAILED. dag_id=transform_data, task_id=minio_to_postgresql, run_id=manual__2025-12-19T01:52:11.045011+00:00, execution_date=20251219T015211, start_date=20251219T015212, end_date=20251219T015351
[2025-12-19T01:53:51.165+0000] {taskinstance.py:349} INFO - ::group::Post task execution logs
[2025-12-19T01:53:51.169+0000] {standard_task_runner.py:124} ERROR - Failed to execute job 30 for task minio_to_postgresql (Command '['/tmp/venv4sft7ryx/bin/python', '/tmp/venv-callfqocq2eo/script.py', '/tmp/venv-callfqocq2eo/script.in', '/tmp/venv-callfqocq2eo/script.out', '/tmp/venv-callfqocq2eo/string_args.txt', '/tmp/venv-callfqocq2eo/termination.log']' died with <Signals.SIGKILL: 9>.; 80)
Traceback (most recent call last):
  File "/home/airflow/.local/lib/python3.12/site-packages/airflow/task/task_runner/standard_task_runner.py", line 117, in _start_by_fork
    ret = args.func(args, dag=self.dag)
          ^^^^^^^^^^^^^^^^^^^^^^^^^^^^^
  File "/home/airflow/.local/lib/python3.12/site-packages/airflow/cli/cli_config.py", line 49, in command
    return func(*args, **kwargs)
           ^^^^^^^^^^^^^^^^^^^^^
  File "/home/airflow/.local/lib/python3.12/site-packages/airflow/utils/cli.py", line 116, in wrapper
    return f(*args, **kwargs)
           ^^^^^^^^^^^^^^^^^^
  File "/home/airflow/.local/lib/python3.12/site-packages/airflow/cli/commands/task_command.py", line 483, in task_run
    task_return_code = _run_task_by_selected_method(args, _dag, ti)
                       ^^^^^^^^^^^^^^^^^^^^^^^^^^^^^^^^^^^^^^^^^^^^
  File "/home/airflow/.local/lib/python3.12/site-packages/airflow/cli/commands/task_command.py", line 256, in _run_task_by_selected_method
    return _run_raw_task(args, ti)
           ^^^^^^^^^^^^^^^^^^^^^^^
  File "/home/airflow/.local/lib/python3.12/site-packages/airflow/cli/commands/task_command.py", line 341, in _run_raw_task
    return ti._run_raw_task(
           ^^^^^^^^^^^^^^^^^
  File "/home/airflow/.local/lib/python3.12/site-packages/airflow/utils/session.py", line 97, in wrapper
    return func(*args, session=session, **kwargs)
           ^^^^^^^^^^^^^^^^^^^^^^^^^^^^^^^^^^^^^^
  File "/home/airflow/.local/lib/python3.12/site-packages/airflow/models/taskinstance.py", line 3029, in _run_raw_task
    return _run_raw_task(
           ^^^^^^^^^^^^^^
  File "/home/airflow/.local/lib/python3.12/site-packages/airflow/models/taskinstance.py", line 282, in _run_raw_task
    TaskInstance._execute_task_with_callbacks(
  File "/home/airflow/.local/lib/python3.12/site-packages/airflow/models/taskinstance.py", line 3184, in _execute_task_with_callbacks
    result = self._execute_task(context, task_orig)
             ^^^^^^^^^^^^^^^^^^^^^^^^^^^^^^^^^^^^^^
  File "/home/airflow/.local/lib/python3.12/site-packages/airflow/models/taskinstance.py", line 3208, in _execute_task
    return _execute_task(self, context, task_orig)
           ^^^^^^^^^^^^^^^^^^^^^^^^^^^^^^^^^^^^^^^
  File "/home/airflow/.local/lib/python3.12/site-packages/airflow/models/taskinstance.py", line 776, in _execute_task
    result = _execute_callable(context=context, **execute_callable_kwargs)
             ^^^^^^^^^^^^^^^^^^^^^^^^^^^^^^^^^^^^^^^^^^^^^^^^^^^^^^^^^^^^^
  File "/home/airflow/.local/lib/python3.12/site-packages/airflow/models/taskinstance.py", line 742, in _execute_callable
    return ExecutionCallableRunner(
           ^^^^^^^^^^^^^^^^^^^^^^^^
  File "/home/airflow/.local/lib/python3.12/site-packages/airflow/utils/operator_helpers.py", line 252, in run
    return self.func(*args, **kwargs)
           ^^^^^^^^^^^^^^^^^^^^^^^^^^
  File "/home/airflow/.local/lib/python3.12/site-packages/airflow/models/baseoperator.py", line 424, in wrapper
    return func(self, *args, **kwargs)
           ^^^^^^^^^^^^^^^^^^^^^^^^^^^
  File "/home/airflow/.local/lib/python3.12/site-packages/airflow/decorators/base.py", line 266, in execute
    return_value = super().execute(context)
                   ^^^^^^^^^^^^^^^^^^^^^^^^
  File "/home/airflow/.local/lib/python3.12/site-packages/airflow/models/baseoperator.py", line 424, in wrapper
    return func(self, *args, **kwargs)
           ^^^^^^^^^^^^^^^^^^^^^^^^^^^
  File "/home/airflow/.local/lib/python3.12/site-packages/airflow/operators/python.py", line 505, in execute
    return super().execute(context=serializable_context)
           ^^^^^^^^^^^^^^^^^^^^^^^^^^^^^^^^^^^^^^^^^^^^^
  File "/home/airflow/.local/lib/python3.12/site-packages/airflow/models/baseoperator.py", line 424, in wrapper
    return func(self, *args, **kwargs)
           ^^^^^^^^^^^^^^^^^^^^^^^^^^^
  File "/home/airflow/.local/lib/python3.12/site-packages/airflow/operators/python.py", line 238, in execute
    return_value = self.execute_callable()
                   ^^^^^^^^^^^^^^^^^^^^^^^
  File "/home/airflow/.local/lib/python3.12/site-packages/airflow/operators/python.py", line 870, in execute_callable
    result = self._execute_python_callable_in_subprocess(python_path)
             ^^^^^^^^^^^^^^^^^^^^^^^^^^^^^^^^^^^^^^^^^^^^^^^^^^^^^^^^
  File "/home/airflow/.local/lib/python3.12/site-packages/airflow/operators/python.py", line 570, in _execute_python_callable_in_subprocess
    execute_in_subprocess(
  File "/home/airflow/.local/lib/python3.12/site-packages/airflow/utils/process_utils.py", line 175, in execute_in_subprocess
    execute_in_subprocess_with_kwargs(cmd, cwd=cwd, env=env)
  File "/home/airflow/.local/lib/python3.12/site-packages/airflow/utils/process_utils.py", line 198, in execute_in_subprocess_with_kwargs
    raise subprocess.CalledProcessError(exit_code, cmd)
subprocess.CalledProcessError: Command '['/tmp/venv4sft7ryx/bin/python', '/tmp/venv-callfqocq2eo/script.py', '/tmp/venv-callfqocq2eo/script.in', '/tmp/venv-callfqocq2eo/script.out', '/tmp/venv-callfqocq2eo/string_args.txt', '/tmp/venv-callfqocq2eo/termination.log']' died with <Signals.SIGKILL: 9>.
[2025-12-19T01:53:51.215+0000] {local_task_job_runner.py:266} INFO - Task exited with return code 1
[2025-12-19T01:53:51.280+0000] {taskinstance.py:3924} INFO - 0 downstream tasks scheduled from follow-on schedule check
[2025-12-19T01:53:51.281+0000] {local_task_job_runner.py:245} INFO - ::endgroup::
