[2025-12-18T19:34:05.325+0000] {processor.py:186} INFO - Started process (PID=58) to work on /opt/airflow/dags/transform_data.py
[2025-12-18T19:34:05.326+0000] {processor.py:914} INFO - Processing file /opt/airflow/dags/transform_data.py for tasks to queue
[2025-12-18T19:34:05.327+0000] {logging_mixin.py:190} INFO - [2025-12-18T19:34:05.327+0000] {dagbag.py:588} INFO - Filling up the DagBag from /opt/airflow/dags/transform_data.py
[2025-12-18T19:34:05.349+0000] {processor.py:925} INFO - DAG(s) 'transform_data' retrieved from /opt/airflow/dags/transform_data.py
[2025-12-18T19:34:05.525+0000] {logging_mixin.py:190} INFO - [2025-12-18T19:34:05.525+0000] {override.py:1930} INFO - Created Permission View: can edit on DAG:transform_data
[2025-12-18T19:34:05.533+0000] {logging_mixin.py:190} INFO - [2025-12-18T19:34:05.533+0000] {override.py:1930} INFO - Created Permission View: can delete on DAG:transform_data
[2025-12-18T19:34:05.536+0000] {logging_mixin.py:190} INFO - [2025-12-18T19:34:05.536+0000] {override.py:1930} INFO - Created Permission View: can read on DAG:transform_data
[2025-12-18T19:34:05.539+0000] {logging_mixin.py:190} INFO - [2025-12-18T19:34:05.539+0000] {override.py:1930} INFO - Created Permission View: can delete on DAG Run:transform_data
[2025-12-18T19:34:05.543+0000] {logging_mixin.py:190} INFO - [2025-12-18T19:34:05.543+0000] {override.py:1930} INFO - Created Permission View: can create on DAG Run:transform_data
[2025-12-18T19:34:05.547+0000] {logging_mixin.py:190} INFO - [2025-12-18T19:34:05.546+0000] {override.py:1930} INFO - Created Permission View: menu access on DAG Run:transform_data
[2025-12-18T19:34:05.553+0000] {logging_mixin.py:190} INFO - [2025-12-18T19:34:05.552+0000] {override.py:1930} INFO - Created Permission View: can read on DAG Run:transform_data
[2025-12-18T19:34:05.553+0000] {logging_mixin.py:190} INFO - [2025-12-18T19:34:05.553+0000] {dag.py:3239} INFO - Sync 1 DAGs
[2025-12-18T19:34:05.564+0000] {logging_mixin.py:190} INFO - [2025-12-18T19:34:05.563+0000] {dag.py:3262} INFO - Creating ORM DAG for transform_data
[2025-12-18T19:34:05.564+0000] {logging_mixin.py:190} INFO - [2025-12-18T19:34:05.564+0000] {dag.py:4180} INFO - Setting next_dagrun for transform_data to None, run_after=None
[2025-12-18T19:34:05.575+0000] {processor.py:208} INFO - Processing /opt/airflow/dags/transform_data.py took 0.254 seconds
[2025-12-18T19:34:35.765+0000] {processor.py:186} INFO - Started process (PID=65) to work on /opt/airflow/dags/transform_data.py
[2025-12-18T19:34:35.768+0000] {processor.py:914} INFO - Processing file /opt/airflow/dags/transform_data.py for tasks to queue
[2025-12-18T19:34:35.770+0000] {logging_mixin.py:190} INFO - [2025-12-18T19:34:35.770+0000] {dagbag.py:588} INFO - Filling up the DagBag from /opt/airflow/dags/transform_data.py
[2025-12-18T19:34:35.780+0000] {processor.py:925} INFO - DAG(s) 'transform_data' retrieved from /opt/airflow/dags/transform_data.py
[2025-12-18T19:34:35.798+0000] {logging_mixin.py:190} INFO - [2025-12-18T19:34:35.798+0000] {dag.py:3239} INFO - Sync 1 DAGs
[2025-12-18T19:34:35.811+0000] {logging_mixin.py:190} INFO - [2025-12-18T19:34:35.811+0000] {dag.py:4180} INFO - Setting next_dagrun for transform_data to None, run_after=None
[2025-12-18T19:34:35.833+0000] {processor.py:208} INFO - Processing /opt/airflow/dags/transform_data.py took 0.078 seconds
[2025-12-18T19:35:05.949+0000] {processor.py:186} INFO - Started process (PID=72) to work on /opt/airflow/dags/transform_data.py
[2025-12-18T19:35:05.951+0000] {processor.py:914} INFO - Processing file /opt/airflow/dags/transform_data.py for tasks to queue
[2025-12-18T19:35:05.952+0000] {logging_mixin.py:190} INFO - [2025-12-18T19:35:05.952+0000] {dagbag.py:588} INFO - Filling up the DagBag from /opt/airflow/dags/transform_data.py
[2025-12-18T19:35:05.958+0000] {processor.py:925} INFO - DAG(s) 'transform_data' retrieved from /opt/airflow/dags/transform_data.py
[2025-12-18T19:35:05.974+0000] {logging_mixin.py:190} INFO - [2025-12-18T19:35:05.974+0000] {dag.py:3239} INFO - Sync 1 DAGs
[2025-12-18T19:35:05.982+0000] {logging_mixin.py:190} INFO - [2025-12-18T19:35:05.982+0000] {dag.py:4180} INFO - Setting next_dagrun for transform_data to None, run_after=None
[2025-12-18T19:35:05.992+0000] {processor.py:208} INFO - Processing /opt/airflow/dags/transform_data.py took 0.046 seconds
[2025-12-18T19:35:36.169+0000] {processor.py:186} INFO - Started process (PID=79) to work on /opt/airflow/dags/transform_data.py
[2025-12-18T19:35:36.172+0000] {processor.py:914} INFO - Processing file /opt/airflow/dags/transform_data.py for tasks to queue
[2025-12-18T19:35:36.174+0000] {logging_mixin.py:190} INFO - [2025-12-18T19:35:36.174+0000] {dagbag.py:588} INFO - Filling up the DagBag from /opt/airflow/dags/transform_data.py
[2025-12-18T19:35:36.183+0000] {processor.py:925} INFO - DAG(s) 'transform_data' retrieved from /opt/airflow/dags/transform_data.py
[2025-12-18T19:35:36.213+0000] {logging_mixin.py:190} INFO - [2025-12-18T19:35:36.213+0000] {dag.py:3239} INFO - Sync 1 DAGs
[2025-12-18T19:35:36.231+0000] {logging_mixin.py:190} INFO - [2025-12-18T19:35:36.231+0000] {dag.py:4180} INFO - Setting next_dagrun for transform_data to None, run_after=None
[2025-12-18T19:35:36.265+0000] {processor.py:208} INFO - Processing /opt/airflow/dags/transform_data.py took 0.106 seconds
[2025-12-18T19:36:06.373+0000] {processor.py:186} INFO - Started process (PID=86) to work on /opt/airflow/dags/transform_data.py
[2025-12-18T19:36:06.376+0000] {processor.py:914} INFO - Processing file /opt/airflow/dags/transform_data.py for tasks to queue
[2025-12-18T19:36:06.379+0000] {logging_mixin.py:190} INFO - [2025-12-18T19:36:06.378+0000] {dagbag.py:588} INFO - Filling up the DagBag from /opt/airflow/dags/transform_data.py
[2025-12-18T19:36:06.391+0000] {processor.py:925} INFO - DAG(s) 'transform_data' retrieved from /opt/airflow/dags/transform_data.py
[2025-12-18T19:36:06.421+0000] {logging_mixin.py:190} INFO - [2025-12-18T19:36:06.421+0000] {dag.py:3239} INFO - Sync 1 DAGs
[2025-12-18T19:36:06.438+0000] {logging_mixin.py:190} INFO - [2025-12-18T19:36:06.438+0000] {dag.py:4180} INFO - Setting next_dagrun for transform_data to None, run_after=None
[2025-12-18T19:36:06.458+0000] {processor.py:208} INFO - Processing /opt/airflow/dags/transform_data.py took 0.091 seconds
[2025-12-18T19:36:36.673+0000] {processor.py:186} INFO - Started process (PID=93) to work on /opt/airflow/dags/transform_data.py
[2025-12-18T19:36:36.674+0000] {processor.py:914} INFO - Processing file /opt/airflow/dags/transform_data.py for tasks to queue
[2025-12-18T19:36:36.677+0000] {logging_mixin.py:190} INFO - [2025-12-18T19:36:36.677+0000] {dagbag.py:588} INFO - Filling up the DagBag from /opt/airflow/dags/transform_data.py
[2025-12-18T19:36:36.686+0000] {processor.py:925} INFO - DAG(s) 'transform_data' retrieved from /opt/airflow/dags/transform_data.py
[2025-12-18T19:36:36.709+0000] {logging_mixin.py:190} INFO - [2025-12-18T19:36:36.708+0000] {dag.py:3239} INFO - Sync 1 DAGs
[2025-12-18T19:36:36.725+0000] {logging_mixin.py:190} INFO - [2025-12-18T19:36:36.725+0000] {dag.py:4180} INFO - Setting next_dagrun for transform_data to None, run_after=None
[2025-12-18T19:36:36.739+0000] {processor.py:208} INFO - Processing /opt/airflow/dags/transform_data.py took 0.075 seconds
[2025-12-18T19:37:06.908+0000] {processor.py:186} INFO - Started process (PID=100) to work on /opt/airflow/dags/transform_data.py
[2025-12-18T19:37:06.909+0000] {processor.py:914} INFO - Processing file /opt/airflow/dags/transform_data.py for tasks to queue
[2025-12-18T19:37:06.912+0000] {logging_mixin.py:190} INFO - [2025-12-18T19:37:06.911+0000] {dagbag.py:588} INFO - Filling up the DagBag from /opt/airflow/dags/transform_data.py
[2025-12-18T19:37:06.919+0000] {processor.py:925} INFO - DAG(s) 'transform_data' retrieved from /opt/airflow/dags/transform_data.py
[2025-12-18T19:37:06.950+0000] {logging_mixin.py:190} INFO - [2025-12-18T19:37:06.949+0000] {dag.py:3239} INFO - Sync 1 DAGs
[2025-12-18T19:37:06.961+0000] {logging_mixin.py:190} INFO - [2025-12-18T19:37:06.961+0000] {dag.py:4180} INFO - Setting next_dagrun for transform_data to None, run_after=None
[2025-12-18T19:37:06.972+0000] {processor.py:208} INFO - Processing /opt/airflow/dags/transform_data.py took 0.072 seconds
[2025-12-18T19:37:37.135+0000] {processor.py:186} INFO - Started process (PID=107) to work on /opt/airflow/dags/transform_data.py
[2025-12-18T19:37:37.138+0000] {processor.py:914} INFO - Processing file /opt/airflow/dags/transform_data.py for tasks to queue
[2025-12-18T19:37:37.139+0000] {logging_mixin.py:190} INFO - [2025-12-18T19:37:37.139+0000] {dagbag.py:588} INFO - Filling up the DagBag from /opt/airflow/dags/transform_data.py
[2025-12-18T19:37:37.147+0000] {processor.py:925} INFO - DAG(s) 'transform_data' retrieved from /opt/airflow/dags/transform_data.py
[2025-12-18T19:37:37.166+0000] {logging_mixin.py:190} INFO - [2025-12-18T19:37:37.165+0000] {dag.py:3239} INFO - Sync 1 DAGs
[2025-12-18T19:37:37.177+0000] {logging_mixin.py:190} INFO - [2025-12-18T19:37:37.177+0000] {dag.py:4180} INFO - Setting next_dagrun for transform_data to None, run_after=None
[2025-12-18T19:37:37.188+0000] {processor.py:208} INFO - Processing /opt/airflow/dags/transform_data.py took 0.056 seconds
[2025-12-18T19:38:07.397+0000] {processor.py:186} INFO - Started process (PID=114) to work on /opt/airflow/dags/transform_data.py
[2025-12-18T19:38:07.400+0000] {processor.py:914} INFO - Processing file /opt/airflow/dags/transform_data.py for tasks to queue
[2025-12-18T19:38:07.403+0000] {logging_mixin.py:190} INFO - [2025-12-18T19:38:07.403+0000] {dagbag.py:588} INFO - Filling up the DagBag from /opt/airflow/dags/transform_data.py
[2025-12-18T19:38:07.416+0000] {processor.py:925} INFO - DAG(s) 'transform_data' retrieved from /opt/airflow/dags/transform_data.py
[2025-12-18T19:38:07.449+0000] {logging_mixin.py:190} INFO - [2025-12-18T19:38:07.449+0000] {dag.py:3239} INFO - Sync 1 DAGs
[2025-12-18T19:38:07.458+0000] {logging_mixin.py:190} INFO - [2025-12-18T19:38:07.458+0000] {dag.py:4180} INFO - Setting next_dagrun for transform_data to None, run_after=None
[2025-12-18T19:38:07.473+0000] {processor.py:208} INFO - Processing /opt/airflow/dags/transform_data.py took 0.086 seconds
[2025-12-18T19:38:37.615+0000] {processor.py:186} INFO - Started process (PID=121) to work on /opt/airflow/dags/transform_data.py
[2025-12-18T19:38:37.616+0000] {processor.py:914} INFO - Processing file /opt/airflow/dags/transform_data.py for tasks to queue
[2025-12-18T19:38:37.618+0000] {logging_mixin.py:190} INFO - [2025-12-18T19:38:37.618+0000] {dagbag.py:588} INFO - Filling up the DagBag from /opt/airflow/dags/transform_data.py
[2025-12-18T19:38:37.633+0000] {processor.py:925} INFO - DAG(s) 'transform_data' retrieved from /opt/airflow/dags/transform_data.py
[2025-12-18T19:38:37.659+0000] {logging_mixin.py:190} INFO - [2025-12-18T19:38:37.659+0000] {dag.py:3239} INFO - Sync 1 DAGs
[2025-12-18T19:38:37.670+0000] {logging_mixin.py:190} INFO - [2025-12-18T19:38:37.670+0000] {dag.py:4180} INFO - Setting next_dagrun for transform_data to None, run_after=None
[2025-12-18T19:38:37.683+0000] {processor.py:208} INFO - Processing /opt/airflow/dags/transform_data.py took 0.076 seconds
[2025-12-18T19:39:07.890+0000] {processor.py:186} INFO - Started process (PID=128) to work on /opt/airflow/dags/transform_data.py
[2025-12-18T19:39:07.891+0000] {processor.py:914} INFO - Processing file /opt/airflow/dags/transform_data.py for tasks to queue
[2025-12-18T19:39:07.893+0000] {logging_mixin.py:190} INFO - [2025-12-18T19:39:07.893+0000] {dagbag.py:588} INFO - Filling up the DagBag from /opt/airflow/dags/transform_data.py
[2025-12-18T19:39:07.905+0000] {processor.py:925} INFO - DAG(s) 'transform_data' retrieved from /opt/airflow/dags/transform_data.py
[2025-12-18T19:39:07.926+0000] {logging_mixin.py:190} INFO - [2025-12-18T19:39:07.926+0000] {dag.py:3239} INFO - Sync 1 DAGs
[2025-12-18T19:39:07.933+0000] {logging_mixin.py:190} INFO - [2025-12-18T19:39:07.933+0000] {dag.py:4180} INFO - Setting next_dagrun for transform_data to None, run_after=None
[2025-12-18T19:39:07.943+0000] {processor.py:208} INFO - Processing /opt/airflow/dags/transform_data.py took 0.060 seconds
[2025-12-18T19:39:38.112+0000] {processor.py:186} INFO - Started process (PID=135) to work on /opt/airflow/dags/transform_data.py
[2025-12-18T19:39:38.113+0000] {processor.py:914} INFO - Processing file /opt/airflow/dags/transform_data.py for tasks to queue
[2025-12-18T19:39:38.116+0000] {logging_mixin.py:190} INFO - [2025-12-18T19:39:38.115+0000] {dagbag.py:588} INFO - Filling up the DagBag from /opt/airflow/dags/transform_data.py
[2025-12-18T19:39:38.127+0000] {processor.py:925} INFO - DAG(s) 'transform_data' retrieved from /opt/airflow/dags/transform_data.py
[2025-12-18T19:39:38.146+0000] {logging_mixin.py:190} INFO - [2025-12-18T19:39:38.146+0000] {dag.py:3239} INFO - Sync 1 DAGs
[2025-12-18T19:39:38.157+0000] {logging_mixin.py:190} INFO - [2025-12-18T19:39:38.157+0000] {dag.py:4180} INFO - Setting next_dagrun for transform_data to None, run_after=None
[2025-12-18T19:39:38.169+0000] {processor.py:208} INFO - Processing /opt/airflow/dags/transform_data.py took 0.065 seconds
[2025-12-18T19:40:08.352+0000] {processor.py:186} INFO - Started process (PID=142) to work on /opt/airflow/dags/transform_data.py
[2025-12-18T19:40:08.355+0000] {processor.py:914} INFO - Processing file /opt/airflow/dags/transform_data.py for tasks to queue
[2025-12-18T19:40:08.358+0000] {logging_mixin.py:190} INFO - [2025-12-18T19:40:08.357+0000] {dagbag.py:588} INFO - Filling up the DagBag from /opt/airflow/dags/transform_data.py
[2025-12-18T19:40:08.370+0000] {processor.py:925} INFO - DAG(s) 'transform_data' retrieved from /opt/airflow/dags/transform_data.py
[2025-12-18T19:40:08.399+0000] {logging_mixin.py:190} INFO - [2025-12-18T19:40:08.399+0000] {dag.py:3239} INFO - Sync 1 DAGs
[2025-12-18T19:40:08.408+0000] {logging_mixin.py:190} INFO - [2025-12-18T19:40:08.407+0000] {dag.py:4180} INFO - Setting next_dagrun for transform_data to None, run_after=None
[2025-12-18T19:40:08.419+0000] {processor.py:208} INFO - Processing /opt/airflow/dags/transform_data.py took 0.074 seconds
[2025-12-18T19:40:38.572+0000] {processor.py:186} INFO - Started process (PID=149) to work on /opt/airflow/dags/transform_data.py
[2025-12-18T19:40:38.574+0000] {processor.py:914} INFO - Processing file /opt/airflow/dags/transform_data.py for tasks to queue
[2025-12-18T19:40:38.577+0000] {logging_mixin.py:190} INFO - [2025-12-18T19:40:38.577+0000] {dagbag.py:588} INFO - Filling up the DagBag from /opt/airflow/dags/transform_data.py
[2025-12-18T19:40:38.588+0000] {processor.py:925} INFO - DAG(s) 'transform_data' retrieved from /opt/airflow/dags/transform_data.py
[2025-12-18T19:40:38.630+0000] {logging_mixin.py:190} INFO - [2025-12-18T19:40:38.629+0000] {dag.py:3239} INFO - Sync 1 DAGs
[2025-12-18T19:40:38.642+0000] {logging_mixin.py:190} INFO - [2025-12-18T19:40:38.641+0000] {dag.py:4180} INFO - Setting next_dagrun for transform_data to None, run_after=None
[2025-12-18T19:40:38.674+0000] {processor.py:208} INFO - Processing /opt/airflow/dags/transform_data.py took 0.113 seconds
[2025-12-18T19:41:08.820+0000] {processor.py:186} INFO - Started process (PID=156) to work on /opt/airflow/dags/transform_data.py
[2025-12-18T19:41:08.822+0000] {processor.py:914} INFO - Processing file /opt/airflow/dags/transform_data.py for tasks to queue
[2025-12-18T19:41:08.825+0000] {logging_mixin.py:190} INFO - [2025-12-18T19:41:08.824+0000] {dagbag.py:588} INFO - Filling up the DagBag from /opt/airflow/dags/transform_data.py
[2025-12-18T19:41:08.833+0000] {processor.py:925} INFO - DAG(s) 'transform_data' retrieved from /opt/airflow/dags/transform_data.py
[2025-12-18T19:41:08.869+0000] {logging_mixin.py:190} INFO - [2025-12-18T19:41:08.868+0000] {dag.py:3239} INFO - Sync 1 DAGs
[2025-12-18T19:41:08.880+0000] {logging_mixin.py:190} INFO - [2025-12-18T19:41:08.880+0000] {dag.py:4180} INFO - Setting next_dagrun for transform_data to None, run_after=None
[2025-12-18T19:41:08.896+0000] {processor.py:208} INFO - Processing /opt/airflow/dags/transform_data.py took 0.084 seconds
[2025-12-18T19:41:39.072+0000] {processor.py:186} INFO - Started process (PID=163) to work on /opt/airflow/dags/transform_data.py
[2025-12-18T19:41:39.075+0000] {processor.py:914} INFO - Processing file /opt/airflow/dags/transform_data.py for tasks to queue
[2025-12-18T19:41:39.078+0000] {logging_mixin.py:190} INFO - [2025-12-18T19:41:39.078+0000] {dagbag.py:588} INFO - Filling up the DagBag from /opt/airflow/dags/transform_data.py
[2025-12-18T19:41:39.088+0000] {processor.py:925} INFO - DAG(s) 'transform_data' retrieved from /opt/airflow/dags/transform_data.py
[2025-12-18T19:41:39.117+0000] {logging_mixin.py:190} INFO - [2025-12-18T19:41:39.117+0000] {dag.py:3239} INFO - Sync 1 DAGs
[2025-12-18T19:41:39.131+0000] {logging_mixin.py:190} INFO - [2025-12-18T19:41:39.131+0000] {dag.py:4180} INFO - Setting next_dagrun for transform_data to None, run_after=None
[2025-12-18T19:41:39.142+0000] {processor.py:208} INFO - Processing /opt/airflow/dags/transform_data.py took 0.076 seconds
[2025-12-18T19:42:09.302+0000] {processor.py:186} INFO - Started process (PID=170) to work on /opt/airflow/dags/transform_data.py
[2025-12-18T19:42:09.304+0000] {processor.py:914} INFO - Processing file /opt/airflow/dags/transform_data.py for tasks to queue
[2025-12-18T19:42:09.307+0000] {logging_mixin.py:190} INFO - [2025-12-18T19:42:09.307+0000] {dagbag.py:588} INFO - Filling up the DagBag from /opt/airflow/dags/transform_data.py
[2025-12-18T19:42:09.315+0000] {processor.py:925} INFO - DAG(s) 'transform_data' retrieved from /opt/airflow/dags/transform_data.py
[2025-12-18T19:42:09.331+0000] {logging_mixin.py:190} INFO - [2025-12-18T19:42:09.331+0000] {dag.py:3239} INFO - Sync 1 DAGs
[2025-12-18T19:42:09.339+0000] {logging_mixin.py:190} INFO - [2025-12-18T19:42:09.339+0000] {dag.py:4180} INFO - Setting next_dagrun for transform_data to None, run_after=None
[2025-12-18T19:42:09.349+0000] {processor.py:208} INFO - Processing /opt/airflow/dags/transform_data.py took 0.054 seconds
[2025-12-18T19:42:39.528+0000] {processor.py:186} INFO - Started process (PID=183) to work on /opt/airflow/dags/transform_data.py
[2025-12-18T19:42:39.529+0000] {processor.py:914} INFO - Processing file /opt/airflow/dags/transform_data.py for tasks to queue
[2025-12-18T19:42:39.530+0000] {logging_mixin.py:190} INFO - [2025-12-18T19:42:39.530+0000] {dagbag.py:588} INFO - Filling up the DagBag from /opt/airflow/dags/transform_data.py
[2025-12-18T19:42:39.536+0000] {processor.py:925} INFO - DAG(s) 'transform_data' retrieved from /opt/airflow/dags/transform_data.py
[2025-12-18T19:42:39.555+0000] {logging_mixin.py:190} INFO - [2025-12-18T19:42:39.554+0000] {dag.py:3239} INFO - Sync 1 DAGs
[2025-12-18T19:42:39.563+0000] {logging_mixin.py:190} INFO - [2025-12-18T19:42:39.562+0000] {dag.py:4180} INFO - Setting next_dagrun for transform_data to None, run_after=None
[2025-12-18T19:42:39.572+0000] {processor.py:208} INFO - Processing /opt/airflow/dags/transform_data.py took 0.048 seconds
[2025-12-18T19:43:09.705+0000] {processor.py:186} INFO - Started process (PID=190) to work on /opt/airflow/dags/transform_data.py
[2025-12-18T19:43:09.705+0000] {processor.py:914} INFO - Processing file /opt/airflow/dags/transform_data.py for tasks to queue
[2025-12-18T19:43:09.707+0000] {logging_mixin.py:190} INFO - [2025-12-18T19:43:09.707+0000] {dagbag.py:588} INFO - Filling up the DagBag from /opt/airflow/dags/transform_data.py
[2025-12-18T19:43:09.714+0000] {processor.py:925} INFO - DAG(s) 'transform_data' retrieved from /opt/airflow/dags/transform_data.py
[2025-12-18T19:43:09.738+0000] {logging_mixin.py:190} INFO - [2025-12-18T19:43:09.737+0000] {dag.py:3239} INFO - Sync 1 DAGs
[2025-12-18T19:43:09.747+0000] {logging_mixin.py:190} INFO - [2025-12-18T19:43:09.747+0000] {dag.py:4180} INFO - Setting next_dagrun for transform_data to None, run_after=None
[2025-12-18T19:43:09.757+0000] {processor.py:208} INFO - Processing /opt/airflow/dags/transform_data.py took 0.056 seconds
[2025-12-18T19:43:39.903+0000] {processor.py:186} INFO - Started process (PID=197) to work on /opt/airflow/dags/transform_data.py
[2025-12-18T19:43:39.906+0000] {processor.py:914} INFO - Processing file /opt/airflow/dags/transform_data.py for tasks to queue
[2025-12-18T19:43:39.908+0000] {logging_mixin.py:190} INFO - [2025-12-18T19:43:39.907+0000] {dagbag.py:588} INFO - Filling up the DagBag from /opt/airflow/dags/transform_data.py
[2025-12-18T19:43:39.915+0000] {processor.py:925} INFO - DAG(s) 'transform_data' retrieved from /opt/airflow/dags/transform_data.py
[2025-12-18T19:43:39.945+0000] {logging_mixin.py:190} INFO - [2025-12-18T19:43:39.945+0000] {dag.py:3239} INFO - Sync 1 DAGs
[2025-12-18T19:43:39.960+0000] {logging_mixin.py:190} INFO - [2025-12-18T19:43:39.959+0000] {dag.py:4180} INFO - Setting next_dagrun for transform_data to None, run_after=None
[2025-12-18T19:43:39.978+0000] {processor.py:208} INFO - Processing /opt/airflow/dags/transform_data.py took 0.081 seconds
[2025-12-18T19:44:10.107+0000] {processor.py:186} INFO - Started process (PID=204) to work on /opt/airflow/dags/transform_data.py
[2025-12-18T19:44:10.110+0000] {processor.py:914} INFO - Processing file /opt/airflow/dags/transform_data.py for tasks to queue
[2025-12-18T19:44:10.113+0000] {logging_mixin.py:190} INFO - [2025-12-18T19:44:10.112+0000] {dagbag.py:588} INFO - Filling up the DagBag from /opt/airflow/dags/transform_data.py
[2025-12-18T19:44:10.123+0000] {processor.py:925} INFO - DAG(s) 'transform_data' retrieved from /opt/airflow/dags/transform_data.py
[2025-12-18T19:44:10.150+0000] {logging_mixin.py:190} INFO - [2025-12-18T19:44:10.149+0000] {dag.py:3239} INFO - Sync 1 DAGs
[2025-12-18T19:44:10.158+0000] {logging_mixin.py:190} INFO - [2025-12-18T19:44:10.158+0000] {dag.py:4180} INFO - Setting next_dagrun for transform_data to None, run_after=None
[2025-12-18T19:44:10.167+0000] {processor.py:208} INFO - Processing /opt/airflow/dags/transform_data.py took 0.067 seconds
[2025-12-18T19:44:40.378+0000] {processor.py:186} INFO - Started process (PID=211) to work on /opt/airflow/dags/transform_data.py
[2025-12-18T19:44:40.380+0000] {processor.py:914} INFO - Processing file /opt/airflow/dags/transform_data.py for tasks to queue
[2025-12-18T19:44:40.384+0000] {logging_mixin.py:190} INFO - [2025-12-18T19:44:40.383+0000] {dagbag.py:588} INFO - Filling up the DagBag from /opt/airflow/dags/transform_data.py
[2025-12-18T19:44:40.393+0000] {processor.py:925} INFO - DAG(s) 'transform_data' retrieved from /opt/airflow/dags/transform_data.py
[2025-12-18T19:44:40.426+0000] {logging_mixin.py:190} INFO - [2025-12-18T19:44:40.426+0000] {dag.py:3239} INFO - Sync 1 DAGs
[2025-12-18T19:44:40.434+0000] {logging_mixin.py:190} INFO - [2025-12-18T19:44:40.434+0000] {dag.py:4180} INFO - Setting next_dagrun for transform_data to None, run_after=None
[2025-12-18T19:44:40.444+0000] {processor.py:208} INFO - Processing /opt/airflow/dags/transform_data.py took 0.072 seconds
[2025-12-18T19:45:10.594+0000] {processor.py:186} INFO - Started process (PID=219) to work on /opt/airflow/dags/transform_data.py
[2025-12-18T19:45:10.597+0000] {processor.py:914} INFO - Processing file /opt/airflow/dags/transform_data.py for tasks to queue
[2025-12-18T19:45:10.600+0000] {logging_mixin.py:190} INFO - [2025-12-18T19:45:10.600+0000] {dagbag.py:588} INFO - Filling up the DagBag from /opt/airflow/dags/transform_data.py
[2025-12-18T19:45:10.611+0000] {processor.py:925} INFO - DAG(s) 'transform_data' retrieved from /opt/airflow/dags/transform_data.py
[2025-12-18T19:45:10.640+0000] {logging_mixin.py:190} INFO - [2025-12-18T19:45:10.640+0000] {dag.py:3239} INFO - Sync 1 DAGs
[2025-12-18T19:45:10.650+0000] {logging_mixin.py:190} INFO - [2025-12-18T19:45:10.650+0000] {dag.py:4180} INFO - Setting next_dagrun for transform_data to None, run_after=None
[2025-12-18T19:45:10.670+0000] {processor.py:208} INFO - Processing /opt/airflow/dags/transform_data.py took 0.083 seconds
[2025-12-18T19:45:51.649+0000] {processor.py:186} INFO - Started process (PID=58) to work on /opt/airflow/dags/transform_data.py
[2025-12-18T19:45:51.650+0000] {processor.py:914} INFO - Processing file /opt/airflow/dags/transform_data.py for tasks to queue
[2025-12-18T19:45:51.651+0000] {logging_mixin.py:190} INFO - [2025-12-18T19:45:51.651+0000] {dagbag.py:588} INFO - Filling up the DagBag from /opt/airflow/dags/transform_data.py
[2025-12-18T19:45:51.671+0000] {processor.py:925} INFO - DAG(s) 'transform_data' retrieved from /opt/airflow/dags/transform_data.py
[2025-12-18T19:45:51.872+0000] {logging_mixin.py:190} INFO - [2025-12-18T19:45:51.872+0000] {dag.py:3239} INFO - Sync 1 DAGs
[2025-12-18T19:45:51.881+0000] {logging_mixin.py:190} INFO - [2025-12-18T19:45:51.880+0000] {dag.py:4180} INFO - Setting next_dagrun for transform_data to None, run_after=None
[2025-12-18T19:45:51.895+0000] {processor.py:208} INFO - Processing /opt/airflow/dags/transform_data.py took 0.249 seconds
[2025-12-18T19:46:22.098+0000] {processor.py:186} INFO - Started process (PID=65) to work on /opt/airflow/dags/transform_data.py
[2025-12-18T19:46:22.099+0000] {processor.py:914} INFO - Processing file /opt/airflow/dags/transform_data.py for tasks to queue
[2025-12-18T19:46:22.100+0000] {logging_mixin.py:190} INFO - [2025-12-18T19:46:22.100+0000] {dagbag.py:588} INFO - Filling up the DagBag from /opt/airflow/dags/transform_data.py
[2025-12-18T19:46:22.106+0000] {processor.py:925} INFO - DAG(s) 'transform_data' retrieved from /opt/airflow/dags/transform_data.py
[2025-12-18T19:46:22.125+0000] {logging_mixin.py:190} INFO - [2025-12-18T19:46:22.125+0000] {dag.py:3239} INFO - Sync 1 DAGs
[2025-12-18T19:46:22.137+0000] {logging_mixin.py:190} INFO - [2025-12-18T19:46:22.137+0000] {dag.py:4180} INFO - Setting next_dagrun for transform_data to None, run_after=None
[2025-12-18T19:46:22.148+0000] {processor.py:208} INFO - Processing /opt/airflow/dags/transform_data.py took 0.054 seconds
[2025-12-18T19:46:52.304+0000] {processor.py:186} INFO - Started process (PID=72) to work on /opt/airflow/dags/transform_data.py
[2025-12-18T19:46:52.307+0000] {processor.py:914} INFO - Processing file /opt/airflow/dags/transform_data.py for tasks to queue
[2025-12-18T19:46:52.310+0000] {logging_mixin.py:190} INFO - [2025-12-18T19:46:52.310+0000] {dagbag.py:588} INFO - Filling up the DagBag from /opt/airflow/dags/transform_data.py
[2025-12-18T19:46:52.327+0000] {processor.py:925} INFO - DAG(s) 'transform_data' retrieved from /opt/airflow/dags/transform_data.py
[2025-12-18T19:46:52.349+0000] {logging_mixin.py:190} INFO - [2025-12-18T19:46:52.349+0000] {dag.py:3239} INFO - Sync 1 DAGs
[2025-12-18T19:46:52.363+0000] {logging_mixin.py:190} INFO - [2025-12-18T19:46:52.362+0000] {dag.py:4180} INFO - Setting next_dagrun for transform_data to None, run_after=None
[2025-12-18T19:46:52.381+0000] {processor.py:208} INFO - Processing /opt/airflow/dags/transform_data.py took 0.089 seconds
[2025-12-18T19:47:22.529+0000] {processor.py:186} INFO - Started process (PID=79) to work on /opt/airflow/dags/transform_data.py
[2025-12-18T19:47:22.531+0000] {processor.py:914} INFO - Processing file /opt/airflow/dags/transform_data.py for tasks to queue
[2025-12-18T19:47:22.533+0000] {logging_mixin.py:190} INFO - [2025-12-18T19:47:22.533+0000] {dagbag.py:588} INFO - Filling up the DagBag from /opt/airflow/dags/transform_data.py
[2025-12-18T19:47:22.543+0000] {processor.py:925} INFO - DAG(s) 'transform_data' retrieved from /opt/airflow/dags/transform_data.py
[2025-12-18T19:47:22.569+0000] {logging_mixin.py:190} INFO - [2025-12-18T19:47:22.569+0000] {dag.py:3239} INFO - Sync 1 DAGs
[2025-12-18T19:47:22.581+0000] {logging_mixin.py:190} INFO - [2025-12-18T19:47:22.581+0000] {dag.py:4180} INFO - Setting next_dagrun for transform_data to None, run_after=None
[2025-12-18T19:47:22.594+0000] {processor.py:208} INFO - Processing /opt/airflow/dags/transform_data.py took 0.073 seconds
[2025-12-18T19:47:52.744+0000] {processor.py:186} INFO - Started process (PID=86) to work on /opt/airflow/dags/transform_data.py
[2025-12-18T19:47:52.746+0000] {processor.py:914} INFO - Processing file /opt/airflow/dags/transform_data.py for tasks to queue
[2025-12-18T19:47:52.749+0000] {logging_mixin.py:190} INFO - [2025-12-18T19:47:52.749+0000] {dagbag.py:588} INFO - Filling up the DagBag from /opt/airflow/dags/transform_data.py
[2025-12-18T19:47:52.761+0000] {processor.py:925} INFO - DAG(s) 'transform_data' retrieved from /opt/airflow/dags/transform_data.py
[2025-12-18T19:47:52.789+0000] {logging_mixin.py:190} INFO - [2025-12-18T19:47:52.788+0000] {dag.py:3239} INFO - Sync 1 DAGs
[2025-12-18T19:47:52.800+0000] {logging_mixin.py:190} INFO - [2025-12-18T19:47:52.799+0000] {dag.py:4180} INFO - Setting next_dagrun for transform_data to None, run_after=None
[2025-12-18T19:47:52.815+0000] {processor.py:208} INFO - Processing /opt/airflow/dags/transform_data.py took 0.078 seconds
[2025-12-18T19:48:22.987+0000] {processor.py:186} INFO - Started process (PID=93) to work on /opt/airflow/dags/transform_data.py
[2025-12-18T19:48:22.990+0000] {processor.py:914} INFO - Processing file /opt/airflow/dags/transform_data.py for tasks to queue
[2025-12-18T19:48:22.994+0000] {logging_mixin.py:190} INFO - [2025-12-18T19:48:22.993+0000] {dagbag.py:588} INFO - Filling up the DagBag from /opt/airflow/dags/transform_data.py
[2025-12-18T19:48:23.003+0000] {processor.py:925} INFO - DAG(s) 'transform_data' retrieved from /opt/airflow/dags/transform_data.py
[2025-12-18T19:48:23.020+0000] {logging_mixin.py:190} INFO - [2025-12-18T19:48:23.020+0000] {dag.py:3239} INFO - Sync 1 DAGs
[2025-12-18T19:48:23.029+0000] {logging_mixin.py:190} INFO - [2025-12-18T19:48:23.029+0000] {dag.py:4180} INFO - Setting next_dagrun for transform_data to None, run_after=None
[2025-12-18T19:48:23.041+0000] {processor.py:208} INFO - Processing /opt/airflow/dags/transform_data.py took 0.065 seconds
[2025-12-18T19:48:53.224+0000] {processor.py:186} INFO - Started process (PID=100) to work on /opt/airflow/dags/transform_data.py
[2025-12-18T19:48:53.227+0000] {processor.py:914} INFO - Processing file /opt/airflow/dags/transform_data.py for tasks to queue
[2025-12-18T19:48:53.230+0000] {logging_mixin.py:190} INFO - [2025-12-18T19:48:53.230+0000] {dagbag.py:588} INFO - Filling up the DagBag from /opt/airflow/dags/transform_data.py
[2025-12-18T19:48:53.241+0000] {processor.py:925} INFO - DAG(s) 'transform_data' retrieved from /opt/airflow/dags/transform_data.py
[2025-12-18T19:48:53.268+0000] {logging_mixin.py:190} INFO - [2025-12-18T19:48:53.268+0000] {dag.py:3239} INFO - Sync 1 DAGs
[2025-12-18T19:48:53.275+0000] {logging_mixin.py:190} INFO - [2025-12-18T19:48:53.275+0000] {dag.py:4180} INFO - Setting next_dagrun for transform_data to None, run_after=None
[2025-12-18T19:48:53.286+0000] {processor.py:208} INFO - Processing /opt/airflow/dags/transform_data.py took 0.068 seconds
[2025-12-18T19:52:27.414+0000] {processor.py:186} INFO - Started process (PID=58) to work on /opt/airflow/dags/transform_data.py
[2025-12-18T19:52:27.415+0000] {processor.py:914} INFO - Processing file /opt/airflow/dags/transform_data.py for tasks to queue
[2025-12-18T19:52:27.417+0000] {logging_mixin.py:190} INFO - [2025-12-18T19:52:27.417+0000] {dagbag.py:588} INFO - Filling up the DagBag from /opt/airflow/dags/transform_data.py
[2025-12-18T19:52:27.439+0000] {processor.py:925} INFO - DAG(s) 'transform_data' retrieved from /opt/airflow/dags/transform_data.py
[2025-12-18T19:52:27.631+0000] {logging_mixin.py:190} INFO - [2025-12-18T19:52:27.631+0000] {dag.py:3239} INFO - Sync 1 DAGs
[2025-12-18T19:52:27.641+0000] {logging_mixin.py:190} INFO - [2025-12-18T19:52:27.641+0000] {dag.py:4180} INFO - Setting next_dagrun for transform_data to None, run_after=None
[2025-12-18T19:52:27.656+0000] {processor.py:208} INFO - Processing /opt/airflow/dags/transform_data.py took 0.248 seconds
[2025-12-18T19:52:57.877+0000] {processor.py:186} INFO - Started process (PID=65) to work on /opt/airflow/dags/transform_data.py
[2025-12-18T19:52:57.879+0000] {processor.py:914} INFO - Processing file /opt/airflow/dags/transform_data.py for tasks to queue
[2025-12-18T19:52:57.881+0000] {logging_mixin.py:190} INFO - [2025-12-18T19:52:57.881+0000] {dagbag.py:588} INFO - Filling up the DagBag from /opt/airflow/dags/transform_data.py
[2025-12-18T19:52:57.891+0000] {processor.py:925} INFO - DAG(s) 'transform_data' retrieved from /opt/airflow/dags/transform_data.py
[2025-12-18T19:52:57.917+0000] {logging_mixin.py:190} INFO - [2025-12-18T19:52:57.917+0000] {dag.py:3239} INFO - Sync 1 DAGs
[2025-12-18T19:52:57.927+0000] {logging_mixin.py:190} INFO - [2025-12-18T19:52:57.927+0000] {dag.py:4180} INFO - Setting next_dagrun for transform_data to None, run_after=None
[2025-12-18T19:52:57.938+0000] {processor.py:208} INFO - Processing /opt/airflow/dags/transform_data.py took 0.075 seconds
[2025-12-18T19:53:28.073+0000] {processor.py:186} INFO - Started process (PID=72) to work on /opt/airflow/dags/transform_data.py
[2025-12-18T19:53:28.074+0000] {processor.py:914} INFO - Processing file /opt/airflow/dags/transform_data.py for tasks to queue
[2025-12-18T19:53:28.077+0000] {logging_mixin.py:190} INFO - [2025-12-18T19:53:28.076+0000] {dagbag.py:588} INFO - Filling up the DagBag from /opt/airflow/dags/transform_data.py
[2025-12-18T19:53:28.089+0000] {processor.py:925} INFO - DAG(s) 'transform_data' retrieved from /opt/airflow/dags/transform_data.py
[2025-12-18T19:53:28.135+0000] {logging_mixin.py:190} INFO - [2025-12-18T19:53:28.134+0000] {dag.py:3239} INFO - Sync 1 DAGs
[2025-12-18T19:53:28.156+0000] {logging_mixin.py:190} INFO - [2025-12-18T19:53:28.156+0000] {dag.py:4180} INFO - Setting next_dagrun for transform_data to None, run_after=None
[2025-12-18T19:53:28.175+0000] {processor.py:208} INFO - Processing /opt/airflow/dags/transform_data.py took 0.114 seconds
[2025-12-18T19:53:58.288+0000] {processor.py:186} INFO - Started process (PID=79) to work on /opt/airflow/dags/transform_data.py
[2025-12-18T19:53:58.293+0000] {processor.py:914} INFO - Processing file /opt/airflow/dags/transform_data.py for tasks to queue
[2025-12-18T19:53:58.296+0000] {logging_mixin.py:190} INFO - [2025-12-18T19:53:58.296+0000] {dagbag.py:588} INFO - Filling up the DagBag from /opt/airflow/dags/transform_data.py
[2025-12-18T19:53:58.308+0000] {processor.py:925} INFO - DAG(s) 'transform_data' retrieved from /opt/airflow/dags/transform_data.py
[2025-12-18T19:53:58.329+0000] {logging_mixin.py:190} INFO - [2025-12-18T19:53:58.328+0000] {dag.py:3239} INFO - Sync 1 DAGs
[2025-12-18T19:53:58.342+0000] {logging_mixin.py:190} INFO - [2025-12-18T19:53:58.342+0000] {dag.py:4180} INFO - Setting next_dagrun for transform_data to None, run_after=None
[2025-12-18T19:53:58.354+0000] {processor.py:208} INFO - Processing /opt/airflow/dags/transform_data.py took 0.072 seconds
[2025-12-18T19:54:28.522+0000] {processor.py:186} INFO - Started process (PID=86) to work on /opt/airflow/dags/transform_data.py
[2025-12-18T19:54:28.524+0000] {processor.py:914} INFO - Processing file /opt/airflow/dags/transform_data.py for tasks to queue
[2025-12-18T19:54:28.526+0000] {logging_mixin.py:190} INFO - [2025-12-18T19:54:28.526+0000] {dagbag.py:588} INFO - Filling up the DagBag from /opt/airflow/dags/transform_data.py
[2025-12-18T19:54:28.540+0000] {processor.py:925} INFO - DAG(s) 'transform_data' retrieved from /opt/airflow/dags/transform_data.py
[2025-12-18T19:54:28.559+0000] {logging_mixin.py:190} INFO - [2025-12-18T19:54:28.559+0000] {dag.py:3239} INFO - Sync 1 DAGs
[2025-12-18T19:54:28.571+0000] {logging_mixin.py:190} INFO - [2025-12-18T19:54:28.571+0000] {dag.py:4180} INFO - Setting next_dagrun for transform_data to None, run_after=None
[2025-12-18T19:54:28.584+0000] {processor.py:208} INFO - Processing /opt/airflow/dags/transform_data.py took 0.067 seconds
[2025-12-18T19:54:58.746+0000] {processor.py:186} INFO - Started process (PID=93) to work on /opt/airflow/dags/transform_data.py
[2025-12-18T19:54:58.748+0000] {processor.py:914} INFO - Processing file /opt/airflow/dags/transform_data.py for tasks to queue
[2025-12-18T19:54:58.752+0000] {logging_mixin.py:190} INFO - [2025-12-18T19:54:58.751+0000] {dagbag.py:588} INFO - Filling up the DagBag from /opt/airflow/dags/transform_data.py
[2025-12-18T19:54:58.762+0000] {processor.py:925} INFO - DAG(s) 'transform_data' retrieved from /opt/airflow/dags/transform_data.py
[2025-12-18T19:54:58.782+0000] {logging_mixin.py:190} INFO - [2025-12-18T19:54:58.782+0000] {dag.py:3239} INFO - Sync 1 DAGs
[2025-12-18T19:54:58.789+0000] {logging_mixin.py:190} INFO - [2025-12-18T19:54:58.789+0000] {dag.py:4180} INFO - Setting next_dagrun for transform_data to None, run_after=None
[2025-12-18T19:54:58.800+0000] {processor.py:208} INFO - Processing /opt/airflow/dags/transform_data.py took 0.062 seconds
[2025-12-18T19:55:28.984+0000] {processor.py:186} INFO - Started process (PID=100) to work on /opt/airflow/dags/transform_data.py
[2025-12-18T19:55:28.986+0000] {processor.py:914} INFO - Processing file /opt/airflow/dags/transform_data.py for tasks to queue
[2025-12-18T19:55:28.989+0000] {logging_mixin.py:190} INFO - [2025-12-18T19:55:28.989+0000] {dagbag.py:588} INFO - Filling up the DagBag from /opt/airflow/dags/transform_data.py
[2025-12-18T19:55:28.999+0000] {processor.py:925} INFO - DAG(s) 'transform_data' retrieved from /opt/airflow/dags/transform_data.py
[2025-12-18T19:55:29.013+0000] {logging_mixin.py:190} INFO - [2025-12-18T19:55:29.013+0000] {dag.py:3239} INFO - Sync 1 DAGs
[2025-12-18T19:55:29.021+0000] {logging_mixin.py:190} INFO - [2025-12-18T19:55:29.021+0000] {dag.py:4180} INFO - Setting next_dagrun for transform_data to None, run_after=None
[2025-12-18T19:55:29.031+0000] {processor.py:208} INFO - Processing /opt/airflow/dags/transform_data.py took 0.053 seconds
[2025-12-18T19:56:54.073+0000] {processor.py:186} INFO - Started process (PID=58) to work on /opt/airflow/dags/transform_data.py
[2025-12-18T19:56:54.073+0000] {processor.py:914} INFO - Processing file /opt/airflow/dags/transform_data.py for tasks to queue
[2025-12-18T19:56:54.074+0000] {logging_mixin.py:190} INFO - [2025-12-18T19:56:54.074+0000] {dagbag.py:588} INFO - Filling up the DagBag from /opt/airflow/dags/transform_data.py
[2025-12-18T19:56:54.093+0000] {processor.py:925} INFO - DAG(s) 'transform_data' retrieved from /opt/airflow/dags/transform_data.py
[2025-12-18T19:56:54.274+0000] {logging_mixin.py:190} INFO - [2025-12-18T19:56:54.274+0000] {dag.py:3239} INFO - Sync 1 DAGs
[2025-12-18T19:56:54.282+0000] {logging_mixin.py:190} INFO - [2025-12-18T19:56:54.282+0000] {dag.py:4180} INFO - Setting next_dagrun for transform_data to None, run_after=None
[2025-12-18T19:56:54.299+0000] {processor.py:208} INFO - Processing /opt/airflow/dags/transform_data.py took 0.230 seconds
[2025-12-18T19:57:24.523+0000] {processor.py:186} INFO - Started process (PID=65) to work on /opt/airflow/dags/transform_data.py
[2025-12-18T19:57:24.524+0000] {processor.py:914} INFO - Processing file /opt/airflow/dags/transform_data.py for tasks to queue
[2025-12-18T19:57:24.526+0000] {logging_mixin.py:190} INFO - [2025-12-18T19:57:24.526+0000] {dagbag.py:588} INFO - Filling up the DagBag from /opt/airflow/dags/transform_data.py
[2025-12-18T19:57:24.535+0000] {processor.py:925} INFO - DAG(s) 'transform_data' retrieved from /opt/airflow/dags/transform_data.py
[2025-12-18T19:57:24.556+0000] {logging_mixin.py:190} INFO - [2025-12-18T19:57:24.556+0000] {dag.py:3239} INFO - Sync 1 DAGs
[2025-12-18T19:57:24.570+0000] {logging_mixin.py:190} INFO - [2025-12-18T19:57:24.570+0000] {dag.py:4180} INFO - Setting next_dagrun for transform_data to None, run_after=None
[2025-12-18T19:57:24.583+0000] {processor.py:208} INFO - Processing /opt/airflow/dags/transform_data.py took 0.072 seconds
[2025-12-18T19:57:54.724+0000] {processor.py:186} INFO - Started process (PID=72) to work on /opt/airflow/dags/transform_data.py
[2025-12-18T19:57:54.728+0000] {processor.py:914} INFO - Processing file /opt/airflow/dags/transform_data.py for tasks to queue
[2025-12-18T19:57:54.733+0000] {logging_mixin.py:190} INFO - [2025-12-18T19:57:54.732+0000] {dagbag.py:588} INFO - Filling up the DagBag from /opt/airflow/dags/transform_data.py
[2025-12-18T19:57:54.757+0000] {processor.py:925} INFO - DAG(s) 'transform_data' retrieved from /opt/airflow/dags/transform_data.py
[2025-12-18T19:57:54.800+0000] {logging_mixin.py:190} INFO - [2025-12-18T19:57:54.799+0000] {dag.py:3239} INFO - Sync 1 DAGs
[2025-12-18T19:57:54.813+0000] {logging_mixin.py:190} INFO - [2025-12-18T19:57:54.813+0000] {dag.py:4180} INFO - Setting next_dagrun for transform_data to None, run_after=None
[2025-12-18T19:57:54.828+0000] {processor.py:208} INFO - Processing /opt/airflow/dags/transform_data.py took 0.116 seconds
[2025-12-18T19:58:24.964+0000] {processor.py:186} INFO - Started process (PID=79) to work on /opt/airflow/dags/transform_data.py
[2025-12-18T19:58:24.966+0000] {processor.py:914} INFO - Processing file /opt/airflow/dags/transform_data.py for tasks to queue
[2025-12-18T19:58:24.970+0000] {logging_mixin.py:190} INFO - [2025-12-18T19:58:24.969+0000] {dagbag.py:588} INFO - Filling up the DagBag from /opt/airflow/dags/transform_data.py
[2025-12-18T19:58:24.986+0000] {processor.py:925} INFO - DAG(s) 'transform_data' retrieved from /opt/airflow/dags/transform_data.py
[2025-12-18T19:58:25.017+0000] {logging_mixin.py:190} INFO - [2025-12-18T19:58:25.016+0000] {dag.py:3239} INFO - Sync 1 DAGs
[2025-12-18T19:58:25.034+0000] {logging_mixin.py:190} INFO - [2025-12-18T19:58:25.033+0000] {dag.py:4180} INFO - Setting next_dagrun for transform_data to None, run_after=None
[2025-12-18T19:58:25.050+0000] {processor.py:208} INFO - Processing /opt/airflow/dags/transform_data.py took 0.099 seconds
[2025-12-18T19:58:55.239+0000] {processor.py:186} INFO - Started process (PID=86) to work on /opt/airflow/dags/transform_data.py
[2025-12-18T19:58:55.241+0000] {processor.py:914} INFO - Processing file /opt/airflow/dags/transform_data.py for tasks to queue
[2025-12-18T19:58:55.244+0000] {logging_mixin.py:190} INFO - [2025-12-18T19:58:55.243+0000] {dagbag.py:588} INFO - Filling up the DagBag from /opt/airflow/dags/transform_data.py
[2025-12-18T19:58:55.255+0000] {processor.py:925} INFO - DAG(s) 'transform_data' retrieved from /opt/airflow/dags/transform_data.py
[2025-12-18T19:58:55.280+0000] {logging_mixin.py:190} INFO - [2025-12-18T19:58:55.279+0000] {dag.py:3239} INFO - Sync 1 DAGs
[2025-12-18T19:58:55.294+0000] {logging_mixin.py:190} INFO - [2025-12-18T19:58:55.294+0000] {dag.py:4180} INFO - Setting next_dagrun for transform_data to None, run_after=None
[2025-12-18T19:58:55.311+0000] {processor.py:208} INFO - Processing /opt/airflow/dags/transform_data.py took 0.082 seconds
[2025-12-18T19:59:25.478+0000] {processor.py:186} INFO - Started process (PID=93) to work on /opt/airflow/dags/transform_data.py
[2025-12-18T19:59:25.481+0000] {processor.py:914} INFO - Processing file /opt/airflow/dags/transform_data.py for tasks to queue
[2025-12-18T19:59:25.485+0000] {logging_mixin.py:190} INFO - [2025-12-18T19:59:25.485+0000] {dagbag.py:588} INFO - Filling up the DagBag from /opt/airflow/dags/transform_data.py
[2025-12-18T19:59:25.499+0000] {processor.py:925} INFO - DAG(s) 'transform_data' retrieved from /opt/airflow/dags/transform_data.py
[2025-12-18T19:59:25.528+0000] {logging_mixin.py:190} INFO - [2025-12-18T19:59:25.528+0000] {dag.py:3239} INFO - Sync 1 DAGs
[2025-12-18T19:59:25.540+0000] {logging_mixin.py:190} INFO - [2025-12-18T19:59:25.539+0000] {dag.py:4180} INFO - Setting next_dagrun for transform_data to None, run_after=None
[2025-12-18T19:59:25.550+0000] {processor.py:208} INFO - Processing /opt/airflow/dags/transform_data.py took 0.083 seconds
[2025-12-18T19:59:55.711+0000] {processor.py:186} INFO - Started process (PID=100) to work on /opt/airflow/dags/transform_data.py
[2025-12-18T19:59:55.714+0000] {processor.py:914} INFO - Processing file /opt/airflow/dags/transform_data.py for tasks to queue
[2025-12-18T19:59:55.716+0000] {logging_mixin.py:190} INFO - [2025-12-18T19:59:55.716+0000] {dagbag.py:588} INFO - Filling up the DagBag from /opt/airflow/dags/transform_data.py
[2025-12-18T19:59:55.730+0000] {processor.py:925} INFO - DAG(s) 'transform_data' retrieved from /opt/airflow/dags/transform_data.py
[2025-12-18T19:59:55.757+0000] {logging_mixin.py:190} INFO - [2025-12-18T19:59:55.756+0000] {dag.py:3239} INFO - Sync 1 DAGs
[2025-12-18T19:59:55.765+0000] {logging_mixin.py:190} INFO - [2025-12-18T19:59:55.765+0000] {dag.py:4180} INFO - Setting next_dagrun for transform_data to None, run_after=None
[2025-12-18T19:59:55.774+0000] {processor.py:208} INFO - Processing /opt/airflow/dags/transform_data.py took 0.071 seconds
[2025-12-18T20:00:25.949+0000] {processor.py:186} INFO - Started process (PID=107) to work on /opt/airflow/dags/transform_data.py
[2025-12-18T20:00:25.951+0000] {processor.py:914} INFO - Processing file /opt/airflow/dags/transform_data.py for tasks to queue
[2025-12-18T20:00:25.954+0000] {logging_mixin.py:190} INFO - [2025-12-18T20:00:25.953+0000] {dagbag.py:588} INFO - Filling up the DagBag from /opt/airflow/dags/transform_data.py
[2025-12-18T20:00:25.962+0000] {processor.py:925} INFO - DAG(s) 'transform_data' retrieved from /opt/airflow/dags/transform_data.py
[2025-12-18T20:00:25.987+0000] {logging_mixin.py:190} INFO - [2025-12-18T20:00:25.987+0000] {dag.py:3239} INFO - Sync 1 DAGs
[2025-12-18T20:00:25.997+0000] {logging_mixin.py:190} INFO - [2025-12-18T20:00:25.996+0000] {dag.py:4180} INFO - Setting next_dagrun for transform_data to None, run_after=None
[2025-12-18T20:00:26.008+0000] {processor.py:208} INFO - Processing /opt/airflow/dags/transform_data.py took 0.068 seconds
[2025-12-18T20:00:56.179+0000] {processor.py:186} INFO - Started process (PID=114) to work on /opt/airflow/dags/transform_data.py
[2025-12-18T20:00:56.181+0000] {processor.py:914} INFO - Processing file /opt/airflow/dags/transform_data.py for tasks to queue
[2025-12-18T20:00:56.184+0000] {logging_mixin.py:190} INFO - [2025-12-18T20:00:56.183+0000] {dagbag.py:588} INFO - Filling up the DagBag from /opt/airflow/dags/transform_data.py
[2025-12-18T20:00:56.193+0000] {processor.py:925} INFO - DAG(s) 'transform_data' retrieved from /opt/airflow/dags/transform_data.py
[2025-12-18T20:00:56.218+0000] {logging_mixin.py:190} INFO - [2025-12-18T20:00:56.217+0000] {dag.py:3239} INFO - Sync 1 DAGs
[2025-12-18T20:00:56.227+0000] {logging_mixin.py:190} INFO - [2025-12-18T20:00:56.227+0000] {dag.py:4180} INFO - Setting next_dagrun for transform_data to None, run_after=None
[2025-12-18T20:00:56.237+0000] {processor.py:208} INFO - Processing /opt/airflow/dags/transform_data.py took 0.066 seconds
[2025-12-18T20:01:26.374+0000] {processor.py:186} INFO - Started process (PID=121) to work on /opt/airflow/dags/transform_data.py
[2025-12-18T20:01:26.377+0000] {processor.py:914} INFO - Processing file /opt/airflow/dags/transform_data.py for tasks to queue
[2025-12-18T20:01:26.380+0000] {logging_mixin.py:190} INFO - [2025-12-18T20:01:26.379+0000] {dagbag.py:588} INFO - Filling up the DagBag from /opt/airflow/dags/transform_data.py
[2025-12-18T20:01:26.394+0000] {processor.py:925} INFO - DAG(s) 'transform_data' retrieved from /opt/airflow/dags/transform_data.py
[2025-12-18T20:01:26.425+0000] {logging_mixin.py:190} INFO - [2025-12-18T20:01:26.425+0000] {dag.py:3239} INFO - Sync 1 DAGs
[2025-12-18T20:01:26.433+0000] {logging_mixin.py:190} INFO - [2025-12-18T20:01:26.433+0000] {dag.py:4180} INFO - Setting next_dagrun for transform_data to None, run_after=None
[2025-12-18T20:01:26.444+0000] {processor.py:208} INFO - Processing /opt/airflow/dags/transform_data.py took 0.077 seconds
