[2025-12-18T19:46:33.651+0000] {local_task_job_runner.py:123} INFO - ::group::Pre task execution logs
[2025-12-18T19:46:33.667+0000] {taskinstance.py:2631} INFO - Dependencies all met for dep_context=non-requeueable deps ti=<TaskInstance: transform_data.minio_to_postgresql manual__2025-12-18T19:46:32.147362+00:00 [queued]>
[2025-12-18T19:46:33.672+0000] {taskinstance.py:2631} INFO - Dependencies all met for dep_context=requeueable deps ti=<TaskInstance: transform_data.minio_to_postgresql manual__2025-12-18T19:46:32.147362+00:00 [queued]>
[2025-12-18T19:46:33.672+0000] {taskinstance.py:2884} INFO - Starting attempt 1 of 1
[2025-12-18T19:46:33.679+0000] {taskinstance.py:2907} INFO - Executing <Task(_PythonVirtualenvDecoratedOperator): minio_to_postgresql> on 2025-12-18 19:46:32.147362+00:00
[2025-12-18T19:46:33.683+0000] {warnings.py:112} WARNING - /home/***/.local/lib/python3.12/site-packages/***/task/task_runner/standard_task_runner.py:70: DeprecationWarning: This process (pid=86) is multi-threaded, use of fork() may lead to deadlocks in the child.
  pid = os.fork()

[2025-12-18T19:46:33.683+0000] {standard_task_runner.py:72} INFO - Started process 87 to run task
[2025-12-18T19:46:33.685+0000] {standard_task_runner.py:104} INFO - Running: ['***', 'tasks', 'run', 'transform_data', 'minio_to_postgresql', 'manual__2025-12-18T19:46:32.147362+00:00', '--job-id', '10', '--raw', '--subdir', 'DAGS_FOLDER/transform_data.py', '--cfg-path', '/tmp/tmpdkdirzym']
[2025-12-18T19:46:33.686+0000] {standard_task_runner.py:105} INFO - Job 10: Subtask minio_to_postgresql
[2025-12-18T19:46:33.720+0000] {task_command.py:467} INFO - Running <TaskInstance: transform_data.minio_to_postgresql manual__2025-12-18T19:46:32.147362+00:00 [running]> on host 2cb2c23acd15
[2025-12-18T19:46:33.786+0000] {taskinstance.py:3157} INFO - Exporting env vars: AIRFLOW_CTX_DAG_OWNER='***' AIRFLOW_CTX_DAG_ID='transform_data' AIRFLOW_CTX_TASK_ID='minio_to_postgresql' AIRFLOW_CTX_EXECUTION_DATE='2025-12-18T19:46:32.147362+00:00' AIRFLOW_CTX_TRY_NUMBER='1' AIRFLOW_CTX_DAG_RUN_ID='manual__2025-12-18T19:46:32.147362+00:00'
[2025-12-18T19:46:33.786+0000] {taskinstance.py:740} INFO - ::endgroup::
[2025-12-18T19:46:33.789+0000] {process_utils.py:186} INFO - Executing cmd: /home/***/.local/bin/python -m virtualenv /tmp/venvy9xyapbc --python=python
[2025-12-18T19:46:33.790+0000] {process_utils.py:190} INFO - Output:
[2025-12-18T19:46:34.635+0000] {process_utils.py:194} INFO - created virtual environment CPython3.12.10.final.0-64 in 394ms
[2025-12-18T19:46:34.635+0000] {process_utils.py:194} INFO -   creator CPython3Posix(dest=/tmp/venvy9xyapbc, clear=False, no_vcs_ignore=False, global=False)
[2025-12-18T19:46:34.635+0000] {process_utils.py:194} INFO -   seeder FromAppData(download=False, pip=bundle, via=copy, app_data_dir=/home/***/.local/share/virtualenv)
[2025-12-18T19:46:34.635+0000] {process_utils.py:194} INFO -     added seed packages: pip==25.1.1
[2025-12-18T19:46:34.635+0000] {process_utils.py:194} INFO -   activators BashActivator,CShellActivator,FishActivator,NushellActivator,PowerShellActivator,PythonActivator
[2025-12-18T19:46:34.654+0000] {process_utils.py:186} INFO - Executing cmd: /tmp/venvy9xyapbc/bin/pip install -r /tmp/venvy9xyapbc/requirements.txt
[2025-12-18T19:46:34.654+0000] {process_utils.py:190} INFO - Output:
[2025-12-18T19:46:40.355+0000] {process_utils.py:194} INFO - Collecting pandas==2.3.3 (from -r /tmp/venvy9xyapbc/requirements.txt (line 1))
[2025-12-18T19:46:44.614+0000] {process_utils.py:194} INFO -   Downloading pandas-2.3.3-cp312-cp312-manylinux_2_24_x86_64.manylinux_2_28_x86_64.whl.metadata (91 kB)
[2025-12-18T19:46:44.933+0000] {process_utils.py:194} INFO - Collecting psycopg2-binary (from -r /tmp/venvy9xyapbc/requirements.txt (line 2))
[2025-12-18T19:46:44.996+0000] {process_utils.py:194} INFO -   Downloading psycopg2_binary-2.9.11-cp312-cp312-manylinux2014_x86_64.manylinux_2_17_x86_64.whl.metadata (4.9 kB)
[2025-12-18T19:46:45.216+0000] {process_utils.py:194} INFO - Collecting pyarrow==22.0.0 (from -r /tmp/venvy9xyapbc/requirements.txt (line 3))
[2025-12-18T19:46:45.325+0000] {process_utils.py:194} INFO -   Downloading pyarrow-22.0.0-cp312-cp312-manylinux_2_28_x86_64.whl.metadata (3.2 kB)
[2025-12-18T19:46:45.427+0000] {process_utils.py:194} INFO - Collecting s3fs (from -r /tmp/venvy9xyapbc/requirements.txt (line 4))
[2025-12-18T19:46:45.526+0000] {process_utils.py:194} INFO -   Downloading s3fs-2025.12.0-py3-none-any.whl.metadata (1.2 kB)
[2025-12-18T19:46:46.179+0000] {process_utils.py:194} INFO - Collecting sqlalchemy==2.0.45 (from -r /tmp/venvy9xyapbc/requirements.txt (line 5))
[2025-12-18T19:46:46.262+0000] {process_utils.py:194} INFO -   Downloading sqlalchemy-2.0.45-cp312-cp312-manylinux2014_x86_64.manylinux_2_17_x86_64.manylinux_2_28_x86_64.whl.metadata (9.5 kB)
[2025-12-18T19:46:46.674+0000] {process_utils.py:194} INFO - Collecting numpy>=1.26.0 (from pandas==2.3.3->-r /tmp/venvy9xyapbc/requirements.txt (line 1))
[2025-12-18T19:46:46.739+0000] {process_utils.py:194} INFO -   Downloading numpy-2.3.5-cp312-cp312-manylinux_2_27_x86_64.manylinux_2_28_x86_64.whl.metadata (62 kB)
[2025-12-18T19:46:46.872+0000] {process_utils.py:194} INFO - Collecting python-dateutil>=2.8.2 (from pandas==2.3.3->-r /tmp/venvy9xyapbc/requirements.txt (line 1))
[2025-12-18T19:46:46.938+0000] {process_utils.py:194} INFO -   Downloading python_dateutil-2.9.0.post0-py2.py3-none-any.whl.metadata (8.4 kB)
[2025-12-18T19:46:47.071+0000] {process_utils.py:194} INFO - Collecting pytz>=2020.1 (from pandas==2.3.3->-r /tmp/venvy9xyapbc/requirements.txt (line 1))
[2025-12-18T19:46:47.136+0000] {process_utils.py:194} INFO -   Downloading pytz-2025.2-py2.py3-none-any.whl.metadata (22 kB)
[2025-12-18T19:46:47.228+0000] {process_utils.py:194} INFO - Collecting tzdata>=2022.7 (from pandas==2.3.3->-r /tmp/venvy9xyapbc/requirements.txt (line 1))
[2025-12-18T19:46:47.291+0000] {process_utils.py:194} INFO -   Downloading tzdata-2025.3-py2.py3-none-any.whl.metadata (1.4 kB)
[2025-12-18T19:46:47.597+0000] {process_utils.py:194} INFO - Collecting greenlet>=1 (from sqlalchemy==2.0.45->-r /tmp/venvy9xyapbc/requirements.txt (line 5))
[2025-12-18T19:46:47.662+0000] {process_utils.py:194} INFO -   Downloading greenlet-3.3.0-cp312-cp312-manylinux_2_24_x86_64.manylinux_2_28_x86_64.whl.metadata (4.1 kB)
[2025-12-18T19:46:47.771+0000] {process_utils.py:194} INFO - Collecting typing-extensions>=4.6.0 (from sqlalchemy==2.0.45->-r /tmp/venvy9xyapbc/requirements.txt (line 5))
[2025-12-18T19:46:47.837+0000] {process_utils.py:194} INFO -   Downloading typing_extensions-4.15.0-py3-none-any.whl.metadata (3.3 kB)
[2025-12-18T19:46:47.950+0000] {process_utils.py:194} INFO - Collecting aiobotocore<3.0.0,>=2.5.4 (from s3fs->-r /tmp/venvy9xyapbc/requirements.txt (line 4))
[2025-12-18T19:46:48.013+0000] {process_utils.py:194} INFO -   Downloading aiobotocore-2.26.0-py3-none-any.whl.metadata (25 kB)
[2025-12-18T19:46:48.135+0000] {process_utils.py:194} INFO - Collecting fsspec==2025.12.0 (from s3fs->-r /tmp/venvy9xyapbc/requirements.txt (line 4))
[2025-12-18T19:46:48.197+0000] {process_utils.py:194} INFO -   Downloading fsspec-2025.12.0-py3-none-any.whl.metadata (10 kB)
[2025-12-18T19:46:49.183+0000] {process_utils.py:194} INFO - Collecting aiohttp!=4.0.0a0,!=4.0.0a1 (from s3fs->-r /tmp/venvy9xyapbc/requirements.txt (line 4))
[2025-12-18T19:46:49.239+0000] {process_utils.py:194} INFO -   Downloading aiohttp-3.13.2-cp312-cp312-manylinux2014_x86_64.manylinux_2_17_x86_64.manylinux_2_28_x86_64.whl.metadata (8.1 kB)
[2025-12-18T19:46:49.345+0000] {process_utils.py:194} INFO - Collecting aioitertools<1.0.0,>=0.5.1 (from aiobotocore<3.0.0,>=2.5.4->s3fs->-r /tmp/venvy9xyapbc/requirements.txt (line 4))
[2025-12-18T19:46:49.402+0000] {process_utils.py:194} INFO -   Downloading aioitertools-0.13.0-py3-none-any.whl.metadata (3.3 kB)
[2025-12-18T19:46:49.995+0000] {process_utils.py:194} INFO - Collecting botocore<1.41.6,>=1.41.0 (from aiobotocore<3.0.0,>=2.5.4->s3fs->-r /tmp/venvy9xyapbc/requirements.txt (line 4))
[2025-12-18T19:46:50.053+0000] {process_utils.py:194} INFO -   Downloading botocore-1.41.5-py3-none-any.whl.metadata (5.9 kB)
[2025-12-18T19:46:50.146+0000] {process_utils.py:194} INFO - Collecting jmespath<2.0.0,>=0.7.1 (from aiobotocore<3.0.0,>=2.5.4->s3fs->-r /tmp/venvy9xyapbc/requirements.txt (line 4))
[2025-12-18T19:46:50.202+0000] {process_utils.py:194} INFO -   Downloading jmespath-1.0.1-py3-none-any.whl.metadata (7.6 kB)
[2025-12-18T19:46:50.587+0000] {process_utils.py:194} INFO - Collecting multidict<7.0.0,>=6.0.0 (from aiobotocore<3.0.0,>=2.5.4->s3fs->-r /tmp/venvy9xyapbc/requirements.txt (line 4))
[2025-12-18T19:46:50.645+0000] {process_utils.py:194} INFO -   Downloading multidict-6.7.0-cp312-cp312-manylinux2014_x86_64.manylinux_2_17_x86_64.manylinux_2_28_x86_64.whl.metadata (5.3 kB)
[2025-12-18T19:46:50.985+0000] {process_utils.py:194} INFO - Collecting wrapt<2.0.0,>=1.10.10 (from aiobotocore<3.0.0,>=2.5.4->s3fs->-r /tmp/venvy9xyapbc/requirements.txt (line 4))
[2025-12-18T19:46:51.048+0000] {process_utils.py:194} INFO -   Downloading wrapt-1.17.3-cp312-cp312-manylinux1_x86_64.manylinux_2_28_x86_64.manylinux_2_5_x86_64.whl.metadata (6.4 kB)
[2025-12-18T19:46:51.149+0000] {process_utils.py:194} INFO - Collecting aiohappyeyeballs>=2.5.0 (from aiohttp!=4.0.0a0,!=4.0.0a1->s3fs->-r /tmp/venvy9xyapbc/requirements.txt (line 4))
[2025-12-18T19:46:51.219+0000] {process_utils.py:194} INFO -   Downloading aiohappyeyeballs-2.6.1-py3-none-any.whl.metadata (5.9 kB)
[2025-12-18T19:46:51.306+0000] {process_utils.py:194} INFO - Collecting aiosignal>=1.4.0 (from aiohttp!=4.0.0a0,!=4.0.0a1->s3fs->-r /tmp/venvy9xyapbc/requirements.txt (line 4))
[2025-12-18T19:46:51.364+0000] {process_utils.py:194} INFO -   Downloading aiosignal-1.4.0-py3-none-any.whl.metadata (3.7 kB)
[2025-12-18T19:46:51.457+0000] {process_utils.py:194} INFO - Collecting attrs>=17.3.0 (from aiohttp!=4.0.0a0,!=4.0.0a1->s3fs->-r /tmp/venvy9xyapbc/requirements.txt (line 4))
[2025-12-18T19:46:51.511+0000] {process_utils.py:194} INFO -   Downloading attrs-25.4.0-py3-none-any.whl.metadata (10 kB)
[2025-12-18T19:46:51.697+0000] {process_utils.py:194} INFO - Collecting frozenlist>=1.1.1 (from aiohttp!=4.0.0a0,!=4.0.0a1->s3fs->-r /tmp/venvy9xyapbc/requirements.txt (line 4))
[2025-12-18T19:46:51.762+0000] {process_utils.py:194} INFO -   Downloading frozenlist-1.8.0-cp312-cp312-manylinux1_x86_64.manylinux_2_28_x86_64.manylinux_2_5_x86_64.whl.metadata (20 kB)
[2025-12-18T19:46:51.992+0000] {process_utils.py:194} INFO - Collecting propcache>=0.2.0 (from aiohttp!=4.0.0a0,!=4.0.0a1->s3fs->-r /tmp/venvy9xyapbc/requirements.txt (line 4))
[2025-12-18T19:46:52.053+0000] {process_utils.py:194} INFO -   Downloading propcache-0.4.1-cp312-cp312-manylinux2014_x86_64.manylinux_2_17_x86_64.manylinux_2_28_x86_64.whl.metadata (13 kB)
[2025-12-18T19:46:52.494+0000] {process_utils.py:194} INFO - Collecting yarl<2.0,>=1.17.0 (from aiohttp!=4.0.0a0,!=4.0.0a1->s3fs->-r /tmp/venvy9xyapbc/requirements.txt (line 4))
[2025-12-18T19:46:52.552+0000] {process_utils.py:194} INFO -   Downloading yarl-1.22.0-cp312-cp312-manylinux2014_x86_64.manylinux_2_17_x86_64.manylinux_2_28_x86_64.whl.metadata (75 kB)
[2025-12-18T19:46:52.696+0000] {process_utils.py:194} INFO - Collecting urllib3!=2.2.0,<3,>=1.25.4 (from botocore<1.41.6,>=1.41.0->aiobotocore<3.0.0,>=2.5.4->s3fs->-r /tmp/venvy9xyapbc/requirements.txt (line 4))
[2025-12-18T19:46:52.756+0000] {process_utils.py:194} INFO -   Downloading urllib3-2.6.2-py3-none-any.whl.metadata (6.6 kB)
[2025-12-18T19:46:52.864+0000] {process_utils.py:194} INFO - Collecting six>=1.5 (from python-dateutil>=2.8.2->pandas==2.3.3->-r /tmp/venvy9xyapbc/requirements.txt (line 1))
[2025-12-18T19:46:52.921+0000] {process_utils.py:194} INFO -   Downloading six-1.17.0-py2.py3-none-any.whl.metadata (1.7 kB)
[2025-12-18T19:46:53.025+0000] {process_utils.py:194} INFO - Collecting idna>=2.0 (from yarl<2.0,>=1.17.0->aiohttp!=4.0.0a0,!=4.0.0a1->s3fs->-r /tmp/venvy9xyapbc/requirements.txt (line 4))
[2025-12-18T19:46:53.082+0000] {process_utils.py:194} INFO -   Downloading idna-3.11-py3-none-any.whl.metadata (8.4 kB)
[2025-12-18T19:46:53.199+0000] {process_utils.py:194} INFO - Downloading pandas-2.3.3-cp312-cp312-manylinux_2_24_x86_64.manylinux_2_28_x86_64.whl (12.4 MB)
[2025-12-18T19:46:56.442+0000] {process_utils.py:194} INFO -    ━━━━━━━━━━━━━━━━━━━━━━━━━━━━━━━━━━━━━━━━ 12.4/12.4 MB 3.9 MB/s eta 0:00:00
[2025-12-18T19:46:56.496+0000] {process_utils.py:194} INFO - Downloading pyarrow-22.0.0-cp312-cp312-manylinux_2_28_x86_64.whl (47.7 MB)
[2025-12-18T19:47:09.473+0000] {process_utils.py:194} INFO -    ━━━━━━━━━━━━━━━━━━━━━━━━━━━━━━━━━━━━━━━━ 47.7/47.7 MB 3.7 MB/s eta 0:00:00
[2025-12-18T19:47:09.530+0000] {process_utils.py:194} INFO - Downloading sqlalchemy-2.0.45-cp312-cp312-manylinux2014_x86_64.manylinux_2_17_x86_64.manylinux_2_28_x86_64.whl (3.3 MB)
[2025-12-18T19:47:10.519+0000] {process_utils.py:194} INFO -    ━━━━━━━━━━━━━━━━━━━━━━━━━━━━━━━━━━━━━━━━ 3.3/3.3 MB 3.4 MB/s eta 0:00:00
[2025-12-18T19:47:10.583+0000] {process_utils.py:194} INFO - Downloading psycopg2_binary-2.9.11-cp312-cp312-manylinux2014_x86_64.manylinux_2_17_x86_64.whl (4.2 MB)
[2025-12-18T19:47:11.935+0000] {process_utils.py:194} INFO -    ━━━━━━━━━━━━━━━━━━━━━━━━━━━━━━━━━━━━━━━━ 4.2/4.2 MB 3.1 MB/s eta 0:00:00
[2025-12-18T19:47:12.019+0000] {process_utils.py:194} INFO - Downloading s3fs-2025.12.0-py3-none-any.whl (30 kB)
[2025-12-18T19:47:12.101+0000] {process_utils.py:194} INFO - Downloading fsspec-2025.12.0-py3-none-any.whl (201 kB)
[2025-12-18T19:47:12.203+0000] {process_utils.py:194} INFO - Downloading aiobotocore-2.26.0-py3-none-any.whl (87 kB)
[2025-12-18T19:47:12.281+0000] {process_utils.py:194} INFO - Downloading aiohttp-3.13.2-cp312-cp312-manylinux2014_x86_64.manylinux_2_17_x86_64.manylinux_2_28_x86_64.whl (1.8 MB)
[2025-12-18T19:47:12.689+0000] {process_utils.py:194} INFO -    ━━━━━━━━━━━━━━━━━━━━━━━━━━━━━━━━━━━━━━━━ 1.8/1.8 MB 4.3 MB/s eta 0:00:00
[2025-12-18T19:47:12.746+0000] {process_utils.py:194} INFO - Downloading aioitertools-0.13.0-py3-none-any.whl (24 kB)
[2025-12-18T19:47:12.814+0000] {process_utils.py:194} INFO - Downloading botocore-1.41.5-py3-none-any.whl (14.3 MB)
[2025-12-18T19:47:17.972+0000] {process_utils.py:194} INFO -    ━━━━━━━━━━━━━━━━━━━━━━━━━━━━━━━━━━━━━━━━ 14.3/14.3 MB 2.8 MB/s eta 0:00:00
[2025-12-18T19:47:18.032+0000] {process_utils.py:194} INFO - Downloading jmespath-1.0.1-py3-none-any.whl (20 kB)
[2025-12-18T19:47:18.099+0000] {process_utils.py:194} INFO - Downloading multidict-6.7.0-cp312-cp312-manylinux2014_x86_64.manylinux_2_17_x86_64.manylinux_2_28_x86_64.whl (256 kB)
[2025-12-18T19:47:18.222+0000] {process_utils.py:194} INFO - Downloading python_dateutil-2.9.0.post0-py2.py3-none-any.whl (229 kB)
[2025-12-18T19:47:18.361+0000] {process_utils.py:194} INFO - Downloading urllib3-2.6.2-py3-none-any.whl (131 kB)
[2025-12-18T19:47:18.457+0000] {process_utils.py:194} INFO - Downloading wrapt-1.17.3-cp312-cp312-manylinux1_x86_64.manylinux_2_28_x86_64.manylinux_2_5_x86_64.whl (88 kB)
[2025-12-18T19:47:18.535+0000] {process_utils.py:194} INFO - Downloading yarl-1.22.0-cp312-cp312-manylinux2014_x86_64.manylinux_2_17_x86_64.manylinux_2_28_x86_64.whl (377 kB)
[2025-12-18T19:47:18.688+0000] {process_utils.py:194} INFO - Downloading aiohappyeyeballs-2.6.1-py3-none-any.whl (15 kB)
[2025-12-18T19:47:18.753+0000] {process_utils.py:194} INFO - Downloading aiosignal-1.4.0-py3-none-any.whl (7.5 kB)
[2025-12-18T19:47:18.814+0000] {process_utils.py:194} INFO - Downloading attrs-25.4.0-py3-none-any.whl (67 kB)
[2025-12-18T19:47:18.916+0000] {process_utils.py:194} INFO - Downloading frozenlist-1.8.0-cp312-cp312-manylinux1_x86_64.manylinux_2_28_x86_64.manylinux_2_5_x86_64.whl (242 kB)
[2025-12-18T19:47:19.093+0000] {process_utils.py:194} INFO - Downloading greenlet-3.3.0-cp312-cp312-manylinux_2_24_x86_64.manylinux_2_28_x86_64.whl (609 kB)
[2025-12-18T19:47:19.269+0000] {process_utils.py:194} INFO -    ━━━━━━━━━━━━━━━━━━━━━━━━━━━━━━━━━━━━━━━━ 609.9/609.9 kB 4.0 MB/s eta 0:00:00
[2025-12-18T19:47:19.328+0000] {process_utils.py:194} INFO - Downloading idna-3.11-py3-none-any.whl (71 kB)
[2025-12-18T19:47:19.402+0000] {process_utils.py:194} INFO - Downloading numpy-2.3.5-cp312-cp312-manylinux_2_27_x86_64.manylinux_2_28_x86_64.whl (16.6 MB)
[2025-12-18T19:47:25.187+0000] {process_utils.py:194} INFO -    ━━━━━━━━━━━━━━━━━━━━━━━━━━━━━━━━━━━━━━━━ 16.6/16.6 MB 2.9 MB/s eta 0:00:00
[2025-12-18T19:47:25.250+0000] {process_utils.py:194} INFO - Downloading propcache-0.4.1-cp312-cp312-manylinux2014_x86_64.manylinux_2_17_x86_64.manylinux_2_28_x86_64.whl (221 kB)
[2025-12-18T19:47:25.360+0000] {process_utils.py:194} INFO - Downloading pytz-2025.2-py2.py3-none-any.whl (509 kB)
[2025-12-18T19:47:25.557+0000] {process_utils.py:194} INFO - Downloading six-1.17.0-py2.py3-none-any.whl (11 kB)
[2025-12-18T19:47:25.624+0000] {process_utils.py:194} INFO - Downloading typing_extensions-4.15.0-py3-none-any.whl (44 kB)
[2025-12-18T19:47:25.692+0000] {process_utils.py:194} INFO - Downloading tzdata-2025.3-py2.py3-none-any.whl (348 kB)
[2025-12-18T19:47:25.966+0000] {process_utils.py:194} INFO - Installing collected packages: pytz, wrapt, urllib3, tzdata, typing-extensions, six, pyarrow, psycopg2-binary, propcache, numpy, multidict, jmespath, idna, greenlet, fsspec, frozenlist, attrs, aioitertools, aiohappyeyeballs, yarl, sqlalchemy, python-dateutil, aiosignal, pandas, botocore, aiohttp, aiobotocore, s3fs
[2025-12-18T19:47:33.991+0000] {process_utils.py:194} INFO - 
[2025-12-18T19:47:33.993+0000] {process_utils.py:194} INFO - Successfully installed aiobotocore-2.26.0 aiohappyeyeballs-2.6.1 aiohttp-3.13.2 aioitertools-0.13.0 aiosignal-1.4.0 attrs-25.4.0 botocore-1.41.5 frozenlist-1.8.0 fsspec-2025.12.0 greenlet-3.3.0 idna-3.11 jmespath-1.0.1 multidict-6.7.0 numpy-2.3.5 pandas-2.3.3 propcache-0.4.1 psycopg2-binary-2.9.11 pyarrow-22.0.0 python-dateutil-2.9.0.post0 pytz-2025.2 s3fs-2025.12.0 six-1.17.0 sqlalchemy-2.0.45 typing-extensions-4.15.0 tzdata-2025.3 urllib3-2.6.2 wrapt-1.17.3 yarl-1.22.0
[2025-12-18T19:47:34.182+0000] {process_utils.py:194} INFO - 
[2025-12-18T19:47:34.182+0000] {process_utils.py:194} INFO - [notice] A new release of pip is available: 25.1.1 -> 25.3
[2025-12-18T19:47:34.182+0000] {process_utils.py:194} INFO - [notice] To update, run: /tmp/venvy9xyapbc/bin/python -m pip install --upgrade pip
[2025-12-18T19:47:34.882+0000] {process_utils.py:186} INFO - Executing cmd: /tmp/venvy9xyapbc/bin/python /tmp/venv-calln2xndhho/script.py /tmp/venv-calln2xndhho/script.in /tmp/venv-calln2xndhho/script.out /tmp/venv-calln2xndhho/string_args.txt /tmp/venv-calln2xndhho/termination.log
[2025-12-18T19:47:34.882+0000] {process_utils.py:190} INFO - Output:
[2025-12-18T19:47:35.918+0000] {process_utils.py:194} INFO - Traceback (most recent call last):
[2025-12-18T19:47:35.919+0000] {process_utils.py:194} INFO -   File "/tmp/venv-calln2xndhho/script.py", line 77, in <module>
[2025-12-18T19:47:35.919+0000] {process_utils.py:194} INFO -     res = transform_data(*arg_dict["args"], **arg_dict["kwargs"])
[2025-12-18T19:47:35.919+0000] {process_utils.py:194} INFO -           ^^^^^^^^^^^^^^^^^^^^^^^^^^^^^^^^^^^^^^^^^^^^^^^^^^^^^^^
[2025-12-18T19:47:35.919+0000] {process_utils.py:194} INFO -   File "/tmp/venv-calln2xndhho/script.py", line 31, in transform_data
[2025-12-18T19:47:35.919+0000] {process_utils.py:194} INFO -     dataset = ds.dataset(
[2025-12-18T19:47:35.919+0000] {process_utils.py:194} INFO -               ^^^^^^^^^^^
[2025-12-18T19:47:35.919+0000] {process_utils.py:194} INFO -   File "/tmp/venvy9xyapbc/lib/python3.12/site-packages/pyarrow/dataset.py", line 790, in dataset
[2025-12-18T19:47:35.920+0000] {process_utils.py:194} INFO -     return _filesystem_dataset(source, **kwargs)
[2025-12-18T19:47:35.920+0000] {process_utils.py:194} INFO -            ^^^^^^^^^^^^^^^^^^^^^^^^^^^^^^^^^^^^^
[2025-12-18T19:47:35.920+0000] {process_utils.py:194} INFO -   File "/tmp/venvy9xyapbc/lib/python3.12/site-packages/pyarrow/dataset.py", line 472, in _filesystem_dataset
[2025-12-18T19:47:35.920+0000] {process_utils.py:194} INFO -     fs, paths_or_selector = _ensure_single_source(source, filesystem)
[2025-12-18T19:47:35.920+0000] {process_utils.py:194} INFO -                             ^^^^^^^^^^^^^^^^^^^^^^^^^^^^^^^^^^^^^^^^^
[2025-12-18T19:47:35.920+0000] {process_utils.py:194} INFO -   File "/tmp/venvy9xyapbc/lib/python3.12/site-packages/pyarrow/dataset.py", line 437, in _ensure_single_source
[2025-12-18T19:47:35.920+0000] {process_utils.py:194} INFO -     raise FileNotFoundError(path)
[2025-12-18T19:47:35.920+0000] {process_utils.py:194} INFO - FileNotFoundError: taxi/taxi-data
[2025-12-18T19:47:36.246+0000] {taskinstance.py:3336} ERROR - Task failed with exception
Traceback (most recent call last):
  File "/home/airflow/.local/lib/python3.12/site-packages/airflow/models/taskinstance.py", line 776, in _execute_task
    result = _execute_callable(context=context, **execute_callable_kwargs)
             ^^^^^^^^^^^^^^^^^^^^^^^^^^^^^^^^^^^^^^^^^^^^^^^^^^^^^^^^^^^^^
  File "/home/airflow/.local/lib/python3.12/site-packages/airflow/models/taskinstance.py", line 742, in _execute_callable
    return ExecutionCallableRunner(
           ^^^^^^^^^^^^^^^^^^^^^^^^
  File "/home/airflow/.local/lib/python3.12/site-packages/airflow/utils/operator_helpers.py", line 252, in run
    return self.func(*args, **kwargs)
           ^^^^^^^^^^^^^^^^^^^^^^^^^^
  File "/home/airflow/.local/lib/python3.12/site-packages/airflow/models/baseoperator.py", line 424, in wrapper
    return func(self, *args, **kwargs)
           ^^^^^^^^^^^^^^^^^^^^^^^^^^^
  File "/home/airflow/.local/lib/python3.12/site-packages/airflow/decorators/base.py", line 266, in execute
    return_value = super().execute(context)
                   ^^^^^^^^^^^^^^^^^^^^^^^^
  File "/home/airflow/.local/lib/python3.12/site-packages/airflow/models/baseoperator.py", line 424, in wrapper
    return func(self, *args, **kwargs)
           ^^^^^^^^^^^^^^^^^^^^^^^^^^^
  File "/home/airflow/.local/lib/python3.12/site-packages/airflow/operators/python.py", line 505, in execute
    return super().execute(context=serializable_context)
           ^^^^^^^^^^^^^^^^^^^^^^^^^^^^^^^^^^^^^^^^^^^^^
  File "/home/airflow/.local/lib/python3.12/site-packages/airflow/models/baseoperator.py", line 424, in wrapper
    return func(self, *args, **kwargs)
           ^^^^^^^^^^^^^^^^^^^^^^^^^^^
  File "/home/airflow/.local/lib/python3.12/site-packages/airflow/operators/python.py", line 238, in execute
    return_value = self.execute_callable()
                   ^^^^^^^^^^^^^^^^^^^^^^^
  File "/home/airflow/.local/lib/python3.12/site-packages/airflow/operators/python.py", line 870, in execute_callable
    result = self._execute_python_callable_in_subprocess(python_path)
             ^^^^^^^^^^^^^^^^^^^^^^^^^^^^^^^^^^^^^^^^^^^^^^^^^^^^^^^^
  File "/home/airflow/.local/lib/python3.12/site-packages/airflow/operators/python.py", line 588, in _execute_python_callable_in_subprocess
    raise AirflowException(error_msg) from None
airflow.exceptions.AirflowException: Process returned non-zero exit status 1.
taxi/taxi-data
[2025-12-18T19:47:36.249+0000] {taskinstance.py:1242} INFO - Marking task as FAILED. dag_id=transform_data, task_id=minio_to_postgresql, run_id=manual__2025-12-18T19:46:32.147362+00:00, execution_date=20251218T194632, start_date=20251218T194633, end_date=20251218T194736
[2025-12-18T19:47:36.273+0000] {taskinstance.py:349} INFO - ::group::Post task execution logs
[2025-12-18T19:47:36.273+0000] {standard_task_runner.py:124} ERROR - Failed to execute job 10 for task minio_to_postgresql (Process returned non-zero exit status 1.
taxi/taxi-data; 87)
Traceback (most recent call last):
  File "/home/airflow/.local/lib/python3.12/site-packages/airflow/task/task_runner/standard_task_runner.py", line 117, in _start_by_fork
    ret = args.func(args, dag=self.dag)
          ^^^^^^^^^^^^^^^^^^^^^^^^^^^^^
  File "/home/airflow/.local/lib/python3.12/site-packages/airflow/cli/cli_config.py", line 49, in command
    return func(*args, **kwargs)
           ^^^^^^^^^^^^^^^^^^^^^
  File "/home/airflow/.local/lib/python3.12/site-packages/airflow/utils/cli.py", line 116, in wrapper
    return f(*args, **kwargs)
           ^^^^^^^^^^^^^^^^^^
  File "/home/airflow/.local/lib/python3.12/site-packages/airflow/cli/commands/task_command.py", line 483, in task_run
    task_return_code = _run_task_by_selected_method(args, _dag, ti)
                       ^^^^^^^^^^^^^^^^^^^^^^^^^^^^^^^^^^^^^^^^^^^^
  File "/home/airflow/.local/lib/python3.12/site-packages/airflow/cli/commands/task_command.py", line 256, in _run_task_by_selected_method
    return _run_raw_task(args, ti)
           ^^^^^^^^^^^^^^^^^^^^^^^
  File "/home/airflow/.local/lib/python3.12/site-packages/airflow/cli/commands/task_command.py", line 341, in _run_raw_task
    return ti._run_raw_task(
           ^^^^^^^^^^^^^^^^^
  File "/home/airflow/.local/lib/python3.12/site-packages/airflow/utils/session.py", line 97, in wrapper
    return func(*args, session=session, **kwargs)
           ^^^^^^^^^^^^^^^^^^^^^^^^^^^^^^^^^^^^^^
  File "/home/airflow/.local/lib/python3.12/site-packages/airflow/models/taskinstance.py", line 3029, in _run_raw_task
    return _run_raw_task(
           ^^^^^^^^^^^^^^
  File "/home/airflow/.local/lib/python3.12/site-packages/airflow/models/taskinstance.py", line 282, in _run_raw_task
    TaskInstance._execute_task_with_callbacks(
  File "/home/airflow/.local/lib/python3.12/site-packages/airflow/models/taskinstance.py", line 3184, in _execute_task_with_callbacks
    result = self._execute_task(context, task_orig)
             ^^^^^^^^^^^^^^^^^^^^^^^^^^^^^^^^^^^^^^
  File "/home/airflow/.local/lib/python3.12/site-packages/airflow/models/taskinstance.py", line 3208, in _execute_task
    return _execute_task(self, context, task_orig)
           ^^^^^^^^^^^^^^^^^^^^^^^^^^^^^^^^^^^^^^^
  File "/home/airflow/.local/lib/python3.12/site-packages/airflow/models/taskinstance.py", line 776, in _execute_task
    result = _execute_callable(context=context, **execute_callable_kwargs)
             ^^^^^^^^^^^^^^^^^^^^^^^^^^^^^^^^^^^^^^^^^^^^^^^^^^^^^^^^^^^^^
  File "/home/airflow/.local/lib/python3.12/site-packages/airflow/models/taskinstance.py", line 742, in _execute_callable
    return ExecutionCallableRunner(
           ^^^^^^^^^^^^^^^^^^^^^^^^
  File "/home/airflow/.local/lib/python3.12/site-packages/airflow/utils/operator_helpers.py", line 252, in run
    return self.func(*args, **kwargs)
           ^^^^^^^^^^^^^^^^^^^^^^^^^^
  File "/home/airflow/.local/lib/python3.12/site-packages/airflow/models/baseoperator.py", line 424, in wrapper
    return func(self, *args, **kwargs)
           ^^^^^^^^^^^^^^^^^^^^^^^^^^^
  File "/home/airflow/.local/lib/python3.12/site-packages/airflow/decorators/base.py", line 266, in execute
    return_value = super().execute(context)
                   ^^^^^^^^^^^^^^^^^^^^^^^^
  File "/home/airflow/.local/lib/python3.12/site-packages/airflow/models/baseoperator.py", line 424, in wrapper
    return func(self, *args, **kwargs)
           ^^^^^^^^^^^^^^^^^^^^^^^^^^^
  File "/home/airflow/.local/lib/python3.12/site-packages/airflow/operators/python.py", line 505, in execute
    return super().execute(context=serializable_context)
           ^^^^^^^^^^^^^^^^^^^^^^^^^^^^^^^^^^^^^^^^^^^^^
  File "/home/airflow/.local/lib/python3.12/site-packages/airflow/models/baseoperator.py", line 424, in wrapper
    return func(self, *args, **kwargs)
           ^^^^^^^^^^^^^^^^^^^^^^^^^^^
  File "/home/airflow/.local/lib/python3.12/site-packages/airflow/operators/python.py", line 238, in execute
    return_value = self.execute_callable()
                   ^^^^^^^^^^^^^^^^^^^^^^^
  File "/home/airflow/.local/lib/python3.12/site-packages/airflow/operators/python.py", line 870, in execute_callable
    result = self._execute_python_callable_in_subprocess(python_path)
             ^^^^^^^^^^^^^^^^^^^^^^^^^^^^^^^^^^^^^^^^^^^^^^^^^^^^^^^^
  File "/home/airflow/.local/lib/python3.12/site-packages/airflow/operators/python.py", line 588, in _execute_python_callable_in_subprocess
    raise AirflowException(error_msg) from None
airflow.exceptions.AirflowException: Process returned non-zero exit status 1.
taxi/taxi-data
[2025-12-18T19:47:36.308+0000] {local_task_job_runner.py:266} INFO - Task exited with return code 1
[2025-12-18T19:47:36.327+0000] {taskinstance.py:3924} INFO - 0 downstream tasks scheduled from follow-on schedule check
[2025-12-18T19:47:36.329+0000] {local_task_job_runner.py:245} INFO - ::endgroup::
