[2025-12-18T19:43:23.281+0000] {local_task_job_runner.py:123} INFO - ::group::Pre task execution logs
[2025-12-18T19:43:23.301+0000] {taskinstance.py:2631} INFO - Dependencies all met for dep_context=non-requeueable deps ti=<TaskInstance: transform_data.minio_to_postgresql manual__2025-12-18T19:43:22.547422+00:00 [queued]>
[2025-12-18T19:43:23.307+0000] {taskinstance.py:2631} INFO - Dependencies all met for dep_context=requeueable deps ti=<TaskInstance: transform_data.minio_to_postgresql manual__2025-12-18T19:43:22.547422+00:00 [queued]>
[2025-12-18T19:43:23.307+0000] {taskinstance.py:2884} INFO - Starting attempt 1 of 1
[2025-12-18T19:43:23.316+0000] {taskinstance.py:2907} INFO - Executing <Task(_PythonVirtualenvDecoratedOperator): minio_to_postgresql> on 2025-12-18 19:43:22.547422+00:00
[2025-12-18T19:43:23.322+0000] {warnings.py:112} WARNING - /home/***/.local/lib/python3.12/site-packages/***/task/task_runner/standard_task_runner.py:70: DeprecationWarning: This process (pid=273) is multi-threaded, use of fork() may lead to deadlocks in the child.
  pid = os.fork()

[2025-12-18T19:43:23.323+0000] {standard_task_runner.py:72} INFO - Started process 274 to run task
[2025-12-18T19:43:23.323+0000] {standard_task_runner.py:104} INFO - Running: ['***', 'tasks', 'run', 'transform_data', 'minio_to_postgresql', 'manual__2025-12-18T19:43:22.547422+00:00', '--job-id', '7', '--raw', '--subdir', 'DAGS_FOLDER/transform_data.py', '--cfg-path', '/tmp/tmph55vhse7']
[2025-12-18T19:43:23.324+0000] {standard_task_runner.py:105} INFO - Job 7: Subtask minio_to_postgresql
[2025-12-18T19:43:23.357+0000] {task_command.py:467} INFO - Running <TaskInstance: transform_data.minio_to_postgresql manual__2025-12-18T19:43:22.547422+00:00 [running]> on host 1242c71d128c
[2025-12-18T19:43:23.453+0000] {taskinstance.py:3157} INFO - Exporting env vars: AIRFLOW_CTX_DAG_OWNER='***' AIRFLOW_CTX_DAG_ID='transform_data' AIRFLOW_CTX_TASK_ID='minio_to_postgresql' AIRFLOW_CTX_EXECUTION_DATE='2025-12-18T19:43:22.547422+00:00' AIRFLOW_CTX_TRY_NUMBER='1' AIRFLOW_CTX_DAG_RUN_ID='manual__2025-12-18T19:43:22.547422+00:00'
[2025-12-18T19:43:23.454+0000] {taskinstance.py:740} INFO - ::endgroup::
[2025-12-18T19:43:23.456+0000] {process_utils.py:186} INFO - Executing cmd: /home/***/.local/bin/python -m virtualenv /tmp/venvtmet_1cb --python=python
[2025-12-18T19:43:23.456+0000] {process_utils.py:190} INFO - Output:
[2025-12-18T19:43:24.028+0000] {process_utils.py:194} INFO - created virtual environment CPython3.12.10.final.0-64 in 126ms
[2025-12-18T19:43:24.028+0000] {process_utils.py:194} INFO -   creator CPython3Posix(dest=/tmp/venvtmet_1cb, clear=False, no_vcs_ignore=False, global=False)
[2025-12-18T19:43:24.028+0000] {process_utils.py:194} INFO -   seeder FromAppData(download=False, pip=bundle, via=copy, app_data_dir=/home/***/.local/share/virtualenv)
[2025-12-18T19:43:24.028+0000] {process_utils.py:194} INFO -     added seed packages: pip==25.1.1
[2025-12-18T19:43:24.028+0000] {process_utils.py:194} INFO -   activators BashActivator,CShellActivator,FishActivator,NushellActivator,PowerShellActivator,PythonActivator
[2025-12-18T19:43:24.045+0000] {process_utils.py:186} INFO - Executing cmd: /tmp/venvtmet_1cb/bin/pip install -r /tmp/venvtmet_1cb/requirements.txt
[2025-12-18T19:43:24.045+0000] {process_utils.py:190} INFO - Output:
[2025-12-18T19:43:25.343+0000] {process_utils.py:194} INFO - Collecting pandas==2.3.3 (from -r /tmp/venvtmet_1cb/requirements.txt (line 1))
[2025-12-18T19:43:25.344+0000] {process_utils.py:194} INFO -   Using cached pandas-2.3.3-cp312-cp312-manylinux_2_24_x86_64.manylinux_2_28_x86_64.whl.metadata (91 kB)
[2025-12-18T19:43:25.497+0000] {process_utils.py:194} INFO - Collecting psycopg2-binary (from -r /tmp/venvtmet_1cb/requirements.txt (line 2))
[2025-12-18T19:43:25.498+0000] {process_utils.py:194} INFO -   Using cached psycopg2_binary-2.9.11-cp312-cp312-manylinux2014_x86_64.manylinux_2_17_x86_64.whl.metadata (4.9 kB)
[2025-12-18T19:43:25.647+0000] {process_utils.py:194} INFO - Collecting pyarrow==22.0.0 (from -r /tmp/venvtmet_1cb/requirements.txt (line 3))
[2025-12-18T19:43:25.648+0000] {process_utils.py:194} INFO -   Using cached pyarrow-22.0.0-cp312-cp312-manylinux_2_28_x86_64.whl.metadata (3.2 kB)
[2025-12-18T19:43:25.737+0000] {process_utils.py:194} INFO - Collecting s3fs (from -r /tmp/venvtmet_1cb/requirements.txt (line 4))
[2025-12-18T19:43:25.738+0000] {process_utils.py:194} INFO -   Using cached s3fs-2025.12.0-py3-none-any.whl.metadata (1.2 kB)
[2025-12-18T19:43:25.980+0000] {process_utils.py:194} INFO - Collecting sqlalchemy==2.0.45 (from -r /tmp/venvtmet_1cb/requirements.txt (line 5))
[2025-12-18T19:43:25.981+0000] {process_utils.py:194} INFO -   Using cached sqlalchemy-2.0.45-cp312-cp312-manylinux2014_x86_64.manylinux_2_17_x86_64.manylinux_2_28_x86_64.whl.metadata (9.5 kB)
[2025-12-18T19:43:26.179+0000] {process_utils.py:194} INFO - Collecting numpy>=1.26.0 (from pandas==2.3.3->-r /tmp/venvtmet_1cb/requirements.txt (line 1))
[2025-12-18T19:43:26.180+0000] {process_utils.py:194} INFO -   Using cached numpy-2.3.5-cp312-cp312-manylinux_2_27_x86_64.manylinux_2_28_x86_64.whl.metadata (62 kB)
[2025-12-18T19:43:26.261+0000] {process_utils.py:194} INFO - Collecting python-dateutil>=2.8.2 (from pandas==2.3.3->-r /tmp/venvtmet_1cb/requirements.txt (line 1))
[2025-12-18T19:43:26.262+0000] {process_utils.py:194} INFO -   Using cached python_dateutil-2.9.0.post0-py2.py3-none-any.whl.metadata (8.4 kB)
[2025-12-18T19:43:26.372+0000] {process_utils.py:194} INFO - Collecting pytz>=2020.1 (from pandas==2.3.3->-r /tmp/venvtmet_1cb/requirements.txt (line 1))
[2025-12-18T19:43:26.373+0000] {process_utils.py:194} INFO -   Using cached pytz-2025.2-py2.py3-none-any.whl.metadata (22 kB)
[2025-12-18T19:43:26.447+0000] {process_utils.py:194} INFO - Collecting tzdata>=2022.7 (from pandas==2.3.3->-r /tmp/venvtmet_1cb/requirements.txt (line 1))
[2025-12-18T19:43:26.449+0000] {process_utils.py:194} INFO -   Using cached tzdata-2025.3-py2.py3-none-any.whl.metadata (1.4 kB)
[2025-12-18T19:43:26.644+0000] {process_utils.py:194} INFO - Collecting greenlet>=1 (from sqlalchemy==2.0.45->-r /tmp/venvtmet_1cb/requirements.txt (line 5))
[2025-12-18T19:43:26.645+0000] {process_utils.py:194} INFO -   Using cached greenlet-3.3.0-cp312-cp312-manylinux_2_24_x86_64.manylinux_2_28_x86_64.whl.metadata (4.1 kB)
[2025-12-18T19:43:26.738+0000] {process_utils.py:194} INFO - Collecting typing-extensions>=4.6.0 (from sqlalchemy==2.0.45->-r /tmp/venvtmet_1cb/requirements.txt (line 5))
[2025-12-18T19:43:26.740+0000] {process_utils.py:194} INFO -   Using cached typing_extensions-4.15.0-py3-none-any.whl.metadata (3.3 kB)
[2025-12-18T19:43:26.846+0000] {process_utils.py:194} INFO - Collecting aiobotocore<3.0.0,>=2.5.4 (from s3fs->-r /tmp/venvtmet_1cb/requirements.txt (line 4))
[2025-12-18T19:43:26.847+0000] {process_utils.py:194} INFO -   Using cached aiobotocore-2.26.0-py3-none-any.whl.metadata (25 kB)
[2025-12-18T19:43:26.934+0000] {process_utils.py:194} INFO - Collecting fsspec==2025.12.0 (from s3fs->-r /tmp/venvtmet_1cb/requirements.txt (line 4))
[2025-12-18T19:43:26.935+0000] {process_utils.py:194} INFO -   Using cached fsspec-2025.12.0-py3-none-any.whl.metadata (10 kB)
[2025-12-18T19:43:27.323+0000] {process_utils.py:194} INFO - Collecting aiohttp!=4.0.0a0,!=4.0.0a1 (from s3fs->-r /tmp/venvtmet_1cb/requirements.txt (line 4))
[2025-12-18T19:43:27.324+0000] {process_utils.py:194} INFO -   Using cached aiohttp-3.13.2-cp312-cp312-manylinux2014_x86_64.manylinux_2_17_x86_64.manylinux_2_28_x86_64.whl.metadata (8.1 kB)
[2025-12-18T19:43:27.415+0000] {process_utils.py:194} INFO - Collecting aioitertools<1.0.0,>=0.5.1 (from aiobotocore<3.0.0,>=2.5.4->s3fs->-r /tmp/venvtmet_1cb/requirements.txt (line 4))
[2025-12-18T19:43:27.417+0000] {process_utils.py:194} INFO -   Using cached aioitertools-0.13.0-py3-none-any.whl.metadata (3.3 kB)
[2025-12-18T19:43:27.742+0000] {process_utils.py:194} INFO - Collecting botocore<1.41.6,>=1.41.0 (from aiobotocore<3.0.0,>=2.5.4->s3fs->-r /tmp/venvtmet_1cb/requirements.txt (line 4))
[2025-12-18T19:43:27.743+0000] {process_utils.py:194} INFO -   Using cached botocore-1.41.5-py3-none-any.whl.metadata (5.9 kB)
[2025-12-18T19:43:27.826+0000] {process_utils.py:194} INFO - Collecting jmespath<2.0.0,>=0.7.1 (from aiobotocore<3.0.0,>=2.5.4->s3fs->-r /tmp/venvtmet_1cb/requirements.txt (line 4))
[2025-12-18T19:43:27.828+0000] {process_utils.py:194} INFO -   Using cached jmespath-1.0.1-py3-none-any.whl.metadata (7.6 kB)
[2025-12-18T19:43:28.041+0000] {process_utils.py:194} INFO - Collecting multidict<7.0.0,>=6.0.0 (from aiobotocore<3.0.0,>=2.5.4->s3fs->-r /tmp/venvtmet_1cb/requirements.txt (line 4))
[2025-12-18T19:43:28.042+0000] {process_utils.py:194} INFO -   Using cached multidict-6.7.0-cp312-cp312-manylinux2014_x86_64.manylinux_2_17_x86_64.manylinux_2_28_x86_64.whl.metadata (5.3 kB)
[2025-12-18T19:43:28.234+0000] {process_utils.py:194} INFO - Collecting wrapt<2.0.0,>=1.10.10 (from aiobotocore<3.0.0,>=2.5.4->s3fs->-r /tmp/venvtmet_1cb/requirements.txt (line 4))
[2025-12-18T19:43:28.235+0000] {process_utils.py:194} INFO -   Using cached wrapt-1.17.3-cp312-cp312-manylinux1_x86_64.manylinux_2_28_x86_64.manylinux_2_5_x86_64.whl.metadata (6.4 kB)
[2025-12-18T19:43:28.317+0000] {process_utils.py:194} INFO - Collecting aiohappyeyeballs>=2.5.0 (from aiohttp!=4.0.0a0,!=4.0.0a1->s3fs->-r /tmp/venvtmet_1cb/requirements.txt (line 4))
[2025-12-18T19:43:28.318+0000] {process_utils.py:194} INFO -   Using cached aiohappyeyeballs-2.6.1-py3-none-any.whl.metadata (5.9 kB)
[2025-12-18T19:43:28.389+0000] {process_utils.py:194} INFO - Collecting aiosignal>=1.4.0 (from aiohttp!=4.0.0a0,!=4.0.0a1->s3fs->-r /tmp/venvtmet_1cb/requirements.txt (line 4))
[2025-12-18T19:43:28.391+0000] {process_utils.py:194} INFO -   Using cached aiosignal-1.4.0-py3-none-any.whl.metadata (3.7 kB)
[2025-12-18T19:43:28.473+0000] {process_utils.py:194} INFO - Collecting attrs>=17.3.0 (from aiohttp!=4.0.0a0,!=4.0.0a1->s3fs->-r /tmp/venvtmet_1cb/requirements.txt (line 4))
[2025-12-18T19:43:28.475+0000] {process_utils.py:194} INFO -   Using cached attrs-25.4.0-py3-none-any.whl.metadata (10 kB)
[2025-12-18T19:43:28.594+0000] {process_utils.py:194} INFO - Collecting frozenlist>=1.1.1 (from aiohttp!=4.0.0a0,!=4.0.0a1->s3fs->-r /tmp/venvtmet_1cb/requirements.txt (line 4))
[2025-12-18T19:43:28.595+0000] {process_utils.py:194} INFO -   Using cached frozenlist-1.8.0-cp312-cp312-manylinux1_x86_64.manylinux_2_28_x86_64.manylinux_2_5_x86_64.whl.metadata (20 kB)
[2025-12-18T19:43:28.705+0000] {process_utils.py:194} INFO - Collecting propcache>=0.2.0 (from aiohttp!=4.0.0a0,!=4.0.0a1->s3fs->-r /tmp/venvtmet_1cb/requirements.txt (line 4))
[2025-12-18T19:43:28.706+0000] {process_utils.py:194} INFO -   Using cached propcache-0.4.1-cp312-cp312-manylinux2014_x86_64.manylinux_2_17_x86_64.manylinux_2_28_x86_64.whl.metadata (13 kB)
[2025-12-18T19:43:28.922+0000] {process_utils.py:194} INFO - Collecting yarl<2.0,>=1.17.0 (from aiohttp!=4.0.0a0,!=4.0.0a1->s3fs->-r /tmp/venvtmet_1cb/requirements.txt (line 4))
[2025-12-18T19:43:28.923+0000] {process_utils.py:194} INFO -   Using cached yarl-1.22.0-cp312-cp312-manylinux2014_x86_64.manylinux_2_17_x86_64.manylinux_2_28_x86_64.whl.metadata (75 kB)
[2025-12-18T19:43:29.030+0000] {process_utils.py:194} INFO - Collecting urllib3!=2.2.0,<3,>=1.25.4 (from botocore<1.41.6,>=1.41.0->aiobotocore<3.0.0,>=2.5.4->s3fs->-r /tmp/venvtmet_1cb/requirements.txt (line 4))
[2025-12-18T19:43:29.031+0000] {process_utils.py:194} INFO -   Using cached urllib3-2.6.2-py3-none-any.whl.metadata (6.6 kB)
[2025-12-18T19:43:29.117+0000] {process_utils.py:194} INFO - Collecting six>=1.5 (from python-dateutil>=2.8.2->pandas==2.3.3->-r /tmp/venvtmet_1cb/requirements.txt (line 1))
[2025-12-18T19:43:29.120+0000] {process_utils.py:194} INFO -   Using cached six-1.17.0-py2.py3-none-any.whl.metadata (1.7 kB)
[2025-12-18T19:43:29.209+0000] {process_utils.py:194} INFO - Collecting idna>=2.0 (from yarl<2.0,>=1.17.0->aiohttp!=4.0.0a0,!=4.0.0a1->s3fs->-r /tmp/venvtmet_1cb/requirements.txt (line 4))
[2025-12-18T19:43:29.212+0000] {process_utils.py:194} INFO -   Using cached idna-3.11-py3-none-any.whl.metadata (8.4 kB)
[2025-12-18T19:43:29.237+0000] {process_utils.py:194} INFO - Using cached pandas-2.3.3-cp312-cp312-manylinux_2_24_x86_64.manylinux_2_28_x86_64.whl (12.4 MB)
[2025-12-18T19:43:29.244+0000] {process_utils.py:194} INFO - Using cached pyarrow-22.0.0-cp312-cp312-manylinux_2_28_x86_64.whl (47.7 MB)
[2025-12-18T19:43:29.266+0000] {process_utils.py:194} INFO - Using cached sqlalchemy-2.0.45-cp312-cp312-manylinux2014_x86_64.manylinux_2_17_x86_64.manylinux_2_28_x86_64.whl (3.3 MB)
[2025-12-18T19:43:29.268+0000] {process_utils.py:194} INFO - Using cached psycopg2_binary-2.9.11-cp312-cp312-manylinux2014_x86_64.manylinux_2_17_x86_64.whl (4.2 MB)
[2025-12-18T19:43:29.271+0000] {process_utils.py:194} INFO - Using cached s3fs-2025.12.0-py3-none-any.whl (30 kB)
[2025-12-18T19:43:29.272+0000] {process_utils.py:194} INFO - Using cached fsspec-2025.12.0-py3-none-any.whl (201 kB)
[2025-12-18T19:43:29.272+0000] {process_utils.py:194} INFO - Using cached aiobotocore-2.26.0-py3-none-any.whl (87 kB)
[2025-12-18T19:43:29.273+0000] {process_utils.py:194} INFO - Using cached aiohttp-3.13.2-cp312-cp312-manylinux2014_x86_64.manylinux_2_17_x86_64.manylinux_2_28_x86_64.whl (1.8 MB)
[2025-12-18T19:43:29.275+0000] {process_utils.py:194} INFO - Using cached aioitertools-0.13.0-py3-none-any.whl (24 kB)
[2025-12-18T19:43:29.276+0000] {process_utils.py:194} INFO - Using cached botocore-1.41.5-py3-none-any.whl (14.3 MB)
[2025-12-18T19:43:29.283+0000] {process_utils.py:194} INFO - Using cached jmespath-1.0.1-py3-none-any.whl (20 kB)
[2025-12-18T19:43:29.284+0000] {process_utils.py:194} INFO - Using cached multidict-6.7.0-cp312-cp312-manylinux2014_x86_64.manylinux_2_17_x86_64.manylinux_2_28_x86_64.whl (256 kB)
[2025-12-18T19:43:29.285+0000] {process_utils.py:194} INFO - Using cached python_dateutil-2.9.0.post0-py2.py3-none-any.whl (229 kB)
[2025-12-18T19:43:29.286+0000] {process_utils.py:194} INFO - Using cached urllib3-2.6.2-py3-none-any.whl (131 kB)
[2025-12-18T19:43:29.286+0000] {process_utils.py:194} INFO - Using cached wrapt-1.17.3-cp312-cp312-manylinux1_x86_64.manylinux_2_28_x86_64.manylinux_2_5_x86_64.whl (88 kB)
[2025-12-18T19:43:29.287+0000] {process_utils.py:194} INFO - Using cached yarl-1.22.0-cp312-cp312-manylinux2014_x86_64.manylinux_2_17_x86_64.manylinux_2_28_x86_64.whl (377 kB)
[2025-12-18T19:43:29.288+0000] {process_utils.py:194} INFO - Using cached aiohappyeyeballs-2.6.1-py3-none-any.whl (15 kB)
[2025-12-18T19:43:29.289+0000] {process_utils.py:194} INFO - Using cached aiosignal-1.4.0-py3-none-any.whl (7.5 kB)
[2025-12-18T19:43:29.290+0000] {process_utils.py:194} INFO - Using cached attrs-25.4.0-py3-none-any.whl (67 kB)
[2025-12-18T19:43:29.291+0000] {process_utils.py:194} INFO - Using cached frozenlist-1.8.0-cp312-cp312-manylinux1_x86_64.manylinux_2_28_x86_64.manylinux_2_5_x86_64.whl (242 kB)
[2025-12-18T19:43:29.291+0000] {process_utils.py:194} INFO - Using cached greenlet-3.3.0-cp312-cp312-manylinux_2_24_x86_64.manylinux_2_28_x86_64.whl (609 kB)
[2025-12-18T19:43:29.292+0000] {process_utils.py:194} INFO - Using cached idna-3.11-py3-none-any.whl (71 kB)
[2025-12-18T19:43:29.293+0000] {process_utils.py:194} INFO - Using cached numpy-2.3.5-cp312-cp312-manylinux_2_27_x86_64.manylinux_2_28_x86_64.whl (16.6 MB)
[2025-12-18T19:43:29.301+0000] {process_utils.py:194} INFO - Using cached propcache-0.4.1-cp312-cp312-manylinux2014_x86_64.manylinux_2_17_x86_64.manylinux_2_28_x86_64.whl (221 kB)
[2025-12-18T19:43:29.302+0000] {process_utils.py:194} INFO - Using cached pytz-2025.2-py2.py3-none-any.whl (509 kB)
[2025-12-18T19:43:29.303+0000] {process_utils.py:194} INFO - Using cached six-1.17.0-py2.py3-none-any.whl (11 kB)
[2025-12-18T19:43:29.304+0000] {process_utils.py:194} INFO - Using cached typing_extensions-4.15.0-py3-none-any.whl (44 kB)
[2025-12-18T19:43:29.305+0000] {process_utils.py:194} INFO - Using cached tzdata-2025.3-py2.py3-none-any.whl (348 kB)
[2025-12-18T19:43:29.484+0000] {process_utils.py:194} INFO - Installing collected packages: pytz, wrapt, urllib3, tzdata, typing-extensions, six, pyarrow, psycopg2-binary, propcache, numpy, multidict, jmespath, idna, greenlet, fsspec, frozenlist, attrs, aioitertools, aiohappyeyeballs, yarl, sqlalchemy, python-dateutil, aiosignal, pandas, botocore, aiohttp, aiobotocore, s3fs
[2025-12-18T19:43:36.958+0000] {process_utils.py:194} INFO - 
[2025-12-18T19:43:36.960+0000] {process_utils.py:194} INFO - Successfully installed aiobotocore-2.26.0 aiohappyeyeballs-2.6.1 aiohttp-3.13.2 aioitertools-0.13.0 aiosignal-1.4.0 attrs-25.4.0 botocore-1.41.5 frozenlist-1.8.0 fsspec-2025.12.0 greenlet-3.3.0 idna-3.11 jmespath-1.0.1 multidict-6.7.0 numpy-2.3.5 pandas-2.3.3 propcache-0.4.1 psycopg2-binary-2.9.11 pyarrow-22.0.0 python-dateutil-2.9.0.post0 pytz-2025.2 s3fs-2025.12.0 six-1.17.0 sqlalchemy-2.0.45 typing-extensions-4.15.0 tzdata-2025.3 urllib3-2.6.2 wrapt-1.17.3 yarl-1.22.0
[2025-12-18T19:43:37.256+0000] {process_utils.py:194} INFO - 
[2025-12-18T19:43:37.256+0000] {process_utils.py:194} INFO - [notice] A new release of pip is available: 25.1.1 -> 25.3
[2025-12-18T19:43:37.256+0000] {process_utils.py:194} INFO - [notice] To update, run: /tmp/venvtmet_1cb/bin/python -m pip install --upgrade pip
[2025-12-18T19:43:37.726+0000] {process_utils.py:186} INFO - Executing cmd: /tmp/venvtmet_1cb/bin/python /tmp/venv-call87l1s33w/script.py /tmp/venv-call87l1s33w/script.in /tmp/venv-call87l1s33w/script.out /tmp/venv-call87l1s33w/string_args.txt /tmp/venv-call87l1s33w/termination.log
[2025-12-18T19:43:37.726+0000] {process_utils.py:190} INFO - Output:
[2025-12-18T19:43:38.767+0000] {process_utils.py:194} INFO - Traceback (most recent call last):
[2025-12-18T19:43:38.767+0000] {process_utils.py:194} INFO -   File "/tmp/venv-call87l1s33w/script.py", line 77, in <module>
[2025-12-18T19:43:38.768+0000] {process_utils.py:194} INFO -     res = transform_data(*arg_dict["args"], **arg_dict["kwargs"])
[2025-12-18T19:43:38.768+0000] {process_utils.py:194} INFO -           ^^^^^^^^^^^^^^^^^^^^^^^^^^^^^^^^^^^^^^^^^^^^^^^^^^^^^^^
[2025-12-18T19:43:38.768+0000] {process_utils.py:194} INFO -   File "/tmp/venv-call87l1s33w/script.py", line 31, in transform_data
[2025-12-18T19:43:38.768+0000] {process_utils.py:194} INFO -     dataset = ds.dataset(
[2025-12-18T19:43:38.768+0000] {process_utils.py:194} INFO -               ^^^^^^^^^^^
[2025-12-18T19:43:38.768+0000] {process_utils.py:194} INFO -   File "/tmp/venvtmet_1cb/lib/python3.12/site-packages/pyarrow/dataset.py", line 790, in dataset
[2025-12-18T19:43:38.768+0000] {process_utils.py:194} INFO -     return _filesystem_dataset(source, **kwargs)
[2025-12-18T19:43:38.768+0000] {process_utils.py:194} INFO -            ^^^^^^^^^^^^^^^^^^^^^^^^^^^^^^^^^^^^^
[2025-12-18T19:43:38.768+0000] {process_utils.py:194} INFO -   File "/tmp/venvtmet_1cb/lib/python3.12/site-packages/pyarrow/dataset.py", line 472, in _filesystem_dataset
[2025-12-18T19:43:38.769+0000] {process_utils.py:194} INFO -     fs, paths_or_selector = _ensure_single_source(source, filesystem)
[2025-12-18T19:43:38.769+0000] {process_utils.py:194} INFO -                             ^^^^^^^^^^^^^^^^^^^^^^^^^^^^^^^^^^^^^^^^^
[2025-12-18T19:43:38.769+0000] {process_utils.py:194} INFO -   File "/tmp/venvtmet_1cb/lib/python3.12/site-packages/pyarrow/dataset.py", line 437, in _ensure_single_source
[2025-12-18T19:43:38.769+0000] {process_utils.py:194} INFO -     raise FileNotFoundError(path)
[2025-12-18T19:43:38.769+0000] {process_utils.py:194} INFO - FileNotFoundError: taxi/taxi-data
[2025-12-18T19:43:39.086+0000] {taskinstance.py:3336} ERROR - Task failed with exception
Traceback (most recent call last):
  File "/home/airflow/.local/lib/python3.12/site-packages/airflow/models/taskinstance.py", line 776, in _execute_task
    result = _execute_callable(context=context, **execute_callable_kwargs)
             ^^^^^^^^^^^^^^^^^^^^^^^^^^^^^^^^^^^^^^^^^^^^^^^^^^^^^^^^^^^^^
  File "/home/airflow/.local/lib/python3.12/site-packages/airflow/models/taskinstance.py", line 742, in _execute_callable
    return ExecutionCallableRunner(
           ^^^^^^^^^^^^^^^^^^^^^^^^
  File "/home/airflow/.local/lib/python3.12/site-packages/airflow/utils/operator_helpers.py", line 252, in run
    return self.func(*args, **kwargs)
           ^^^^^^^^^^^^^^^^^^^^^^^^^^
  File "/home/airflow/.local/lib/python3.12/site-packages/airflow/models/baseoperator.py", line 424, in wrapper
    return func(self, *args, **kwargs)
           ^^^^^^^^^^^^^^^^^^^^^^^^^^^
  File "/home/airflow/.local/lib/python3.12/site-packages/airflow/decorators/base.py", line 266, in execute
    return_value = super().execute(context)
                   ^^^^^^^^^^^^^^^^^^^^^^^^
  File "/home/airflow/.local/lib/python3.12/site-packages/airflow/models/baseoperator.py", line 424, in wrapper
    return func(self, *args, **kwargs)
           ^^^^^^^^^^^^^^^^^^^^^^^^^^^
  File "/home/airflow/.local/lib/python3.12/site-packages/airflow/operators/python.py", line 505, in execute
    return super().execute(context=serializable_context)
           ^^^^^^^^^^^^^^^^^^^^^^^^^^^^^^^^^^^^^^^^^^^^^
  File "/home/airflow/.local/lib/python3.12/site-packages/airflow/models/baseoperator.py", line 424, in wrapper
    return func(self, *args, **kwargs)
           ^^^^^^^^^^^^^^^^^^^^^^^^^^^
  File "/home/airflow/.local/lib/python3.12/site-packages/airflow/operators/python.py", line 238, in execute
    return_value = self.execute_callable()
                   ^^^^^^^^^^^^^^^^^^^^^^^
  File "/home/airflow/.local/lib/python3.12/site-packages/airflow/operators/python.py", line 870, in execute_callable
    result = self._execute_python_callable_in_subprocess(python_path)
             ^^^^^^^^^^^^^^^^^^^^^^^^^^^^^^^^^^^^^^^^^^^^^^^^^^^^^^^^
  File "/home/airflow/.local/lib/python3.12/site-packages/airflow/operators/python.py", line 588, in _execute_python_callable_in_subprocess
    raise AirflowException(error_msg) from None
airflow.exceptions.AirflowException: Process returned non-zero exit status 1.
taxi/taxi-data
[2025-12-18T19:43:39.091+0000] {taskinstance.py:1242} INFO - Marking task as FAILED. dag_id=transform_data, task_id=minio_to_postgresql, run_id=manual__2025-12-18T19:43:22.547422+00:00, execution_date=20251218T194322, start_date=20251218T194323, end_date=20251218T194339
[2025-12-18T19:43:39.119+0000] {taskinstance.py:349} INFO - ::group::Post task execution logs
[2025-12-18T19:43:39.120+0000] {standard_task_runner.py:124} ERROR - Failed to execute job 7 for task minio_to_postgresql (Process returned non-zero exit status 1.
taxi/taxi-data; 274)
Traceback (most recent call last):
  File "/home/airflow/.local/lib/python3.12/site-packages/airflow/task/task_runner/standard_task_runner.py", line 117, in _start_by_fork
    ret = args.func(args, dag=self.dag)
          ^^^^^^^^^^^^^^^^^^^^^^^^^^^^^
  File "/home/airflow/.local/lib/python3.12/site-packages/airflow/cli/cli_config.py", line 49, in command
    return func(*args, **kwargs)
           ^^^^^^^^^^^^^^^^^^^^^
  File "/home/airflow/.local/lib/python3.12/site-packages/airflow/utils/cli.py", line 116, in wrapper
    return f(*args, **kwargs)
           ^^^^^^^^^^^^^^^^^^
  File "/home/airflow/.local/lib/python3.12/site-packages/airflow/cli/commands/task_command.py", line 483, in task_run
    task_return_code = _run_task_by_selected_method(args, _dag, ti)
                       ^^^^^^^^^^^^^^^^^^^^^^^^^^^^^^^^^^^^^^^^^^^^
  File "/home/airflow/.local/lib/python3.12/site-packages/airflow/cli/commands/task_command.py", line 256, in _run_task_by_selected_method
    return _run_raw_task(args, ti)
           ^^^^^^^^^^^^^^^^^^^^^^^
  File "/home/airflow/.local/lib/python3.12/site-packages/airflow/cli/commands/task_command.py", line 341, in _run_raw_task
    return ti._run_raw_task(
           ^^^^^^^^^^^^^^^^^
  File "/home/airflow/.local/lib/python3.12/site-packages/airflow/utils/session.py", line 97, in wrapper
    return func(*args, session=session, **kwargs)
           ^^^^^^^^^^^^^^^^^^^^^^^^^^^^^^^^^^^^^^
  File "/home/airflow/.local/lib/python3.12/site-packages/airflow/models/taskinstance.py", line 3029, in _run_raw_task
    return _run_raw_task(
           ^^^^^^^^^^^^^^
  File "/home/airflow/.local/lib/python3.12/site-packages/airflow/models/taskinstance.py", line 282, in _run_raw_task
    TaskInstance._execute_task_with_callbacks(
  File "/home/airflow/.local/lib/python3.12/site-packages/airflow/models/taskinstance.py", line 3184, in _execute_task_with_callbacks
    result = self._execute_task(context, task_orig)
             ^^^^^^^^^^^^^^^^^^^^^^^^^^^^^^^^^^^^^^
  File "/home/airflow/.local/lib/python3.12/site-packages/airflow/models/taskinstance.py", line 3208, in _execute_task
    return _execute_task(self, context, task_orig)
           ^^^^^^^^^^^^^^^^^^^^^^^^^^^^^^^^^^^^^^^
  File "/home/airflow/.local/lib/python3.12/site-packages/airflow/models/taskinstance.py", line 776, in _execute_task
    result = _execute_callable(context=context, **execute_callable_kwargs)
             ^^^^^^^^^^^^^^^^^^^^^^^^^^^^^^^^^^^^^^^^^^^^^^^^^^^^^^^^^^^^^
  File "/home/airflow/.local/lib/python3.12/site-packages/airflow/models/taskinstance.py", line 742, in _execute_callable
    return ExecutionCallableRunner(
           ^^^^^^^^^^^^^^^^^^^^^^^^
  File "/home/airflow/.local/lib/python3.12/site-packages/airflow/utils/operator_helpers.py", line 252, in run
    return self.func(*args, **kwargs)
           ^^^^^^^^^^^^^^^^^^^^^^^^^^
  File "/home/airflow/.local/lib/python3.12/site-packages/airflow/models/baseoperator.py", line 424, in wrapper
    return func(self, *args, **kwargs)
           ^^^^^^^^^^^^^^^^^^^^^^^^^^^
  File "/home/airflow/.local/lib/python3.12/site-packages/airflow/decorators/base.py", line 266, in execute
    return_value = super().execute(context)
                   ^^^^^^^^^^^^^^^^^^^^^^^^
  File "/home/airflow/.local/lib/python3.12/site-packages/airflow/models/baseoperator.py", line 424, in wrapper
    return func(self, *args, **kwargs)
           ^^^^^^^^^^^^^^^^^^^^^^^^^^^
  File "/home/airflow/.local/lib/python3.12/site-packages/airflow/operators/python.py", line 505, in execute
    return super().execute(context=serializable_context)
           ^^^^^^^^^^^^^^^^^^^^^^^^^^^^^^^^^^^^^^^^^^^^^
  File "/home/airflow/.local/lib/python3.12/site-packages/airflow/models/baseoperator.py", line 424, in wrapper
    return func(self, *args, **kwargs)
           ^^^^^^^^^^^^^^^^^^^^^^^^^^^
  File "/home/airflow/.local/lib/python3.12/site-packages/airflow/operators/python.py", line 238, in execute
    return_value = self.execute_callable()
                   ^^^^^^^^^^^^^^^^^^^^^^^
  File "/home/airflow/.local/lib/python3.12/site-packages/airflow/operators/python.py", line 870, in execute_callable
    result = self._execute_python_callable_in_subprocess(python_path)
             ^^^^^^^^^^^^^^^^^^^^^^^^^^^^^^^^^^^^^^^^^^^^^^^^^^^^^^^^
  File "/home/airflow/.local/lib/python3.12/site-packages/airflow/operators/python.py", line 588, in _execute_python_callable_in_subprocess
    raise AirflowException(error_msg) from None
airflow.exceptions.AirflowException: Process returned non-zero exit status 1.
taxi/taxi-data
[2025-12-18T19:43:39.164+0000] {local_task_job_runner.py:266} INFO - Task exited with return code 1
[2025-12-18T19:43:39.185+0000] {taskinstance.py:3924} INFO - 0 downstream tasks scheduled from follow-on schedule check
[2025-12-18T19:43:39.187+0000] {local_task_job_runner.py:245} INFO - ::endgroup::
